stm32f4xx_it.c:80:6:NMI_Handler	4	static
stm32f4xx_it.c:95:6:HardFault_Handler	4	static
stm32f4xx_it.c:110:6:MemManage_Handler	4	static
stm32f4xx_it.c:125:6:BusFault_Handler	4	static
stm32f4xx_it.c:140:6:UsageFault_Handler	4	static
stm32f4xx_it.c:155:6:SVC_Handler	4	static
stm32f4xx_it.c:168:6:DebugMon_Handler	4	static
stm32f4xx_it.c:181:6:PendSV_Handler	4	static
stm32f4xx_it.c:194:6:SysTick_Handler	8	static
stm32f4xx_it.c:214:6:DMA1_Stream0_IRQHandler	8	static
stm32f4xx_it.c:228:6:DMA1_Stream2_IRQHandler	8	static
stm32f4xx_it.c:242:6:DMA1_Stream4_IRQHandler	8	static
stm32f4xx_it.c:256:6:DMA1_Stream6_IRQHandler	8	static
stm32f4xx_it.c:270:6:USART1_IRQHandler	8	static
stm32f4xx_it.c:284:6:UART4_IRQHandler	8	static
stm32f4xx_it.c:298:6:DMA2_Stream2_IRQHandler	8	static
stm32f4xx_it.c:312:6:DMA2_Stream7_IRQHandler	8	static
stm32f4xx_it.c:324:6:HAL_UART_TxCpltCallback	16	static
stm32f4xx_it.c:336:6:HAL_I2C_MemRxCpltCallback	16	static
