scheduler.c:37:6:SCHEDULER_init	8	static
scheduler.c:46:6:SCHEDULER_run	24	static
scheduler.c:90:6:SCHEDULER_task	16	static
scheduler.c:104:7:SCHEDULER_get_cpu_load	16	static
scheduler.c:119:6:SCHEDULER_enable_task	16	static
scheduler.c:136:6:SCHEDULER_task_set_mode	24	static,ignoring_inline_asm
scheduler.c:149:6:SCHEDULER_reschedule_task	24	static
scheduler.c:160:17:get_first_task	4	static
scheduler.c:170:17:get_next_task	4	static
scheduler.c:175:17:task_process	16	static
scheduler.c:226:15:queu_contains	24	static
scheduler.c:248:15:queu_add	24	static
scheduler.c:279:15:queu_remove	24	static
