Archive member included to satisfy reference by file (symbol)

c:/st/stm32cubeide_1.7.0/stm32cubeide/plugins/com.st.stm32cube.ide.mcu.externaltools.gnu-tools-for-stm32.9-2020-q2-update.win32_2.0.0.202105311346/tools/bin/../lib/gcc/arm-none-eabi/9.3.1/../../../../arm-none-eabi/lib/thumb/v7e-m+fp/hard\libc_nano.a(lib_a-errno.o)
                              ./Core/Src/syscalls.o (__errno)
c:/st/stm32cubeide_1.7.0/stm32cubeide/plugins/com.st.stm32cube.ide.mcu.externaltools.gnu-tools-for-stm32.9-2020-q2-update.win32_2.0.0.202105311346/tools/bin/../lib/gcc/arm-none-eabi/9.3.1/../../../../arm-none-eabi/lib/thumb/v7e-m+fp/hard\libc_nano.a(lib_a-exit.o)
                              c:/st/stm32cubeide_1.7.0/stm32cubeide/plugins/com.st.stm32cube.ide.mcu.externaltools.gnu-tools-for-stm32.9-2020-q2-update.win32_2.0.0.202105311346/tools/bin/../lib/gcc/arm-none-eabi/9.3.1/../../../../arm-none-eabi/lib/thumb/v7e-m+fp/hard/crt0.o (exit)
c:/st/stm32cubeide_1.7.0/stm32cubeide/plugins/com.st.stm32cube.ide.mcu.externaltools.gnu-tools-for-stm32.9-2020-q2-update.win32_2.0.0.202105311346/tools/bin/../lib/gcc/arm-none-eabi/9.3.1/../../../../arm-none-eabi/lib/thumb/v7e-m+fp/hard\libc_nano.a(lib_a-impure.o)
                              c:/st/stm32cubeide_1.7.0/stm32cubeide/plugins/com.st.stm32cube.ide.mcu.externaltools.gnu-tools-for-stm32.9-2020-q2-update.win32_2.0.0.202105311346/tools/bin/../lib/gcc/arm-none-eabi/9.3.1/../../../../arm-none-eabi/lib/thumb/v7e-m+fp/hard\libc_nano.a(lib_a-exit.o) (_global_impure_ptr)
c:/st/stm32cubeide_1.7.0/stm32cubeide/plugins/com.st.stm32cube.ide.mcu.externaltools.gnu-tools-for-stm32.9-2020-q2-update.win32_2.0.0.202105311346/tools/bin/../lib/gcc/arm-none-eabi/9.3.1/../../../../arm-none-eabi/lib/thumb/v7e-m+fp/hard\libc_nano.a(lib_a-init.o)
                              c:/st/stm32cubeide_1.7.0/stm32cubeide/plugins/com.st.stm32cube.ide.mcu.externaltools.gnu-tools-for-stm32.9-2020-q2-update.win32_2.0.0.202105311346/tools/bin/../lib/gcc/arm-none-eabi/9.3.1/../../../../arm-none-eabi/lib/thumb/v7e-m+fp/hard/crt0.o (__libc_init_array)
c:/st/stm32cubeide_1.7.0/stm32cubeide/plugins/com.st.stm32cube.ide.mcu.externaltools.gnu-tools-for-stm32.9-2020-q2-update.win32_2.0.0.202105311346/tools/bin/../lib/gcc/arm-none-eabi/9.3.1/../../../../arm-none-eabi/lib/thumb/v7e-m+fp/hard\libc_nano.a(lib_a-memcpy-stub.o)
                              ./Core/Data_Logger/Data_logger.o (memcpy)
c:/st/stm32cubeide_1.7.0/stm32cubeide/plugins/com.st.stm32cube.ide.mcu.externaltools.gnu-tools-for-stm32.9-2020-q2-update.win32_2.0.0.202105311346/tools/bin/../lib/gcc/arm-none-eabi/9.3.1/../../../../arm-none-eabi/lib/thumb/v7e-m+fp/hard\libc_nano.a(lib_a-memset.o)
                              c:/st/stm32cubeide_1.7.0/stm32cubeide/plugins/com.st.stm32cube.ide.mcu.externaltools.gnu-tools-for-stm32.9-2020-q2-update.win32_2.0.0.202105311346/tools/bin/../lib/gcc/arm-none-eabi/9.3.1/../../../../arm-none-eabi/lib/thumb/v7e-m+fp/hard/crt0.o (memset)
c:/st/stm32cubeide_1.7.0/stm32cubeide/plugins/com.st.stm32cube.ide.mcu.externaltools.gnu-tools-for-stm32.9-2020-q2-update.win32_2.0.0.202105311346/tools/bin/../lib/gcc/arm-none-eabi/9.3.1/../../../../arm-none-eabi/lib/thumb/v7e-m+fp/hard\libm.a(lib_a-sf_sin.o)
                              ./Core/Complementary_Filter/Complementary_Filter.o (sinf)
c:/st/stm32cubeide_1.7.0/stm32cubeide/plugins/com.st.stm32cube.ide.mcu.externaltools.gnu-tools-for-stm32.9-2020-q2-update.win32_2.0.0.202105311346/tools/bin/../lib/gcc/arm-none-eabi/9.3.1/../../../../arm-none-eabi/lib/thumb/v7e-m+fp/hard\libm.a(lib_a-wf_asin.o)
                              ./Core/Complementary_Filter/Complementary_Filter.o (asinf)
c:/st/stm32cubeide_1.7.0/stm32cubeide/plugins/com.st.stm32cube.ide.mcu.externaltools.gnu-tools-for-stm32.9-2020-q2-update.win32_2.0.0.202105311346/tools/bin/../lib/gcc/arm-none-eabi/9.3.1/../../../../arm-none-eabi/lib/thumb/v7e-m+fp/hard\libm.a(lib_a-wf_sqrt.o)
                              ./Core/Complementary_Filter/Complementary_Filter.o (sqrtf)
c:/st/stm32cubeide_1.7.0/stm32cubeide/plugins/com.st.stm32cube.ide.mcu.externaltools.gnu-tools-for-stm32.9-2020-q2-update.win32_2.0.0.202105311346/tools/bin/../lib/gcc/arm-none-eabi/9.3.1/../../../../arm-none-eabi/lib/thumb/v7e-m+fp/hard\libm.a(lib_a-ef_asin.o)
                              c:/st/stm32cubeide_1.7.0/stm32cubeide/plugins/com.st.stm32cube.ide.mcu.externaltools.gnu-tools-for-stm32.9-2020-q2-update.win32_2.0.0.202105311346/tools/bin/../lib/gcc/arm-none-eabi/9.3.1/../../../../arm-none-eabi/lib/thumb/v7e-m+fp/hard\libm.a(lib_a-wf_asin.o) (__ieee754_asinf)
c:/st/stm32cubeide_1.7.0/stm32cubeide/plugins/com.st.stm32cube.ide.mcu.externaltools.gnu-tools-for-stm32.9-2020-q2-update.win32_2.0.0.202105311346/tools/bin/../lib/gcc/arm-none-eabi/9.3.1/../../../../arm-none-eabi/lib/thumb/v7e-m+fp/hard\libm.a(lib_a-ef_rem_pio2.o)
[...]
Memory Configuration

Name             Origin             Length             Attributes
CCMRAM           0x0000000010000000 0x0000000000010000 xrw
RAM              0x0000000020000000 0x0000000000020000 xrw
FLASH            0x0000000008000000 0x0000000000100000 xr
*default*        0x0000000000000000 0xffffffffffffffff

Linker script and memory map

LOAD c:/st/stm32cubeide_1.7.0/stm32cubeide/plugins/com.st.stm32cube.ide.mcu.externaltools.gnu-tools-for-stm32.9-2020-q2-update.win32_2.0.0.202105311346/tools/bin/../lib/gcc/arm-none-eabi/9.3.1/thumb/v7e-m+fp/hard/crti.o
LOAD c:/st/stm32cubeide_1.7.0/stm32cubeide/plugins/com.st.stm32cube.ide.mcu.externaltools.gnu-tools-for-stm32.9-2020-q2-update.win32_2.0.0.202105311346/tools/bin/../lib/gcc/arm-none-eabi/9.3.1/thumb/v7e-m+fp/hard/crtbegin.o
LOAD c:/st/stm32cubeide_1.7.0/stm32cubeide/plugins/com.st.stm32cube.ide.mcu.externaltools.gnu-tools-for-stm32.9-2020-q2-update.win32_2.0.0.202105311346/tools/bin/../lib/gcc/arm-none-eabi/9.3.1/../../../../arm-none-eabi/lib/thumb/v7e-m+fp/hard/crt0.o
LOAD ./Core/Complementary_Filter/Complementary_Filter.o
LOAD ./Core/Controller/Controller.o
LOAD ./Core/Data_Logger/Data_logger.o
LOAD ./Core/High_Level/High_Level.o
LOAD ./Core/Motor_Mixer/Motor_Mixer.o
LOAD ./Core/Motors/Motors.o
LOAD ./Core/Peripherals/I2c.o
LOAD ./Core/Peripherals/Timer.o
LOAD ./Core/Peripherals/Uart.o
LOAD ./Core/Radio/Ibus.o
LOAD ./Core/Radio/Radio.o
LOAD ./Core/Sensors/Mpu.o
LOAD ./Core/Src/dma.o
LOAD ./Core/Src/gpio.o
LOAD ./Core/Src/i2c.o
LOAD ./Core/Src/main.o
LOAD ./Core/Src/stm32f4xx_hal_msp.o
LOAD ./Core/Src/stm32f4xx_it.o
LOAD ./Core/Src/syscalls.o
LOAD ./Core/Src/sysmem.o
LOAD ./Core/Src/system_stm32f4xx.o
LOAD ./Core/Src/tim.o
LOAD ./Core/Src/usart.o
LOAD ./Core/Startup/startup_stm32f405rgtx.o
LOAD ./Core/Task_Manager/Task_Manager.o
LOAD ./Core/Task_Manager/time.o
LOAD ./Drivers/STM32F4xx_HAL_Driver/Src/stm32f4xx_hal.o
LOAD ./Drivers/STM32F4xx_HAL_Driver/Src/stm32f4xx_hal_cortex.o
LOAD ./Drivers/STM32F4xx_HAL_Driver/Src/stm32f4xx_hal_dma.o
LOAD ./Drivers/STM32F4xx_HAL_Driver/Src/stm32f4xx_hal_dma_ex.o
LOAD ./Drivers/STM32F4xx_HAL_Driver/Src/stm32f4xx_hal_exti.o
LOAD ./Drivers/STM32F4xx_HAL_Driver/Src/stm32f4xx_hal_flash.o
LOAD ./Drivers/STM32F4xx_HAL_Driver/Src/stm32f4xx_hal_flash_ex.o
LOAD ./Drivers/STM32F4xx_HAL_Driver/Src/stm32f4xx_hal_flash_ramfunc.o
LOAD ./Drivers/STM32F4xx_HAL_Driver/Src/stm32f4xx_hal_gpio.o
LOAD ./Drivers/STM32F4xx_HAL_Driver/Src/stm32f4xx_hal_i2c.o
LOAD ./Drivers/STM32F4xx_HAL_Driver/Src/stm32f4xx_hal_i2c_ex.o
LOAD ./Drivers/STM32F4xx_HAL_Driver/Src/stm32f4xx_hal_pwr.o
LOAD ./Drivers/STM32F4xx_HAL_Driver/Src/stm32f4xx_hal_pwr_ex.o
LOAD ./Drivers/STM32F4xx_HAL_Driver/Src/stm32f4xx_hal_rcc.o
LOAD ./Drivers/STM32F4xx_HAL_Driver/Src/stm32f4xx_hal_rcc_ex.o
LOAD ./Drivers/STM32F4xx_HAL_Driver/Src/stm32f4xx_hal_tim.o
LOAD ./Drivers/STM32F4xx_HAL_Driver/Src/stm32f4xx_hal_tim_ex.o
LOAD ./Drivers/STM32F4xx_HAL_Driver/Src/stm32f4xx_hal_uart.o
START GROUP
LOAD c:/st/stm32cubeide_1.7.0/stm32cubeide/plugins/com.st.stm32cube.ide.mcu.externaltools.gnu-tools-for-stm32.9-2020-q2-update.win32_2.0.0.202105311346/tools/bin/../lib/gcc/arm-none-eabi/9.3.1/../../../../arm-none-eabi/lib/thumb/v7e-m+fp/hard\libc_nano.a
LOAD c:/st/stm32cubeide_1.7.0/stm32cubeide/plugins/com.st.stm32cube.ide.mcu.externaltools.gnu-tools-for-stm32.9-2020-q2-update.win32_2.0.0.202105311346/tools/bin/../lib/gcc/arm-none-eabi/9.3.1/../../../../arm-none-eabi/lib/thumb/v7e-m+fp/hard\libm.a
END GROUP
START GROUP
LOAD c:/st/stm32cubeide_1.7.0/stm32cubeide/plugins/com.st.stm32cube.ide.mcu.externaltools.gnu-tools-for-stm32.9-2020-q2-update.win32_2.0.0.202105311346/tools/bin/../lib/gcc/arm-none-eabi/9.3.1/thumb/v7e-m+fp/hard\libgcc.a
LOAD c:/st/stm32cubeide_1.7.0/stm32cubeide/plugins/com.st.stm32cube.ide.mcu.externaltools.gnu-tools-for-stm32.9-2020-q2-update.win32_2.0.0.202105311346/tools/bin/../lib/gcc/arm-none-eabi/9.3.1/../../../../arm-none-eabi/lib/thumb/v7e-m+fp/hard\libc_nano.a
END GROUP
START GROUP
LOAD c:/st/stm32cubeide_1.7.0/stm32cubeide/plugins/com.st.stm32cube.ide.mcu.externaltools.gnu-tools-for-stm32.9-2020-q2-update.win32_2.0.0.202105311346/tools/bin/../lib/gcc/arm-none-eabi/9.3.1/thumb/v7e-m+fp/hard\libgcc.a
LOAD c:/st/stm32cubeide_1.7.0/stm32cubeide/plugins/com.st.stm32cube.ide.mcu.externaltools.gnu-tools-for-stm32.9-2020-q2-update.win32_2.0.0.202105311346/tools/bin/../lib/gcc/arm-none-eabi/9.3.1/../../../../arm-none-eabi/lib/thumb/v7e-m+fp/hard\libc_nano.a
LOAD c:/st/stm32cubeide_1.7.0/stm32cubeide/plugins/com.st.stm32cube.ide.mcu.externaltools.gnu-tools-for-stm32.9-2020-q2-update.win32_2.0.0.202105311346/tools/bin/../lib/gcc/arm-none-eabi/9.3.1/../../../../arm-none-eabi/lib/thumb/v7e-m+fp/hard\libnosys.a
END GROUP
START GROUP
LOAD c:/st/stm32cubeide_1.7.0/stm32cubeide/plugins/com.st.stm32cube.ide.mcu.externaltools.gnu-tools-for-stm32.9-2020-q2-update.win32_2.0.0.202105311346/tools/bin/../lib/gcc/arm-none-eabi/9.3.1/thumb/v7e-m+fp/hard\libgcc.a
LOAD c:/st/stm32cubeide_1.7.0/stm32cubeide/plugins/com.st.stm32cube.ide.mcu.externaltools.gnu-tools-for-stm32.9-2020-q2-update.win32_2.0.0.202105311346/tools/bin/../lib/gcc/arm-none-eabi/9.3.1/../../../../arm-none-eabi/lib/thumb/v7e-m+fp/hard\libc_nano.a
LOAD c:/st/stm32cubeide_1.7.0/stm32cubeide/plugins/com.st.stm32cube.ide.mcu.externaltools.gnu-tools-for-stm32.9-2020-q2-update.win32_2.0.0.202105311346/tools/bin/../lib/gcc/arm-none-eabi/9.3.1/../../../../arm-none-eabi/lib/thumb/v7e-m+fp/hard\libnosys.a
END GROUP
LOAD c:/st/stm32cubeide_1.7.0/stm32cubeide/plugins/com.st.stm32cube.ide.mcu.externaltools.gnu-tools-for-stm32.9-2020-q2-update.win32_2.0.0.202105311346/tools/bin/../lib/gcc/arm-none-eabi/9.3.1/thumb/v7e-m+fp/hard/crtend.o
LOAD c:/st/stm32cubeide_1.7.0/stm32cubeide/plugins/com.st.stm32cube.ide.mcu.externaltools.gnu-tools-for-stm32.9-2020-q2-update.win32_2.0.0.202105311346/tools/bin/../lib/gcc/arm-none-eabi/9.3.1/thumb/v7e-m+fp/hard/crtn.o
                0x0000000020020000                _estack = (ORIGIN (RAM) + LENGTH (RAM))
                0x0000000000000200                _Min_Heap_Size = 0x200
                0x0000000000000400                _Min_Stack_Size = 0x400

.isr_vector     0x0000000008000000      0x188
                0x0000000008000000                . = ALIGN (0x4)
 *(.isr_vector)
 .isr_vector    0x0000000008000000      0x188 ./Core/Startup/startup_stm32f405rgtx.o
                0x0000000008000000                g_pfnVectors
                0x0000000008000188                . = ALIGN (0x4)

.text           0x0000000008000188     0x8844
                0x0000000008000188                . = ALIGN (0x4)
 *(.text)
 .text          0x0000000008000188       0x40 c:/st/stm32cubeide_1.7.0/stm32cubeide/plugins/com.st.stm32cube.ide.mcu.externaltools.gnu-tools-for-stm32.9-2020-q2-update.win32_2.0.0.202105311346/tools/bin/../lib/gcc/arm-none-eabi/9.3.1/thumb/v7e-m+fp/hard/crtbegin.o
 .text          0x00000000080001c8       0x30 c:/st/stm32cubeide_1.7.0/stm32cubeide/plugins/com.st.stm32cube.ide.mcu.externaltools.gnu-tools-for-stm32.9-2020-q2-update.win32_2.0.0.202105311346/tools/bin/../lib/gcc/arm-none-eabi/9.3.1/thumb/v7e-m+fp/hard\libgcc.a(_aeabi_uldivmod.o)
                0x00000000080001c8                __aeabi_uldivmod
 .text          0x00000000080001f8      0x2c4 c:/st/stm32cubeide_1.7.0/stm32cubeide/plugins/com.st.stm32cube.ide.mcu.externaltools.gnu-tools-for-stm32.9-2020-q2-update.win32_2.0.0.202105311346/tools/bin/../lib/gcc/arm-none-eabi/9.3.1/thumb/v7e-m+fp/hard\libgcc.a(_udivmoddi4.o)
                0x00000000080001f8                __udivmoddi4
 .text          0x00000000080004bc        0x4 c:/st/stm32cubeide_1.7.0/stm32cubeide/plugins/com.st.stm32cube.ide.mcu.externaltools.gnu-tools-for-stm32.9-2020-q2-update.win32_2.0.0.202105311346/tools/bin/../lib/gcc/arm-none-eabi/9.3.1/thumb/v7e-m+fp/hard\libgcc.a(_dvmd_tls.o)
                0x00000000080004bc                __aeabi_idiv0
                0x00000000080004bc                __aeabi_ldiv0
 *(.text*)
 .text.COMPLEMENTARY_FILTER_Init
                0x00000000080004c0       0x3c ./Core/Complementary_Filter/Complementary_Filter.o
                0x00000000080004c0                COMPLEMENTARY_FILTER_Init
 .text.COMPLEMENTARY_FILTER_Process
                0x00000000080004fc      0x2d8 ./Core/Complementary_Filter/Complementary_Filter.o
                0x00000000080004fc                COMPLEMENTARY_FILTER_Process
 .text.COMPLEMENTARY_FILTER_Get_Filter
                0x00000000080007d4       0x14 ./Core/Complementary_Filter/Complementary_Filter.o
                0x00000000080007d4                COMPLEMENTARY_FILTER_Get_Filter
 .text.angle_180
                0x00000000080007e8       0x74 ./Core/Complementary_Filter/Complementary_Filter.o
 .text.CONTROLLER_Init
                0x000000000800085c       0x38 ./Core/Controller/Controller.o
                0x000000000800085c                CONTROLLER_Init
 .text.CONTROLLER_Process
                0x0000000008000894      0x160 ./Core/Controller/Controller.o
                0x0000000008000894                CONTROLLER_Process
 .text.CONTROLLER_Set_State
                0x00000000080009f4       0x24 ./Core/Controller/Controller.o
                0x00000000080009f4                CONTROLLER_Set_State
 .text.CONTROLLER_Get_Angle_Target
                0x0000000008000a18       0x14 ./Core/Controller/Controller.o
                0x0000000008000a18                CONTROLLER_Get_Angle_Target
 .text.CONTROLLER_Get_Angle_Speed_Target
                0x0000000008000a2c       0x14 ./Core/Controller/Controller.o
                0x0000000008000a2c                CONTROLLER_Get_Angle_Speed_Target
 .text.DATA_LOGGER_Init
                0x0000000008000a40       0xc8 ./Core/Data_Logger/Data_logger.o
                0x0000000008000a40                DATA_LOGGER_Init
 .text.DATA_LOGGER_Start
                0x0000000008000b08       0x18 ./Core/Data_Logger/Data_logger.o
                0x0000000008000b08                DATA_LOGGER_Start
 .text.DATA_LOGGER_Stop
                0x0000000008000b20       0x18 ./Core/Data_Logger/Data_logger.o
                0x0000000008000b20                DATA_LOGGER_Stop
 .text.DATA_LOGGER_Main
                0x0000000008000b38       0x10 ./Core/Data_Logger/Data_logger.o
                0x0000000008000b38                DATA_LOGGER_Main
 .text.DATA_LOGGER_Reception
                0x0000000008000b48      0x174 ./Core/Data_Logger/Data_logger.o
                0x0000000008000b48                DATA_LOGGER_Reception
 .text.DATA_LOGGER_Get_Data_Value
                0x0000000008000cbc      0x26c ./Core/Data_Logger/Data_logger.o
                0x0000000008000cbc                DATA_LOGGER_Get_Data_Value
 .text.DATA_LOGGER_Get_Data_Config
                0x0000000008000f28       0xc0 ./Core/Data_Logger/Data_logger.o
                0x0000000008000f28                DATA_LOGGER_Get_Data_Config
 .text.DATA_LOGGER_Get_Data
                0x0000000008000fe8       0x28 ./Core/Data_Logger/Data_logger.o
                0x0000000008000fe8                DATA_LOGGER_Get_Data
 .text.push_data_to_uart
                0x0000000008001010       0x90 ./Core/Data_Logger/Data_logger.o
 .text.state_machine
                0x00000000080010a0      0x224 ./Core/Data_Logger/Data_logger.o
 .text.parse_uart
                0x00000000080012c4      0x10c ./Core/Data_Logger/Data_logger.o
 .text.HIGH_LEVEL_Init
                0x00000000080013d0       0x38 ./Core/High_Level/High_Level.o
                0x00000000080013d0                HIGH_LEVEL_Init
 .text.HIGH_LEVEL_Process_Main
                0x0000000008001408      0x230 ./Core/High_Level/High_Level.o
                0x0000000008001408                HIGH_LEVEL_Process_Main
 .text.MOTOR_MIXER_Process
                0x0000000008001638       0xc0 ./Core/Motor_Mixer/Motor_Mixer.o
                0x0000000008001638                MOTOR_MIXER_Process
 .text.MOTOR_MIXER_Get_Angle_Input_Ptr
                0x00000000080016f8       0x14 ./Core/Motor_Mixer/Motor_Mixer.o
                0x00000000080016f8                MOTOR_MIXER_Get_Angle_Input_Ptr
 .text.MOTOR_MIXER_Get_Power_Input_Ptr
                0x000000000800170c       0x14 ./Core/Motor_Mixer/Motor_Mixer.o
                0x000000000800170c                MOTOR_MIXER_Get_Power_Input_Ptr
 .text.MOTOR_Init
                0x0000000008001720        0xe ./Core/Motors/Motors.o
                0x0000000008001720                MOTOR_Init
 *fill*         0x000000000800172e        0x2 
 .text.MOTOR_Process
                0x0000000008001730       0x80 ./Core/Motors/Motors.o
                0x0000000008001730                MOTOR_Process
 .text.MOTOR_Set
                0x00000000080017b0      0x264 ./Core/Motors/Motors.o
                0x00000000080017b0                MOTOR_Set
 .text.I2C_Mem_Write
                0x0000000008001a14       0x48 ./Core/Peripherals/I2c.o
                0x0000000008001a14                I2C_Mem_Write
 .text.I2C_Mem_Read
                0x0000000008001a5c       0x48 ./Core/Peripherals/I2c.o
                0x0000000008001a5c                I2C_Mem_Read
 .text.TIMER_Start_All_Channels
                0x0000000008001aa4       0x58 ./Core/Peripherals/Timer.o
                0x0000000008001aa4                TIMER_Start_All_Channels
 .text.TIMER_Stop_All_Channels
                0x0000000008001afc       0x58 ./Core/Peripherals/Timer.o
                0x0000000008001afc                TIMER_Stop_All_Channels
 .text.TIMER_Set_All_CCR
                0x0000000008001b54       0x6c ./Core/Peripherals/Timer.o
                0x0000000008001b54                TIMER_Set_All_CCR
 .text.UART_Idle_Line_Callback
                0x0000000008001bc0       0x9c ./Core/Peripherals/Uart.o
                0x0000000008001bc0                UART_Idle_Line_Callback
 .text.UART_Transfer_Complete_Callback
                0x0000000008001c5c      0x148 ./Core/Peripherals/Uart.o
                0x0000000008001c5c                UART_Transfer_Complete_Callback
 .text.UART_Availables
                0x0000000008001da4       0x1c ./Core/Peripherals/Uart.o
                0x0000000008001da4                UART_Availables
 .text.UART_Get
                0x0000000008001dc0       0x94 ./Core/Peripherals/Uart.o
                0x0000000008001dc0                UART_Get
 .text.UART_Init
                0x0000000008001e54       0x98 ./Core/Peripherals/Uart.o
                0x0000000008001e54                UART_Init
 .text.UART_Transmit
                0x0000000008001eec      0x168 ./Core/Peripherals/Uart.o
                0x0000000008001eec                UART_Transmit
 .text.get_nb_bytes_available
                0x0000000008002054       0xe0 ./Core/Peripherals/Uart.o
                0x0000000008002054                get_nb_bytes_available
 .text.IBUS_Init
                0x0000000008002134       0x20 ./Core/Radio/Ibus.o
                0x0000000008002134                IBUS_Init
 .text.IBUS_Process
                0x0000000008002154      0x150 ./Core/Radio/Ibus.o
                0x0000000008002154                IBUS_Process
 .text.check_sum_f
                0x00000000080022a4       0x3c ./Core/Radio/Ibus.o
                0x00000000080022a4                check_sum_f
 .text.RADIO_Process_Init
                0x00000000080022e0       0x14 ./Core/Radio/Radio.o
                0x00000000080022e0                RADIO_Process_Init
 .text.RADIO_Process_Main
                0x00000000080022f4       0x40 ./Core/Radio/Radio.o
                0x00000000080022f4                RADIO_Process_Main
 .text.RADIO_Get_Channel
                0x0000000008002334       0x14 ./Core/Radio/Radio.o
                0x0000000008002334                RADIO_Get_Channel
 .text.MPU_Init
                0x0000000008002348      0x178 ./Core/Sensors/Mpu.o
                0x0000000008002348                MPU_Init
 .text.MPU_Get_Gyro_Ptr
                0x00000000080024c0       0x14 ./Core/Sensors/Mpu.o
                0x00000000080024c0                MPU_Get_Gyro_Ptr
 .text.MPU_Get_Acc_Ptr
                0x00000000080024d4       0x14 ./Core/Sensors/Mpu.o
                0x00000000080024d4                MPU_Get_Acc_Ptr
 .text.MPU_Read_All
                0x00000000080024e8       0x44 ./Core/Sensors/Mpu.o
                0x00000000080024e8                MPU_Read_All
 .text.MPU_Convert_Acc_Data
                0x000000000800252c       0xa8 ./Core/Sensors/Mpu.o
                0x000000000800252c                MPU_Convert_Acc_Data
 .text.MPU_Convert_Gyro_Data
                0x00000000080025d4       0xa8 ./Core/Sensors/Mpu.o
                0x00000000080025d4                MPU_Convert_Gyro_Data
 .text.MX_DMA_Init
                0x000000000800267c       0xac ./Core/Src/dma.o
                0x000000000800267c                MX_DMA_Init
 .text.MX_GPIO_Init
                0x0000000008002728       0xa4 ./Core/Src/gpio.o
                0x0000000008002728                MX_GPIO_Init
 .text.MX_I2C1_Init
                0x00000000080027cc       0x5c ./Core/Src/i2c.o
                0x00000000080027cc                MX_I2C1_Init
 .text.HAL_I2C_MspInit
                0x0000000008002828      0x15c ./Core/Src/i2c.o
                0x0000000008002828                HAL_I2C_MspInit
 .text.main     0x0000000008002984       0xf4 ./Core/Src/main.o
                0x0000000008002984                main
 .text.SystemClock_Config
                0x0000000008002a78       0xd4 ./Core/Src/main.o
                0x0000000008002a78                SystemClock_Config
 .text.Error_Handler
                0x0000000008002b4c        0xa ./Core/Src/main.o
                0x0000000008002b4c                Error_Handler
 *fill*         0x0000000008002b56        0x2 
 .text.HAL_MspInit
                0x0000000008002b58       0x50 ./Core/Src/stm32f4xx_hal_msp.o
                0x0000000008002b58                HAL_MspInit
 .text.NMI_Handler
                0x0000000008002ba8        0x6 ./Core/Src/stm32f4xx_it.o
                0x0000000008002ba8                NMI_Handler
 .text.HardFault_Handler
                0x0000000008002bae        0x6 ./Core/Src/stm32f4xx_it.o
                0x0000000008002bae                HardFault_Handler
 .text.MemManage_Handler
                0x0000000008002bb4        0x6 ./Core/Src/stm32f4xx_it.o
                0x0000000008002bb4                MemManage_Handler
 .text.BusFault_Handler
                0x0000000008002bba        0x6 ./Core/Src/stm32f4xx_it.o
                0x0000000008002bba                BusFault_Handler
 .text.UsageFault_Handler
                0x0000000008002bc0        0x6 ./Core/Src/stm32f4xx_it.o
                0x0000000008002bc0                UsageFault_Handler
 .text.SVC_Handler
                0x0000000008002bc6        0xe ./Core/Src/stm32f4xx_it.o
                0x0000000008002bc6                SVC_Handler
 .text.DebugMon_Handler
                0x0000000008002bd4        0xe ./Core/Src/stm32f4xx_it.o
                0x0000000008002bd4                DebugMon_Handler
 .text.PendSV_Handler
                0x0000000008002be2        0xe ./Core/Src/stm32f4xx_it.o
                0x0000000008002be2                PendSV_Handler
 .text.SysTick_Handler
                0x0000000008002bf0       0x10 ./Core/Src/stm32f4xx_it.o
                0x0000000008002bf0                SysTick_Handler
 .text.DMA1_Stream0_IRQHandler
                0x0000000008002c00       0x14 ./Core/Src/stm32f4xx_it.o
                0x0000000008002c00                DMA1_Stream0_IRQHandler
 .text.DMA1_Stream2_IRQHandler
                0x0000000008002c14       0x14 ./Core/Src/stm32f4xx_it.o
                0x0000000008002c14                DMA1_Stream2_IRQHandler
 .text.DMA1_Stream4_IRQHandler
                0x0000000008002c28       0x14 ./Core/Src/stm32f4xx_it.o
                0x0000000008002c28                DMA1_Stream4_IRQHandler
 .text.DMA1_Stream6_IRQHandler
                0x0000000008002c3c       0x14 ./Core/Src/stm32f4xx_it.o
                0x0000000008002c3c                DMA1_Stream6_IRQHandler
 .text.USART1_IRQHandler
                0x0000000008002c50       0x18 ./Core/Src/stm32f4xx_it.o
                0x0000000008002c50                USART1_IRQHandler
 .text.UART4_IRQHandler
                0x0000000008002c68       0x18 ./Core/Src/stm32f4xx_it.o
                0x0000000008002c68                UART4_IRQHandler
 .text.DMA2_Stream2_IRQHandler
                0x0000000008002c80       0x14 ./Core/Src/stm32f4xx_it.o
                0x0000000008002c80                DMA2_Stream2_IRQHandler
 .text.DMA2_Stream7_IRQHandler
                0x0000000008002c94       0x14 ./Core/Src/stm32f4xx_it.o
                0x0000000008002c94                DMA2_Stream7_IRQHandler
 .text.HAL_UART_TxCpltCallback
                0x0000000008002ca8       0x38 ./Core/Src/stm32f4xx_it.o
                0x0000000008002ca8                HAL_UART_TxCpltCallback
 .text.SystemInit
                0x0000000008002ce0       0x24 ./Core/Src/system_stm32f4xx.o
                0x0000000008002ce0                SystemInit
 .text.MX_TIM3_Init
                0x0000000008002d04      0x130 ./Core/Src/tim.o
                0x0000000008002d04                MX_TIM3_Init
 .text.HAL_TIM_Base_MspInit
                0x0000000008002e34       0x44 ./Core/Src/tim.o
                0x0000000008002e34                HAL_TIM_Base_MspInit
 .text.HAL_TIM_MspPostInit
                0x0000000008002e78       0xb4 ./Core/Src/tim.o
                0x0000000008002e78                HAL_TIM_MspPostInit
 .text.MX_UART4_Init
                0x0000000008002f2c       0x54 ./Core/Src/usart.o
                0x0000000008002f2c                MX_UART4_Init
 .text.MX_USART1_UART_Init
                0x0000000008002f80       0x54 ./Core/Src/usart.o
                0x0000000008002f80                MX_USART1_UART_Init
 .text.HAL_UART_MspInit
                0x0000000008002fd4      0x2b4 ./Core/Src/usart.o
                0x0000000008002fd4                HAL_UART_MspInit
 .text.Reset_Handler
                0x0000000008003288       0x50 ./Core/Startup/startup_stm32f405rgtx.o
                0x0000000008003288                Reset_Handler
 .text.Default_Handler
                0x00000000080032d8        0x2 ./Core/Startup/startup_stm32f405rgtx.o
                0x00000000080032d8                RTC_Alarm_IRQHandler
                0x00000000080032d8                HASH_RNG_IRQHandler
                0x00000000080032d8                EXTI2_IRQHandler
                0x00000000080032d8                TIM8_CC_IRQHandler
                0x00000000080032d8                TIM1_CC_IRQHandler
                0x00000000080032d8                DMA2_Stream5_IRQHandler
                0x00000000080032d8                DMA1_Stream5_IRQHandler
                0x00000000080032d8                PVD_IRQHandler
                0x00000000080032d8                SDIO_IRQHandler
                0x00000000080032d8                TAMP_STAMP_IRQHandler
                0x00000000080032d8                CAN2_RX1_IRQHandler
                0x00000000080032d8                EXTI3_IRQHandler
                0x00000000080032d8                TIM8_TRG_COM_TIM14_IRQHandler
                0x00000000080032d8                TIM1_UP_TIM10_IRQHandler
                0x00000000080032d8                TIM8_UP_TIM13_IRQHandler
                0x00000000080032d8                I2C3_ER_IRQHandler
                0x00000000080032d8                EXTI0_IRQHandler
                0x00000000080032d8                I2C2_EV_IRQHandler
                0x00000000080032d8                CAN1_RX0_IRQHandler
                0x00000000080032d8                FPU_IRQHandler
                0x00000000080032d8                OTG_HS_WKUP_IRQHandler
                0x00000000080032d8                CAN2_SCE_IRQHandler
                0x00000000080032d8                SPI1_IRQHandler
                0x00000000080032d8                TIM6_DAC_IRQHandler
                0x00000000080032d8                TIM1_BRK_TIM9_IRQHandler
                0x00000000080032d8                CAN2_RX0_IRQHandler
                0x00000000080032d8                DMA2_Stream3_IRQHandler
                0x00000000080032d8                USART6_IRQHandler
                0x00000000080032d8                USART3_IRQHandler
                0x00000000080032d8                CAN1_RX1_IRQHandler
                0x00000000080032d8                UART5_IRQHandler
                0x00000000080032d8                DMA2_Stream0_IRQHandler
                0x00000000080032d8                TIM4_IRQHandler
                0x00000000080032d8                I2C1_EV_IRQHandler
                0x00000000080032d8                DMA1_Stream1_IRQHandler
                0x00000000080032d8                TIM3_IRQHandler
                0x00000000080032d8                RCC_IRQHandler
                0x00000000080032d8                TIM8_BRK_TIM12_IRQHandler
                0x00000000080032d8                Default_Handler
                0x00000000080032d8                EXTI15_10_IRQHandler
                0x00000000080032d8                ADC_IRQHandler
                0x00000000080032d8                DMA1_Stream7_IRQHandler
                0x00000000080032d8                TIM7_IRQHandler
                0x00000000080032d8                CAN2_TX_IRQHandler
                0x00000000080032d8                TIM5_IRQHandler
                0x00000000080032d8                I2C3_EV_IRQHandler
                0x00000000080032d8                EXTI9_5_IRQHandler
                0x00000000080032d8                RTC_WKUP_IRQHandler
                0x00000000080032d8                SPI2_IRQHandler
                0x00000000080032d8                OTG_HS_EP1_IN_IRQHandler
                0x00000000080032d8                CAN1_TX_IRQHandler
                0x00000000080032d8                EXTI4_IRQHandler
                0x00000000080032d8                FSMC_IRQHandler
                0x00000000080032d8                OTG_HS_EP1_OUT_IRQHandler
                0x00000000080032d8                WWDG_IRQHandler
                0x00000000080032d8                TIM2_IRQHandler
                0x00000000080032d8                OTG_FS_WKUP_IRQHandler
                0x00000000080032d8                TIM1_TRG_COM_TIM11_IRQHandler
                0x00000000080032d8                OTG_HS_IRQHandler
                0x00000000080032d8                EXTI1_IRQHandler
                0x00000000080032d8                USART2_IRQHandler
                0x00000000080032d8                I2C2_ER_IRQHandler
                0x00000000080032d8                DMA2_Stream1_IRQHandler
                0x00000000080032d8                CAN1_SCE_IRQHandler
                0x00000000080032d8                FLASH_IRQHandler
                0x00000000080032d8                DMA2_Stream4_IRQHandler
                0x00000000080032d8                OTG_FS_IRQHandler
                0x00000000080032d8                SPI3_IRQHandler
                0x00000000080032d8                I2C1_ER_IRQHandler
                0x00000000080032d8                DMA2_Stream6_IRQHandler
                0x00000000080032d8                DMA1_Stream3_IRQHandler
 *fill*         0x00000000080032da        0x2 
 .text.TASK_MANAGER_Init
                0x00000000080032dc       0x60 ./Core/Task_Manager/Task_Manager.o
                0x00000000080032dc                TASK_MANAGER_Init
 .text.TASK_MANAGER_Main
                0x000000000800333c       0x58 ./Core/Task_Manager/Task_Manager.o
                0x000000000800333c                TASK_MANAGER_Main
 .text.TASK_MANAGER_It_ms
                0x0000000008003394       0x64 ./Core/Task_Manager/Task_Manager.o
                0x0000000008003394                TASK_MANAGER_It_ms
 .text.TASK_MANAGER_Add_Task
                0x00000000080033f8       0xac ./Core/Task_Manager/Task_Manager.o
                0x00000000080033f8                TASK_MANAGER_Add_Task
 .text.HAL_Init
                0x00000000080034a4       0x44 ./Drivers/STM32F4xx_HAL_Driver/Src/stm32f4xx_hal.o
                0x00000000080034a4                HAL_Init
 .text.HAL_InitTick
                0x00000000080034e8       0x60 ./Drivers/STM32F4xx_HAL_Driver/Src/stm32f4xx_hal.o
                0x00000000080034e8                HAL_InitTick
 .text.HAL_IncTick
                0x0000000008003548       0x28 ./Drivers/STM32F4xx_HAL_Driver/Src/stm32f4xx_hal.o
                0x0000000008003548                HAL_IncTick
 .text.HAL_GetTick
                0x0000000008003570       0x18 ./Drivers/STM32F4xx_HAL_Driver/Src/stm32f4xx_hal.o
                0x0000000008003570                HAL_GetTick
 .text.HAL_Delay
                0x0000000008003588       0x48 ./Drivers/STM32F4xx_HAL_Driver/Src/stm32f4xx_hal.o
                0x0000000008003588                HAL_Delay
 .text.__NVIC_SetPriorityGrouping
                0x00000000080035d0       0x48 ./Drivers/STM32F4xx_HAL_Driver/Src/stm32f4xx_hal_cortex.o
 .text.__NVIC_GetPriorityGrouping
                0x0000000008003618       0x1c ./Drivers/STM32F4xx_HAL_Driver/Src/stm32f4xx_hal_cortex.o
 .text.__NVIC_EnableIRQ
                0x0000000008003634       0x3c ./Drivers/STM32F4xx_HAL_Driver/Src/stm32f4xx_hal_cortex.o
 .text.__NVIC_SetPriority
                0x0000000008003670       0x54 ./Drivers/STM32F4xx_HAL_Driver/Src/stm32f4xx_hal_cortex.o
 .text.NVIC_EncodePriority
                0x00000000080036c4       0x66 ./Drivers/STM32F4xx_HAL_Driver/Src/stm32f4xx_hal_cortex.o
 *fill*         0x000000000800372a        0x2 
 .text.SysTick_Config
                0x000000000800372c       0x44 ./Drivers/STM32F4xx_HAL_Driver/Src/stm32f4xx_hal_cortex.o
 .text.HAL_NVIC_SetPriorityGrouping
                0x0000000008003770       0x16 ./Drivers/STM32F4xx_HAL_Driver/Src/stm32f4xx_hal_cortex.o
                0x0000000008003770                HAL_NVIC_SetPriorityGrouping
 .text.HAL_NVIC_SetPriority
                0x0000000008003786       0x38 ./Drivers/STM32F4xx_HAL_Driver/Src/stm32f4xx_hal_cortex.o
                0x0000000008003786                HAL_NVIC_SetPriority
 .text.HAL_NVIC_EnableIRQ
                0x00000000080037be       0x1c ./Drivers/STM32F4xx_HAL_Driver/Src/stm32f4xx_hal_cortex.o
                0x00000000080037be                HAL_NVIC_EnableIRQ
 .text.HAL_SYSTICK_Config
                0x00000000080037da       0x18 ./Drivers/STM32F4xx_HAL_Driver/Src/stm32f4xx_hal_cortex.o
                0x00000000080037da                HAL_SYSTICK_Config
 *fill*         0x00000000080037f2        0x2 
 .text.HAL_DMA_Init
                0x00000000080037f4      0x15c ./Drivers/STM32F4xx_HAL_Driver/Src/stm32f4xx_hal_dma.o
                0x00000000080037f4                HAL_DMA_Init
 .text.HAL_DMA_Start_IT
                0x0000000008003950       0xb0 ./Drivers/STM32F4xx_HAL_Driver/Src/stm32f4xx_hal_dma.o
                0x0000000008003950                HAL_DMA_Start_IT
 .text.HAL_DMA_Abort
                0x0000000008003a00       0xe0 ./Drivers/STM32F4xx_HAL_Driver/Src/stm32f4xx_hal_dma.o
                0x0000000008003a00                HAL_DMA_Abort
 .text.HAL_DMA_Abort_IT
                0x0000000008003ae0       0x44 ./Drivers/STM32F4xx_HAL_Driver/Src/stm32f4xx_hal_dma.o
                0x0000000008003ae0                HAL_DMA_Abort_IT
 .text.HAL_DMA_IRQHandler
                0x0000000008003b24      0x314 ./Drivers/STM32F4xx_HAL_Driver/Src/stm32f4xx_hal_dma.o
                0x0000000008003b24                HAL_DMA_IRQHandler
 .text.DMA_SetConfig
                0x0000000008003e38       0x5c ./Drivers/STM32F4xx_HAL_Driver/Src/stm32f4xx_hal_dma.o
 .text.DMA_CalcBaseAndBitshift
                0x0000000008003e94       0x6c ./Drivers/STM32F4xx_HAL_Driver/Src/stm32f4xx_hal_dma.o
 .text.DMA_CheckFifoParam
                0x0000000008003f00       0xf8 ./Drivers/STM32F4xx_HAL_Driver/Src/stm32f4xx_hal_dma.o
 .text.HAL_GPIO_Init
                0x0000000008003ff8      0x338 ./Drivers/STM32F4xx_HAL_Driver/Src/stm32f4xx_hal_gpio.o
                0x0000000008003ff8                HAL_GPIO_Init
 .text.HAL_GPIO_WritePin
                0x0000000008004330       0x32 ./Drivers/STM32F4xx_HAL_Driver/Src/stm32f4xx_hal_gpio.o
                0x0000000008004330                HAL_GPIO_WritePin
 *fill*         0x0000000008004362        0x2 
 .text.HAL_I2C_Init
                0x0000000008004364      0x288 ./Drivers/STM32F4xx_HAL_Driver/Src/stm32f4xx_hal_i2c.o
                0x0000000008004364                HAL_I2C_Init
 .text.HAL_I2C_Mem_Write
                0x00000000080045ec      0x1f4 ./Drivers/STM32F4xx_HAL_Driver/Src/stm32f4xx_hal_i2c.o
                0x00000000080045ec                HAL_I2C_Mem_Write
 .text.HAL_I2C_Mem_Read
                0x00000000080047e0      0x44c ./Drivers/STM32F4xx_HAL_Driver/Src/stm32f4xx_hal_i2c.o
                0x00000000080047e0                HAL_I2C_Mem_Read
 .text.I2C_RequestMemoryWrite
                0x0000000008004c2c      0x12c ./Drivers/STM32F4xx_HAL_Driver/Src/stm32f4xx_hal_i2c.o
 .text.I2C_RequestMemoryRead
                0x0000000008004d58      0x1d0 ./Drivers/STM32F4xx_HAL_Driver/Src/stm32f4xx_hal_i2c.o
 .text.I2C_WaitOnFlagUntilTimeout
                0x0000000008004f28       0xae ./Drivers/STM32F4xx_HAL_Driver/Src/stm32f4xx_hal_i2c.o
 .text.I2C_WaitOnMasterAddressFlagUntilTimeout
                0x0000000008004fd6       0xfe ./Drivers/STM32F4xx_HAL_Driver/Src/stm32f4xx_hal_i2c.o
 .text.I2C_WaitOnTXEFlagUntilTimeout
                0x00000000080050d4       0x82 ./Drivers/STM32F4xx_HAL_Driver/Src/stm32f4xx_hal_i2c.o
 .text.I2C_WaitOnBTFFlagUntilTimeout
                0x0000000008005156       0x82 ./Drivers/STM32F4xx_HAL_Driver/Src/stm32f4xx_hal_i2c.o
 .text.I2C_WaitOnRXNEFlagUntilTimeout
                0x00000000080051d8       0xac ./Drivers/STM32F4xx_HAL_Driver/Src/stm32f4xx_hal_i2c.o
 .text.I2C_IsAcknowledgeFailed
                0x0000000008005284       0x5e ./Drivers/STM32F4xx_HAL_Driver/Src/stm32f4xx_hal_i2c.o
 *fill*         0x00000000080052e2        0x2 
 .text.HAL_RCC_OscConfig
                0x00000000080052e4      0x4f0 ./Drivers/STM32F4xx_HAL_Driver/Src/stm32f4xx_hal_rcc.o
                0x00000000080052e4                HAL_RCC_OscConfig
 .text.HAL_RCC_ClockConfig
                0x00000000080057d4      0x1cc ./Drivers/STM32F4xx_HAL_Driver/Src/stm32f4xx_hal_rcc.o
                0x00000000080057d4                HAL_RCC_ClockConfig
 .text.HAL_RCC_GetSysClockFreq
                0x00000000080059a0      0x16c ./Drivers/STM32F4xx_HAL_Driver/Src/stm32f4xx_hal_rcc.o
                0x00000000080059a0                HAL_RCC_GetSysClockFreq
 .text.HAL_RCC_GetHCLKFreq
                0x0000000008005b0c       0x18 ./Drivers/STM32F4xx_HAL_Driver/Src/stm32f4xx_hal_rcc.o
                0x0000000008005b0c                HAL_RCC_GetHCLKFreq
 .text.HAL_RCC_GetPCLK1Freq
                0x0000000008005b24       0x28 ./Drivers/STM32F4xx_HAL_Driver/Src/stm32f4xx_hal_rcc.o
                0x0000000008005b24                HAL_RCC_GetPCLK1Freq
 .text.HAL_RCC_GetPCLK2Freq
                0x0000000008005b4c       0x28 ./Drivers/STM32F4xx_HAL_Driver/Src/stm32f4xx_hal_rcc.o
                0x0000000008005b4c                HAL_RCC_GetPCLK2Freq
 .text.HAL_TIM_Base_Init
                0x0000000008005b74       0x9e ./Drivers/STM32F4xx_HAL_Driver/Src/stm32f4xx_hal_tim.o
                0x0000000008005b74                HAL_TIM_Base_Init
 .text.HAL_TIM_PWM_Init
                0x0000000008005c12       0x9e ./Drivers/STM32F4xx_HAL_Driver/Src/stm32f4xx_hal_tim.o
                0x0000000008005c12                HAL_TIM_PWM_Init
 .text.HAL_TIM_PWM_MspInit
                0x0000000008005cb0       0x14 ./Drivers/STM32F4xx_HAL_Driver/Src/stm32f4xx_hal_tim.o
                0x0000000008005cb0                HAL_TIM_PWM_MspInit
 .text.HAL_TIM_PWM_Start
                0x0000000008005cc4      0x190 ./Drivers/STM32F4xx_HAL_Driver/Src/stm32f4xx_hal_tim.o
                0x0000000008005cc4                HAL_TIM_PWM_Start
 .text.HAL_TIM_PWM_Stop
                0x0000000008005e54       0xe0 ./Drivers/STM32F4xx_HAL_Driver/Src/stm32f4xx_hal_tim.o
                0x0000000008005e54                HAL_TIM_PWM_Stop
 .text.HAL_TIM_PWM_ConfigChannel
                0x0000000008005f34      0x184 ./Drivers/STM32F4xx_HAL_Driver/Src/stm32f4xx_hal_tim.o
                0x0000000008005f34                HAL_TIM_PWM_ConfigChannel
 .text.HAL_TIM_ConfigClockSource
                0x00000000080060b8      0x18e ./Drivers/STM32F4xx_HAL_Driver/Src/stm32f4xx_hal_tim.o
                0x00000000080060b8                HAL_TIM_ConfigClockSource
 *fill*         0x0000000008006246        0x2 
 .text.TIM_Base_SetConfig
                0x0000000008006248      0x140 ./Drivers/STM32F4xx_HAL_Driver/Src/stm32f4xx_hal_tim.o
                0x0000000008006248                TIM_Base_SetConfig
 .text.TIM_OC1_SetConfig
                0x0000000008006388       0xe0 ./Drivers/STM32F4xx_HAL_Driver/Src/stm32f4xx_hal_tim.o
 .text.TIM_OC2_SetConfig
                0x0000000008006468       0xec ./Drivers/STM32F4xx_HAL_Driver/Src/stm32f4xx_hal_tim.o
                0x0000000008006468                TIM_OC2_SetConfig
 .text.TIM_OC3_SetConfig
                0x0000000008006554       0xe8 ./Drivers/STM32F4xx_HAL_Driver/Src/stm32f4xx_hal_tim.o
 .text.TIM_OC4_SetConfig
                0x000000000800663c       0xac ./Drivers/STM32F4xx_HAL_Driver/Src/stm32f4xx_hal_tim.o
 .text.TIM_TI1_ConfigInputStage
                0x00000000080066e8       0x5e ./Drivers/STM32F4xx_HAL_Driver/Src/stm32f4xx_hal_tim.o
 .text.TIM_TI2_ConfigInputStage
                0x0000000008006746       0x60 ./Drivers/STM32F4xx_HAL_Driver/Src/stm32f4xx_hal_tim.o
 .text.TIM_ITRx_SetConfig
                0x00000000080067a6       0x36 ./Drivers/STM32F4xx_HAL_Driver/Src/stm32f4xx_hal_tim.o
 .text.TIM_ETR_SetConfig
                0x00000000080067dc       0x40 ./Drivers/STM32F4xx_HAL_Driver/Src/stm32f4xx_hal_tim.o
                0x00000000080067dc                TIM_ETR_SetConfig
 .text.TIM_CCxChannelCmd
                0x000000000800681c       0x4a ./Drivers/STM32F4xx_HAL_Driver/Src/stm32f4xx_hal_tim.o
                0x000000000800681c                TIM_CCxChannelCmd
 *fill*         0x0000000008006866        0x2 
 .text.HAL_TIMEx_MasterConfigSynchronization
                0x0000000008006868       0xf8 ./Drivers/STM32F4xx_HAL_Driver/Src/stm32f4xx_hal_tim_ex.o
                0x0000000008006868                HAL_TIMEx_MasterConfigSynchronization
 .text.HAL_UART_Init
                0x0000000008006960       0x9a ./Drivers/STM32F4xx_HAL_Driver/Src/stm32f4xx_hal_uart.o
                0x0000000008006960                HAL_UART_Init
 *fill*         0x00000000080069fa        0x2 
 .text.HAL_UART_Transmit_DMA
                0x00000000080069fc       0xfc ./Drivers/STM32F4xx_HAL_Driver/Src/stm32f4xx_hal_uart.o
                0x00000000080069fc                HAL_UART_Transmit_DMA
 .text.HAL_UART_Receive_DMA
                0x0000000008006af8       0x60 ./Drivers/STM32F4xx_HAL_Driver/Src/stm32f4xx_hal_uart.o
                0x0000000008006af8                HAL_UART_Receive_DMA
 .text.HAL_UART_IRQHandler
                0x0000000008006b58      0x51c ./Drivers/STM32F4xx_HAL_Driver/Src/stm32f4xx_hal_uart.o
                0x0000000008006b58                HAL_UART_IRQHandler
 .text.HAL_UART_TxHalfCpltCallback
                0x0000000008007074       0x14 ./Drivers/STM32F4xx_HAL_Driver/Src/stm32f4xx_hal_uart.o
                0x0000000008007074                HAL_UART_TxHalfCpltCallback
 .text.HAL_UART_RxCpltCallback
                0x0000000008007088       0x14 ./Drivers/STM32F4xx_HAL_Driver/Src/stm32f4xx_hal_uart.o
                0x0000000008007088                HAL_UART_RxCpltCallback
 .text.HAL_UART_RxHalfCpltCallback
                0x000000000800709c       0x14 ./Drivers/STM32F4xx_HAL_Driver/Src/stm32f4xx_hal_uart.o
                0x000000000800709c                HAL_UART_RxHalfCpltCallback
 .text.HAL_UART_ErrorCallback
                0x00000000080070b0       0x14 ./Drivers/STM32F4xx_HAL_Driver/Src/stm32f4xx_hal_uart.o
                0x00000000080070b0                HAL_UART_ErrorCallback
 .text.HAL_UARTEx_RxEventCallback
                0x00000000080070c4       0x18 ./Drivers/STM32F4xx_HAL_Driver/Src/stm32f4xx_hal_uart.o
                0x00000000080070c4                HAL_UARTEx_RxEventCallback
 .text.UART_DMATransmitCplt
                0x00000000080070dc       0x9a ./Drivers/STM32F4xx_HAL_Driver/Src/stm32f4xx_hal_uart.o
 .text.UART_DMATxHalfCplt
                0x0000000008007176       0x1c ./Drivers/STM32F4xx_HAL_Driver/Src/stm32f4xx_hal_uart.o
 .text.UART_DMAReceiveCplt
                0x0000000008007192      0x126 ./Drivers/STM32F4xx_HAL_Driver/Src/stm32f4xx_hal_uart.o
 .text.UART_DMARxHalfCplt
                0x00000000080072b8       0x36 ./Drivers/STM32F4xx_HAL_Driver/Src/stm32f4xx_hal_uart.o
 .text.UART_DMAError
                0x00000000080072ee       0x94 ./Drivers/STM32F4xx_HAL_Driver/Src/stm32f4xx_hal_uart.o
 *fill*         0x0000000008007382        0x2 
 .text.UART_Start_Receive_DMA
                0x0000000008007384      0x134 ./Drivers/STM32F4xx_HAL_Driver/Src/stm32f4xx_hal_uart.o
                0x0000000008007384                UART_Start_Receive_DMA
 .text.UART_EndTxTransfer
                0x00000000080074b8       0x50 ./Drivers/STM32F4xx_HAL_Driver/Src/stm32f4xx_hal_uart.o
 .text.UART_EndRxTransfer
                0x0000000008007508       0xc6 ./Drivers/STM32F4xx_HAL_Driver/Src/stm32f4xx_hal_uart.o
 .text.UART_DMAAbortOnError
                0x00000000080075ce       0x28 ./Drivers/STM32F4xx_HAL_Driver/Src/stm32f4xx_hal_uart.o
 .text.UART_Transmit_IT
                0x00000000080075f6       0xa0 ./Drivers/STM32F4xx_HAL_Driver/Src/stm32f4xx_hal_uart.o
 .text.UART_EndTransmit_IT
                0x0000000008007696       0x30 ./Drivers/STM32F4xx_HAL_Driver/Src/stm32f4xx_hal_uart.o
 .text.UART_Receive_IT
                0x00000000080076c6      0x176 ./Drivers/STM32F4xx_HAL_Driver/Src/stm32f4xx_hal_uart.o
 .text.UART_SetConfig
                0x000000000800783c      0x390 ./Drivers/STM32F4xx_HAL_Driver/Src/stm32f4xx_hal_uart.o
 .text.__errno  0x0000000008007bcc        0xc c:/st/stm32cubeide_1.7.0/stm32cubeide/plugins/com.st.stm32cube.ide.mcu.externaltools.gnu-tools-for-stm32.9-2020-q2-update.win32_2.0.0.202105311346/tools/bin/../lib/gcc/arm-none-eabi/9.3.1/../../../../arm-none-eabi/lib/thumb/v7e-m+fp/hard\libc_nano.a(lib_a-errno.o)
                0x0000000008007bcc                __errno
 .text.__libc_init_array
                0x0000000008007bd8       0x48 c:/st/stm32cubeide_1.7.0/stm32cubeide/plugins/com.st.stm32cube.ide.mcu.externaltools.gnu-tools-for-stm32.9-2020-q2-update.win32_2.0.0.202105311346/tools/bin/../lib/gcc/arm-none-eabi/9.3.1/../../../../arm-none-eabi/lib/thumb/v7e-m+fp/hard\libc_nano.a(lib_a-init.o)
                0x0000000008007bd8                __libc_init_array
 .text.memcpy   0x0000000008007c20       0x1c c:/st/stm32cubeide_1.7.0/stm32cubeide/plugins/com.st.stm32cube.ide.mcu.externaltools.gnu-tools-for-stm32.9-2020-q2-update.win32_2.0.0.202105311346/tools/bin/../lib/gcc/arm-none-eabi/9.3.1/../../../../arm-none-eabi/lib/thumb/v7e-m+fp/hard\libc_nano.a(lib_a-memcpy-stub.o)
                0x0000000008007c20                memcpy
 .text.memset   0x0000000008007c3c       0x10 c:/st/stm32cubeide_1.7.0/stm32cubeide/plugins/com.st.stm32cube.ide.mcu.externaltools.gnu-tools-for-stm32.9-2020-q2-update.win32_2.0.0.202105311346/tools/bin/../lib/gcc/arm-none-eabi/9.3.1/../../../../arm-none-eabi/lib/thumb/v7e-m+fp/hard\libc_nano.a(lib_a-memset.o)
                0x0000000008007c3c                memset
 .text.sinf     0x0000000008007c4c       0x84 c:/st/stm32cubeide_1.7.0/stm32cubeide/plugins/com.st.stm32cube.ide.mcu.externaltools.gnu-tools-for-stm32.9-2020-q2-update.win32_2.0.0.202105311346/tools/bin/../lib/gcc/arm-none-eabi/9.3.1/../../../../arm-none-eabi/lib/thumb/v7e-m+fp/hard\libm.a(lib_a-sf_sin.o)
                0x0000000008007c4c                sinf
 .text.asinf    0x0000000008007cd0       0x64 c:/st/stm32cubeide_1.7.0/stm32cubeide/plugins/com.st.stm32cube.ide.mcu.externaltools.gnu-tools-for-stm32.9-2020-q2-update.win32_2.0.0.202105311346/tools/bin/../lib/gcc/arm-none-eabi/9.3.1/../../../../arm-none-eabi/lib/thumb/v7e-m+fp/hard\libm.a(lib_a-wf_asin.o)
                0x0000000008007cd0                asinf
 .text.sqrtf    0x0000000008007d34       0x4c c:/st/stm32cubeide_1.7.0/stm32cubeide/plugins/com.st.stm32cube.ide.mcu.externaltools.gnu-tools-for-stm32.9-2020-q2-update.win32_2.0.0.202105311346/tools/bin/../lib/gcc/arm-none-eabi/9.3.1/../../../../arm-none-eabi/lib/thumb/v7e-m+fp/hard\libm.a(lib_a-wf_sqrt.o)
                0x0000000008007d34                sqrtf
 .text.__ieee754_asinf
                0x0000000008007d80      0x1cc c:/st/stm32cubeide_1.7.0/stm32cubeide/plugins/com.st.stm32cube.ide.mcu.externaltools.gnu-tools-for-stm32.9-2020-q2-update.win32_2.0.0.202105311346/tools/bin/../lib/gcc/arm-none-eabi/9.3.1/../../../../arm-none-eabi/lib/thumb/v7e-m+fp/hard\libm.a(lib_a-ef_asin.o)
                0x0000000008007d80                __ieee754_asinf
 .text.__ieee754_rem_pio2f
                0x0000000008007f4c      0x278 c:/st/stm32cubeide_1.7.0/stm32cubeide/plugins/com.st.stm32cube.ide.mcu.externaltools.gnu-tools-for-stm32.9-2020-q2-update.win32_2.0.0.202105311346/tools/bin/../lib/gcc/arm-none-eabi/9.3.1/../../../../arm-none-eabi/lib/thumb/v7e-m+fp/hard\libm.a(lib_a-ef_rem_pio2.o)
                0x0000000008007f4c                __ieee754_rem_pio2f
 .text.__ieee754_sqrtf
                0x00000000080081c4        0x6 c:/st/stm32cubeide_1.7.0/stm32cubeide/plugins/com.st.stm32cube.ide.mcu.externaltools.gnu-tools-for-stm32.9-2020-q2-update.win32_2.0.0.202105311346/tools/bin/../lib/gcc/arm-none-eabi/9.3.1/../../../../arm-none-eabi/lib/thumb/v7e-m+fp/hard\libm.a(lib_a-ef_sqrt.o)
                0x00000000080081c4                __ieee754_sqrtf
 *fill*         0x00000000080081ca        0x2 
 .text.__kernel_cosf
                0x00000000080081cc       0xc0 c:/st/stm32cubeide_1.7.0/stm32cubeide/plugins/com.st.stm32cube.ide.mcu.externaltools.gnu-tools-for-stm32.9-2020-q2-update.win32_2.0.0.202105311346/tools/bin/../lib/gcc/arm-none-eabi/9.3.1/../../../../arm-none-eabi/lib/thumb/v7e-m+fp/hard\libm.a(lib_a-kf_cos.o)
                0x00000000080081cc                __kernel_cosf
 .text.__kernel_rem_pio2f
                0x000000000800828c      0x514 c:/st/stm32cubeide_1.7.0/stm32cubeide/plugins/com.st.stm32cube.ide.mcu.externaltools.gnu-tools-for-stm32.9-2020-q2-update.win32_2.0.0.202105311346/tools/bin/../lib/gcc/arm-none-eabi/9.3.1/../../../../arm-none-eabi/lib/thumb/v7e-m+fp/hard\libm.a(lib_a-kf_rem_pio2.o)
                0x000000000800828c                __kernel_rem_pio2f
 .text.__kernel_sinf
                0x00000000080087a0       0x90 c:/st/stm32cubeide_1.7.0/stm32cubeide/plugins/com.st.stm32cube.ide.mcu.externaltools.gnu-tools-for-stm32.9-2020-q2-update.win32_2.0.0.202105311346/tools/bin/../lib/gcc/arm-none-eabi/9.3.1/../../../../arm-none-eabi/lib/thumb/v7e-m+fp/hard\libm.a(lib_a-kf_sin.o)
                0x00000000080087a0                __kernel_sinf
 .text.fabsf    0x0000000008008830        0xe c:/st/stm32cubeide_1.7.0/stm32cubeide/plugins/com.st.stm32cube.ide.mcu.externaltools.gnu-tools-for-stm32.9-2020-q2-update.win32_2.0.0.202105311346/tools/bin/../lib/gcc/arm-none-eabi/9.3.1/../../../../arm-none-eabi/lib/thumb/v7e-m+fp/hard\libm.a(lib_a-sf_fabs.o)
                0x0000000008008830                fabsf
 *fill*         0x000000000800883e        0x2 
 .text.floorf   0x0000000008008840       0x84 c:/st/stm32cubeide_1.7.0/stm32cubeide/plugins/com.st.stm32cube.ide.mcu.externaltools.gnu-tools-for-stm32.9-2020-q2-update.win32_2.0.0.202105311346/tools/bin/../lib/gcc/arm-none-eabi/9.3.1/../../../../arm-none-eabi/lib/thumb/v7e-m+fp/hard\libm.a(lib_a-sf_floor.o)
                0x0000000008008840                floorf
 .text.nanf     0x00000000080088c4        0xc c:/st/stm32cubeide_1.7.0/stm32cubeide/plugins/com.st.stm32cube.ide.mcu.externaltools.gnu-tools-for-stm32.9-2020-q2-update.win32_2.0.0.202105311346/tools/bin/../lib/gcc/arm-none-eabi/9.3.1/../../../../arm-none-eabi/lib/thumb/v7e-m+fp/hard\libm.a(lib_a-sf_nan.o)
                0x00000000080088c4                nanf
 .text.scalbnf  0x00000000080088d0       0xe4 c:/st/stm32cubeide_1.7.0/stm32cubeide/plugins/com.st.stm32cube.ide.mcu.externaltools.gnu-tools-for-stm32.9-2020-q2-update.win32_2.0.0.202105311346/tools/bin/../lib/gcc/arm-none-eabi/9.3.1/../../../../arm-none-eabi/lib/thumb/v7e-m+fp/hard\libm.a(lib_a-sf_scalbn.o)
                0x00000000080088d0                scalbnf
 *(.glue_7)
 .glue_7        0x00000000080089b4        0x0 linker stubs
 *(.glue_7t)
 .glue_7t       0x00000000080089b4        0x0 linker stubs
 *(.eh_frame)
 .eh_frame      0x00000000080089b4        0x0 c:/st/stm32cubeide_1.7.0/stm32cubeide/plugins/com.st.stm32cube.ide.mcu.externaltools.gnu-tools-for-stm32.9-2020-q2-update.win32_2.0.0.202105311346/tools/bin/../lib/gcc/arm-none-eabi/9.3.1/thumb/v7e-m+fp/hard/crtbegin.o
 *(.init)
 .init          0x00000000080089b4        0x4 c:/st/stm32cubeide_1.7.0/stm32cubeide/plugins/com.st.stm32cube.ide.mcu.externaltools.gnu-tools-for-stm32.9-2020-q2-update.win32_2.0.0.202105311346/tools/bin/../lib/gcc/arm-none-eabi/9.3.1/thumb/v7e-m+fp/hard/crti.o
                0x00000000080089b4                _init
 .init          0x00000000080089b8        0x8 c:/st/stm32cubeide_1.7.0/stm32cubeide/plugins/com.st.stm32cube.ide.mcu.externaltools.gnu-tools-for-stm32.9-2020-q2-update.win32_2.0.0.202105311346/tools/bin/../lib/gcc/arm-none-eabi/9.3.1/thumb/v7e-m+fp/hard/crtn.o
 *(.fini)
 .fini          0x00000000080089c0        0x4 c:/st/stm32cubeide_1.7.0/stm32cubeide/plugins/com.st.stm32cube.ide.mcu.externaltools.gnu-tools-for-stm32.9-2020-q2-update.win32_2.0.0.202105311346/tools/bin/../lib/gcc/arm-none-eabi/9.3.1/thumb/v7e-m+fp/hard/crti.o
                0x00000000080089c0                _fini
 .fini          0x00000000080089c4        0x8 c:/st/stm32cubeide_1.7.0/stm32cubeide/plugins/com.st.stm32cube.ide.mcu.externaltools.gnu-tools-for-stm32.9-2020-q2-update.win32_2.0.0.202105311346/tools/bin/../lib/gcc/arm-none-eabi/9.3.1/thumb/v7e-m+fp/hard/crtn.o
                0x00000000080089cc                . = ALIGN (0x4)
                0x00000000080089cc                _etext = .

.vfp11_veneer   0x00000000080089cc        0x0
 .vfp11_veneer  0x00000000080089cc        0x0 linker stubs

.v4_bx          0x00000000080089cc        0x0
 .v4_bx         0x00000000080089cc        0x0 linker stubs

.iplt           0x00000000080089cc        0x0
 .iplt          0x00000000080089cc        0x0 c:/st/stm32cubeide_1.7.0/stm32cubeide/plugins/com.st.stm32cube.ide.mcu.externaltools.gnu-tools-for-stm32.9-2020-q2-update.win32_2.0.0.202105311346/tools/bin/../lib/gcc/arm-none-eabi/9.3.1/thumb/v7e-m+fp/hard/crtbegin.o

.rodata         0x00000000080089cc      0x494
                0x00000000080089cc                . = ALIGN (0x4)
 *(.rodata)
 .rodata        0x00000000080089cc       0x3e ./Core/Data_Logger/Data_logger.o
 *fill*         0x0000000008008a0a        0x2 
 .rodata        0x0000000008008a0c       0x5f ./Core/Src/main.o
 *(.rodata*)
 *fill*         0x0000000008008a6b        0x1 
 .rodata.AHBPrescTable
                0x0000000008008a6c       0x10 ./Core/Src/system_stm32f4xx.o
                0x0000000008008a6c                AHBPrescTable
 .rodata.APBPrescTable
                0x0000000008008a7c        0x8 ./Core/Src/system_stm32f4xx.o
                0x0000000008008a7c                APBPrescTable
 .rodata.flagBitshiftOffset.8472
                0x0000000008008a84        0x8 ./Drivers/STM32F4xx_HAL_Driver/Src/stm32f4xx_hal_dma.o
 .rodata.asinf.str1.1
                0x0000000008008a8c        0x1 c:/st/stm32cubeide_1.7.0/stm32cubeide/plugins/com.st.stm32cube.ide.mcu.externaltools.gnu-tools-for-stm32.9-2020-q2-update.win32_2.0.0.202105311346/tools/bin/../lib/gcc/arm-none-eabi/9.3.1/../../../../arm-none-eabi/lib/thumb/v7e-m+fp/hard\libm.a(lib_a-wf_asin.o)
 *fill*         0x0000000008008a8d        0x3 
 .rodata.npio2_hw
                0x0000000008008a90       0x80 c:/st/stm32cubeide_1.7.0/stm32cubeide/plugins/com.st.stm32cube.ide.mcu.externaltools.gnu-tools-for-stm32.9-2020-q2-update.win32_2.0.0.202105311346/tools/bin/../lib/gcc/arm-none-eabi/9.3.1/../../../../arm-none-eabi/lib/thumb/v7e-m+fp/hard\libm.a(lib_a-ef_rem_pio2.o)
 .rodata.two_over_pi
                0x0000000008008b10      0x318 c:/st/stm32cubeide_1.7.0/stm32cubeide/plugins/com.st.stm32cube.ide.mcu.externaltools.gnu-tools-for-stm32.9-2020-q2-update.win32_2.0.0.202105311346/tools/bin/../lib/gcc/arm-none-eabi/9.3.1/../../../../arm-none-eabi/lib/thumb/v7e-m+fp/hard\libm.a(lib_a-ef_rem_pio2.o)
 .rodata.PIo2   0x0000000008008e28       0x2c c:/st/stm32cubeide_1.7.0/stm32cubeide/plugins/com.st.stm32cube.ide.mcu.externaltools.gnu-tools-for-stm32.9-2020-q2-update.win32_2.0.0.202105311346/tools/bin/../lib/gcc/arm-none-eabi/9.3.1/../../../../arm-none-eabi/lib/thumb/v7e-m+fp/hard\libm.a(lib_a-kf_rem_pio2.o)
 .rodata.init_jk
                0x0000000008008e54        0xc c:/st/stm32cubeide_1.7.0/stm32cubeide/plugins/com.st.stm32cube.ide.mcu.externaltools.gnu-tools-for-stm32.9-2020-q2-update.win32_2.0.0.202105311346/tools/bin/../lib/gcc/arm-none-eabi/9.3.1/../../../../arm-none-eabi/lib/thumb/v7e-m+fp/hard\libm.a(lib_a-kf_rem_pio2.o)
                0x0000000008008e60                . = ALIGN (0x4)

.ARM.extab      0x0000000008008e60        0x0
                0x0000000008008e60                . = ALIGN (0x4)
 *(.ARM.extab* .gnu.linkonce.armextab.*)
                0x0000000008008e60                . = ALIGN (0x4)

.ARM            0x0000000008008e60        0x8
                0x0000000008008e60                . = ALIGN (0x4)
                0x0000000008008e60                __exidx_start = .
 *(.ARM.exidx*)
 .ARM.exidx     0x0000000008008e60        0x8 c:/st/stm32cubeide_1.7.0/stm32cubeide/plugins/com.st.stm32cube.ide.mcu.externaltools.gnu-tools-for-stm32.9-2020-q2-update.win32_2.0.0.202105311346/tools/bin/../lib/gcc/arm-none-eabi/9.3.1/thumb/v7e-m+fp/hard\libgcc.a(_udivmoddi4.o)
                0x0000000008008e68                __exidx_end = .
                0x0000000008008e68                . = ALIGN (0x4)

.rel.dyn        0x0000000008008e68        0x0
 .rel.iplt      0x0000000008008e68        0x0 c:/st/stm32cubeide_1.7.0/stm32cubeide/plugins/com.st.stm32cube.ide.mcu.externaltools.gnu-tools-for-stm32.9-2020-q2-update.win32_2.0.0.202105311346/tools/bin/../lib/gcc/arm-none-eabi/9.3.1/thumb/v7e-m+fp/hard/crtbegin.o

.preinit_array  0x0000000008008e68        0x0
                0x0000000008008e68                . = ALIGN (0x4)
                0x0000000008008e68                PROVIDE (__preinit_array_start = .)
 *(.preinit_array*)
                0x0000000008008e68                PROVIDE (__preinit_array_end = .)
                0x0000000008008e68                . = ALIGN (0x4)

.init_array     0x0000000008008e68        0x4
                0x0000000008008e68                . = ALIGN (0x4)
                0x0000000008008e68                PROVIDE (__init_array_start = .)
 *(SORT_BY_NAME(.init_array.*))
 *(.init_array*)
 .init_array    0x0000000008008e68        0x4 c:/st/stm32cubeide_1.7.0/stm32cubeide/plugins/com.st.stm32cube.ide.mcu.externaltools.gnu-tools-for-stm32.9-2020-q2-update.win32_2.0.0.202105311346/tools/bin/../lib/gcc/arm-none-eabi/9.3.1/thumb/v7e-m+fp/hard/crtbegin.o
                0x0000000008008e6c                PROVIDE (__init_array_end = .)
                0x0000000008008e6c                . = ALIGN (0x4)

.fini_array     0x0000000008008e6c        0x4
                0x0000000008008e6c                . = ALIGN (0x4)
                [!provide]                        PROVIDE (__fini_array_start = .)
 *(SORT_BY_NAME(.fini_array.*))
 *(.fini_array*)
 .fini_array    0x0000000008008e6c        0x4 c:/st/stm32cubeide_1.7.0/stm32cubeide/plugins/com.st.stm32cube.ide.mcu.externaltools.gnu-tools-for-stm32.9-2020-q2-update.win32_2.0.0.202105311346/tools/bin/../lib/gcc/arm-none-eabi/9.3.1/thumb/v7e-m+fp/hard/crtbegin.o
                [!provide]                        PROVIDE (__fini_array_end = .)
                0x0000000008008e70                . = ALIGN (0x4)
                0x0000000008008e70                _sidata = LOADADDR (.data)

.data           0x0000000020000000      0x154 load address 0x0000000008008e70
                0x0000000020000000                . = ALIGN (0x4)
                0x0000000020000000                _sdata = .
 *(.data)
 *(.data*)
 .data.filter   0x0000000020000000       0x38 ./Core/Complementary_Filter/Complementary_Filter.o
 .data.controller
                0x0000000020000038       0x58 ./Core/Controller/Controller.o
 .data.config_not_sent
                0x0000000020000090        0x1 ./Core/Data_Logger/Data_logger.o
 *fill*         0x0000000020000091        0x3 
 .data.current_period.9789
                0x0000000020000094        0x4 ./Core/Data_Logger/Data_logger.o
 .data.previous_state.9792
                0x0000000020000098        0x1 ./Core/Data_Logger/Data_logger.o
 .data.flag_start
                0x0000000020000099        0x1 ./Core/Motors/Motors.o
 *fill*         0x000000002000009a        0x2 
 .data.i2c      0x000000002000009c        0x4 ./Core/Peripherals/I2c.o
 .data.timer    0x00000000200000a0        0x4 ./Core/Peripherals/Timer.o
 .data.mpu      0x00000000200000a4       0x3c ./Core/Sensors/Mpu.o
 .data.SystemCoreClock
                0x00000000200000e0        0x4 ./Core/Src/system_stm32f4xx.o
                0x00000000200000e0                SystemCoreClock
 .data.uwTickPrio
                0x00000000200000e4        0x4 ./Drivers/STM32F4xx_HAL_Driver/Src/stm32f4xx_hal.o
                0x00000000200000e4                uwTickPrio
 .data.uwTickFreq
                0x00000000200000e8        0x1 ./Drivers/STM32F4xx_HAL_Driver/Src/stm32f4xx_hal.o
                0x00000000200000e8                uwTickFreq
 *fill*         0x00000000200000e9        0x3 
 .data._impure_ptr
                0x00000000200000ec        0x4 c:/st/stm32cubeide_1.7.0/stm32cubeide/plugins/com.st.stm32cube.ide.mcu.externaltools.gnu-tools-for-stm32.9-2020-q2-update.win32_2.0.0.202105311346/tools/bin/../lib/gcc/arm-none-eabi/9.3.1/../../../../arm-none-eabi/lib/thumb/v7e-m+fp/hard\libc_nano.a(lib_a-impure.o)
                0x00000000200000ec                _impure_ptr
 .data.impure_data
                0x00000000200000f0       0x60 c:/st/stm32cubeide_1.7.0/stm32cubeide/plugins/com.st.stm32cube.ide.mcu.externaltools.gnu-tools-for-stm32.9-2020-q2-update.win32_2.0.0.202105311346/tools/bin/../lib/gcc/arm-none-eabi/9.3.1/../../../../arm-none-eabi/lib/thumb/v7e-m+fp/hard\libc_nano.a(lib_a-impure.o)
 .data.__fdlib_version
                0x0000000020000150        0x1 c:/st/stm32cubeide_1.7.0/stm32cubeide/plugins/com.st.stm32cube.ide.mcu.externaltools.gnu-tools-for-stm32.9-2020-q2-update.win32_2.0.0.202105311346/tools/bin/../lib/gcc/arm-none-eabi/9.3.1/../../../../arm-none-eabi/lib/thumb/v7e-m+fp/hard\libm.a(lib_a-s_lib_ver.o)
                0x0000000020000150                __fdlib_version
 *(.RamFunc)
 *(.RamFunc*)
                0x0000000020000154                . = ALIGN (0x4)
 *fill*         0x0000000020000151        0x3 
                0x0000000020000154                _edata = .
                0x0000000008008fc4                _siccmram = LOADADDR (.ccmram)

.igot.plt       0x0000000020000154        0x0 load address 0x0000000008008fc4
 .igot.plt      0x0000000020000154        0x0 c:/st/stm32cubeide_1.7.0/stm32cubeide/plugins/com.st.stm32cube.ide.mcu.externaltools.gnu-tools-for-stm32.9-2020-q2-update.win32_2.0.0.202105311346/tools/bin/../lib/gcc/arm-none-eabi/9.3.1/thumb/v7e-m+fp/hard/crtbegin.o

.ccmram         0x0000000010000000        0x0 load address 0x0000000008008fc4
                0x0000000010000000                . = ALIGN (0x4)
                0x0000000010000000                _sccmram = .
 *(.ccmram)
 *(.ccmram*)
                0x0000000010000000                . = ALIGN (0x4)
                0x0000000010000000                _eccmram = .
                0x0000000010000000                . = ALIGN (0x4)

.bss            0x0000000020000154      0xf10
                0x0000000020000154                _sbss = .
                0x0000000020000154                __bss_start__ = _sbss
 *(.bss)
 .bss           0x0000000020000154       0x1c c:/st/stm32cubeide_1.7.0/stm32cubeide/plugins/com.st.stm32cube.ide.mcu.externaltools.gnu-tools-for-stm32.9-2020-q2-update.win32_2.0.0.202105311346/tools/bin/../lib/gcc/arm-none-eabi/9.3.1/thumb/v7e-m+fp/hard/crtbegin.o
 *(.bss*)
 .bss.data_list
                0x0000000020000170       0x50 ./Core/Data_Logger/Data_logger.o
 .bss.start_flag
                0x00000000200001c0        0x1 ./Core/Data_Logger/Data_logger.o
 .bss.send_config_flag
                0x00000000200001c1        0x1 ./Core/Data_Logger/Data_logger.o
 .bss.stop_flag
                0x00000000200001c2        0x1 ./Core/Data_Logger/Data_logger.o
 *fill*         0x00000000200001c3        0x1 
 .bss.tmp       0x00000000200001c4       0x32 ./Core/Data_Logger/Data_logger.o
 .bss.tmp_len   0x00000000200001f6        0x1 ./Core/Data_Logger/Data_logger.o
 .bss.id_init_counter
                0x00000000200001f7        0x1 ./Core/Data_Logger/Data_logger.o
 .bss.is_any_data_used
                0x00000000200001f8        0x1 ./Core/Data_Logger/Data_logger.o
 *fill*         0x00000000200001f9        0x3 
 .bss.next_time_state_machine.9788
                0x00000000200001fc        0x4 ./Core/Data_Logger/Data_logger.o
 .bss.state.9791
                0x0000000020000200        0x1 ./Core/Data_Logger/Data_logger.o
 .bss.state.9808
                0x0000000020000201        0x1 ./Core/Data_Logger/Data_logger.o
 *fill*         0x0000000020000202        0x2 
 .bss.trame.9809
                0x0000000020000204       0x14 ./Core/Data_Logger/Data_logger.o
 .bss.checksum.9812
                0x0000000020000218        0x2 ./Core/Data_Logger/Data_logger.o
 .bss.nb_byte_to_buffer.9810
                0x000000002000021a        0x1 ./Core/Data_Logger/Data_logger.o
 .bss.buffer_counter.9811
                0x000000002000021b        0x1 ./Core/Data_Logger/Data_logger.o
 .bss.high_level
                0x000000002000021c       0x10 ./Core/High_Level/High_Level.o
 .bss.motor_mixer
                0x000000002000022c       0x20 ./Core/Motor_Mixer/Motor_Mixer.o
 .bss.motor     0x000000002000024c        0xa ./Core/Motors/Motors.o
 .bss.flag_stop
                0x0000000020000256        0x1 ./Core/Motors/Motors.o
 *fill*         0x0000000020000257        0x1 
 .bss.uart      0x0000000020000258      0x820 ./Core/Peripherals/Uart.o
 .bss.ibus      0x0000000020000a78       0x2c ./Core/Radio/Ibus.o
 .bss.radio     0x0000000020000aa4       0x24 ./Core/Radio/Radio.o
 .bss.task      0x0000000020000ac8      0x230 ./Core/Task_Manager/Task_Manager.o
 .bss.is_initialized
                0x0000000020000cf8        0x1 ./Core/Task_Manager/Task_Manager.o
 .bss.task_count
                0x0000000020000cf9        0x1 ./Core/Task_Manager/Task_Manager.o
 *(COMMON)
 *fill*         0x0000000020000cfa        0x2 
 COMMON         0x0000000020000cfc      0x114 ./Core/Src/i2c.o
                0x0000000020000cfc                hdma_i2c1_tx
                0x0000000020000d5c                hi2c1
                0x0000000020000db0                hdma_i2c1_rx
 COMMON         0x0000000020000e10       0x48 ./Core/Src/tim.o
                0x0000000020000e10                htim3
 COMMON         0x0000000020000e58      0x208 ./Core/Src/usart.o
                0x0000000020000e58                hdma_uart4_rx
                0x0000000020000eb8                hdma_usart1_tx
                0x0000000020000f18                hdma_usart1_rx
                0x0000000020000f78                huart1
                0x0000000020000fbc                huart4
                0x0000000020001000                hdma_uart4_tx
 COMMON         0x0000000020001060        0x4 ./Drivers/STM32F4xx_HAL_Driver/Src/stm32f4xx_hal.o
                0x0000000020001060                uwTick
                0x0000000020001064                . = ALIGN (0x4)
                0x0000000020001064                _ebss = .
                0x0000000020001064                __bss_end__ = _ebss

._user_heap_stack
                0x0000000020001064      0x604
                0x0000000020001068                . = ALIGN (0x8)
 *fill*         0x0000000020001064        0x4 
                [!provide]                        PROVIDE (end = .)
                0x0000000020001068                PROVIDE (_end = .)
                0x0000000020001268                . = (. + _Min_Heap_Size)
 *fill*         0x0000000020001068      0x200 
                0x0000000020001668                . = (. + _Min_Stack_Size)
 *fill*         0x0000000020001268      0x400 
                0x0000000020001668                . = ALIGN (0x8)

/DISCARD/
 libc.a(*)
 libm.a(*)
 libgcc.a(*)

.ARM.attributes
                0x0000000000000000       0x30
 *(.ARM.attributes)
 .ARM.attributes
                0x0000000000000000       0x1e c:/st/stm32cubeide_1.7.0/stm32cubeide/plugins/com.st.stm32cube.ide.mcu.externaltools.gnu-tools-for-stm32.9-2020-q2-update.win32_2.0.0.202105311346/tools/bin/../lib/gcc/arm-none-eabi/9.3.1/thumb/v7e-m+fp/hard/crti.o
 .ARM.attributes
                0x000000000000001e       0x34 c:/st/stm32cubeide_1.7.0/stm32cubeide/plugins/com.st.stm32cube.ide.mcu.externaltools.gnu-tools-for-stm32.9-2020-q2-update.win32_2.0.0.202105311346/tools/bin/../lib/gcc/arm-none-eabi/9.3.1/thumb/v7e-m+fp/hard/crtbegin.o
 .ARM.attributes
                0x0000000000000052       0x34 ./Core/Complementary_Filter/Complementary_Filter.o
 .ARM.attributes
                0x0000000000000086       0x34 ./Core/Controller/Controller.o
 .ARM.attributes
                0x00000000000000ba       0x34 ./Core/Data_Logger/Data_logger.o
 .ARM.attributes
                0x00000000000000ee       0x34 ./Core/High_Level/High_Level.o
 .ARM.attributes
                0x0000000000000122       0x34 ./Core/Motor_Mixer/Motor_Mixer.o
 .ARM.attributes
                0x0000000000000156       0x34 ./Core/Motors/Motors.o
 .ARM.attributes
                0x000000000000018a       0x34 ./Core/Peripherals/I2c.o
 .ARM.attributes
                0x00000000000001be       0x34 ./Core/Peripherals/Timer.o
 .ARM.attributes
                0x00000000000001f2       0x34 ./Core/Peripherals/Uart.o
 .ARM.attributes
                0x0000000000000226       0x34 ./Core/Radio/Ibus.o
 .ARM.attributes
                0x000000000000025a       0x34 ./Core/Radio/Radio.o
 .ARM.attributes
                0x000000000000028e       0x34 ./Core/Sensors/Mpu.o
 .ARM.attributes
                0x00000000000002c2       0x34 ./Core/Src/dma.o
 .ARM.attributes
                0x00000000000002f6       0x34 ./Core/Src/gpio.o
 .ARM.attributes
                0x000000000000032a       0x34 ./Core/Src/i2c.o
 .ARM.attributes
                0x000000000000035e       0x34 ./Core/Src/main.o
 .ARM.attributes
                0x0000000000000392       0x34 ./Core/Src/stm32f4xx_hal_msp.o
 .ARM.attributes
                0x00000000000003c6       0x34 ./Core/Src/stm32f4xx_it.o
 .ARM.attributes
                0x00000000000003fa       0x34 ./Core/Src/system_stm32f4xx.o
 .ARM.attributes
                0x000000000000042e       0x34 ./Core/Src/tim.o
 .ARM.attributes
                0x0000000000000462       0x34 ./Core/Src/usart.o
 .ARM.attributes
                0x0000000000000496       0x21 ./Core/Startup/startup_stm32f405rgtx.o
 .ARM.attributes
                0x00000000000004b7       0x34 ./Core/Task_Manager/Task_Manager.o
 .ARM.attributes
                0x00000000000004eb       0x34 ./Drivers/STM32F4xx_HAL_Driver/Src/stm32f4xx_hal.o
 .ARM.attributes
                0x000000000000051f       0x34 ./Drivers/STM32F4xx_HAL_Driver/Src/stm32f4xx_hal_cortex.o
 .ARM.attributes
                0x0000000000000553       0x34 ./Drivers/STM32F4xx_HAL_Driver/Src/stm32f4xx_hal_dma.o
 .ARM.attributes
                0x0000000000000587       0x34 ./Drivers/STM32F4xx_HAL_Driver/Src/stm32f4xx_hal_gpio.o
 .ARM.attributes
                0x00000000000005bb       0x34 ./Drivers/STM32F4xx_HAL_Driver/Src/stm32f4xx_hal_i2c.o
 .ARM.attributes
                0x00000000000005ef       0x34 ./Drivers/STM32F4xx_HAL_Driver/Src/stm32f4xx_hal_rcc.o
 .ARM.attributes
                0x0000000000000623       0x34 ./Drivers/STM32F4xx_HAL_Driver/Src/stm32f4xx_hal_tim.o
 .ARM.attributes
                0x0000000000000657       0x34 ./Drivers/STM32F4xx_HAL_Driver/Src/stm32f4xx_hal_tim_ex.o
 .ARM.attributes
                0x000000000000068b       0x34 ./Drivers/STM32F4xx_HAL_Driver/Src/stm32f4xx_hal_uart.o
 .ARM.attributes
                0x00000000000006bf       0x34 c:/st/stm32cubeide_1.7.0/stm32cubeide/plugins/com.st.stm32cube.ide.mcu.externaltools.gnu-tools-for-stm32.9-2020-q2-update.win32_2.0.0.202105311346/tools/bin/../lib/gcc/arm-none-eabi/9.3.1/../../../../arm-none-eabi/lib/thumb/v7e-m+fp/hard\libc_nano.a(lib_a-errno.o)
 .ARM.attributes
                0x00000000000006f3       0x32 c:/st/stm32cubeide_1.7.0/stm32cubeide/plugins/com.st.stm32cube.ide.mcu.externaltools.gnu-tools-for-stm32.9-2020-q2-update.win32_2.0.0.202105311346/tools/bin/../lib/gcc/arm-none-eabi/9.3.1/../../../../arm-none-eabi/lib/thumb/v7e-m+fp/hard\libc_nano.a(lib_a-impure.o)
 .ARM.attributes
                0x0000000000000725       0x34 c:/st/stm32cubeide_1.7.0/stm32cubeide/plugins/com.st.stm32cube.ide.mcu.externaltools.gnu-tools-for-stm32.9-2020-q2-update.win32_2.0.0.202105311346/tools/bin/../lib/gcc/arm-none-eabi/9.3.1/../../../../arm-none-eabi/lib/thumb/v7e-m+fp/hard\libc_nano.a(lib_a-init.o)
 .ARM.attributes
                0x0000000000000759       0x34 c:/st/stm32cubeide_1.7.0/stm32cubeide/plugins/com.st.stm32cube.ide.mcu.externaltools.gnu-tools-for-stm32.9-2020-q2-update.win32_2.0.0.202105311346/tools/bin/../lib/gcc/arm-none-eabi/9.3.1/../../../../arm-none-eabi/lib/thumb/v7e-m+fp/hard\libc_nano.a(lib_a-memcpy-stub.o)
 .ARM.attributes
                0x000000000000078d       0x34 c:/st/stm32cubeide_1.7.0/stm32cubeide/plugins/com.st.stm32cube.ide.mcu.externaltools.gnu-tools-for-stm32.9-2020-q2-update.win32_2.0.0.202105311346/tools/bin/../lib/gcc/arm-none-eabi/9.3.1/../../../../arm-none-eabi/lib/thumb/v7e-m+fp/hard\libc_nano.a(lib_a-memset.o)
 .ARM.attributes
                0x00000000000007c1       0x34 c:/st/stm32cubeide_1.7.0/stm32cubeide/plugins/com.st.stm32cube.ide.mcu.externaltools.gnu-tools-for-stm32.9-2020-q2-update.win32_2.0.0.202105311346/tools/bin/../lib/gcc/arm-none-eabi/9.3.1/../../../../arm-none-eabi/lib/thumb/v7e-m+fp/hard\libm.a(lib_a-sf_sin.o)
 .ARM.attributes
                0x00000000000007f5       0x34 c:/st/stm32cubeide_1.7.0/stm32cubeide/plugins/com.st.stm32cube.ide.mcu.externaltools.gnu-tools-for-stm32.9-2020-q2-update.win32_2.0.0.202105311346/tools/bin/../lib/gcc/arm-none-eabi/9.3.1/../../../../arm-none-eabi/lib/thumb/v7e-m+fp/hard\libm.a(lib_a-wf_asin.o)
 .ARM.attributes
                0x0000000000000829       0x34 c:/st/stm32cubeide_1.7.0/stm32cubeide/plugins/com.st.stm32cube.ide.mcu.externaltools.gnu-tools-for-stm32.9-2020-q2-update.win32_2.0.0.202105311346/tools/bin/../lib/gcc/arm-none-eabi/9.3.1/../../../../arm-none-eabi/lib/thumb/v7e-m+fp/hard\libm.a(lib_a-wf_sqrt.o)
 .ARM.attributes
                0x000000000000085d       0x34 c:/st/stm32cubeide_1.7.0/stm32cubeide/plugins/com.st.stm32cube.ide.mcu.externaltools.gnu-tools-for-stm32.9-2020-q2-update.win32_2.0.0.202105311346/tools/bin/../lib/gcc/arm-none-eabi/9.3.1/../../../../arm-none-eabi/lib/thumb/v7e-m+fp/hard\libm.a(lib_a-ef_asin.o)
 .ARM.attributes
                0x0000000000000891       0x34 c:/st/stm32cubeide_1.7.0/stm32cubeide/plugins/com.st.stm32cube.ide.mcu.externaltools.gnu-tools-for-stm32.9-2020-q2-update.win32_2.0.0.202105311346/tools/bin/../lib/gcc/arm-none-eabi/9.3.1/../../../../arm-none-eabi/lib/thumb/v7e-m+fp/hard\libm.a(lib_a-ef_rem_pio2.o)
 .ARM.attributes
                0x00000000000008c5       0x34 c:/st/stm32cubeide_1.7.0/stm32cubeide/plugins/com.st.stm32cube.ide.mcu.externaltools.gnu-tools-for-stm32.9-2020-q2-update.win32_2.0.0.202105311346/tools/bin/../lib/gcc/arm-none-eabi/9.3.1/../../../../arm-none-eabi/lib/thumb/v7e-m+fp/hard\libm.a(lib_a-ef_sqrt.o)
 .ARM.attributes
                0x00000000000008f9       0x34 c:/st/stm32cubeide_1.7.0/stm32cubeide/plugins/com.st.stm32cube.ide.mcu.externaltools.gnu-tools-for-stm32.9-2020-q2-update.win32_2.0.0.202105311346/tools/bin/../lib/gcc/arm-none-eabi/9.3.1/../../../../arm-none-eabi/lib/thumb/v7e-m+fp/hard\libm.a(lib_a-kf_cos.o)
 .ARM.attributes
                0x000000000000092d       0x34 c:/st/stm32cubeide_1.7.0/stm32cubeide/plugins/com.st.stm32cube.ide.mcu.externaltools.gnu-tools-for-stm32.9-2020-q2-update.win32_2.0.0.202105311346/tools/bin/../lib/gcc/arm-none-eabi/9.3.1/../../../../arm-none-eabi/lib/thumb/v7e-m+fp/hard\libm.a(lib_a-kf_rem_pio2.o)
 .ARM.attributes
                0x0000000000000961       0x34 c:/st/stm32cubeide_1.7.0/stm32cubeide/plugins/com.st.stm32cube.ide.mcu.externaltools.gnu-tools-for-stm32.9-2020-q2-update.win32_2.0.0.202105311346/tools/bin/../lib/gcc/arm-none-eabi/9.3.1/../../../../arm-none-eabi/lib/thumb/v7e-m+fp/hard\libm.a(lib_a-kf_sin.o)
 .ARM.attributes
                0x0000000000000995       0x32 c:/st/stm32cubeide_1.7.0/stm32cubeide/plugins/com.st.stm32cube.ide.mcu.externaltools.gnu-tools-for-stm32.9-2020-q2-update.win32_2.0.0.202105311346/tools/bin/../lib/gcc/arm-none-eabi/9.3.1/../../../../arm-none-eabi/lib/thumb/v7e-m+fp/hard\libm.a(lib_a-s_lib_ver.o)
 .ARM.attributes
                0x00000000000009c7       0x34 c:/st/stm32cubeide_1.7.0/stm32cubeide/plugins/com.st.stm32cube.ide.mcu.externaltools.gnu-tools-for-stm32.9-2020-q2-update.win32_2.0.0.202105311346/tools/bin/../lib/gcc/arm-none-eabi/9.3.1/../../../../arm-none-eabi/lib/thumb/v7e-m+fp/hard\libm.a(lib_a-sf_fabs.o)
 .ARM.attributes
                0x00000000000009fb       0x34 c:/st/stm32cubeide_1.7.0/stm32cubeide/plugins/com.st.stm32cube.ide.mcu.externaltools.gnu-tools-for-stm32.9-2020-q2-update.win32_2.0.0.202105311346/tools/bin/../lib/gcc/arm-none-eabi/9.3.1/../../../../arm-none-eabi/lib/thumb/v7e-m+fp/hard\libm.a(lib_a-sf_floor.o)
 .ARM.attributes
                0x0000000000000a2f       0x34 c:/st/stm32cubeide_1.7.0/stm32cubeide/plugins/com.st.stm32cube.ide.mcu.externaltools.gnu-tools-for-stm32.9-2020-q2-update.win32_2.0.0.202105311346/tools/bin/../lib/gcc/arm-none-eabi/9.3.1/../../../../arm-none-eabi/lib/thumb/v7e-m+fp/hard\libm.a(lib_a-sf_nan.o)
 .ARM.attributes
                0x0000000000000a63       0x34 c:/st/stm32cubeide_1.7.0/stm32cubeide/plugins/com.st.stm32cube.ide.mcu.externaltools.gnu-tools-for-stm32.9-2020-q2-update.win32_2.0.0.202105311346/tools/bin/../lib/gcc/arm-none-eabi/9.3.1/../../../../arm-none-eabi/lib/thumb/v7e-m+fp/hard\libm.a(lib_a-sf_scalbn.o)
 .ARM.attributes
                0x0000000000000a97       0x1e c:/st/stm32cubeide_1.7.0/stm32cubeide/plugins/com.st.stm32cube.ide.mcu.externaltools.gnu-tools-for-stm32.9-2020-q2-update.win32_2.0.0.202105311346/tools/bin/../lib/gcc/arm-none-eabi/9.3.1/thumb/v7e-m+fp/hard\libgcc.a(_aeabi_uldivmod.o)
 .ARM.attributes
                0x0000000000000ab5       0x34 c:/st/stm32cubeide_1.7.0/stm32cubeide/plugins/com.st.stm32cube.ide.mcu.externaltools.gnu-tools-for-stm32.9-2020-q2-update.win32_2.0.0.202105311346/tools/bin/../lib/gcc/arm-none-eabi/9.3.1/thumb/v7e-m+fp/hard\libgcc.a(_udivmoddi4.o)
 .ARM.attributes
                0x0000000000000ae9       0x1e c:/st/stm32cubeide_1.7.0/stm32cubeide/plugins/com.st.stm32cube.ide.mcu.externaltools.gnu-tools-for-stm32.9-2020-q2-update.win32_2.0.0.202105311346/tools/bin/../lib/gcc/arm-none-eabi/9.3.1/thumb/v7e-m+fp/hard\libgcc.a(_dvmd_tls.o)
 .ARM.attributes
                0x0000000000000b07       0x1e c:/st/stm32cubeide_1.7.0/stm32cubeide/plugins/com.st.stm32cube.ide.mcu.externaltools.gnu-tools-for-stm32.9-2020-q2-update.win32_2.0.0.202105311346/tools/bin/../lib/gcc/arm-none-eabi/9.3.1/thumb/v7e-m+fp/hard/crtn.o
OUTPUT(Mark_I.elf elf32-littlearm)
LOAD linker stubs
LOAD c:/st/stm32cubeide_1.7.0/stm32cubeide/plugins/com.st.stm32cube.ide.mcu.externaltools.gnu-tools-for-stm32.9-2020-q2-update.win32_2.0.0.202105311346/tools/bin/../lib/gcc/arm-none-eabi/9.3.1/../../../../arm-none-eabi/lib/thumb/v7e-m+fp/hard\libc.a
LOAD c:/st/stm32cubeide_1.7.0/stm32cubeide/plugins/com.st.stm32cube.ide.mcu.externaltools.gnu-tools-for-stm32.9-2020-q2-update.win32_2.0.0.202105311346/tools/bin/../lib/gcc/arm-none-eabi/9.3.1/../../../../arm-none-eabi/lib/thumb/v7e-m+fp/hard\libm.a
LOAD c:/st/stm32cubeide_1.7.0/stm32cubeide/plugins/com.st.stm32cube.ide.mcu.externaltools.gnu-tools-for-stm32.9-2020-q2-update.win32_2.0.0.202105311346/tools/bin/../lib/gcc/arm-none-eabi/9.3.1/thumb/v7e-m+fp/hard\libgcc.a

.debug_info     0x0000000000000000    0x1f837
 .debug_info    0x0000000000000000     0x1193 ./Core/Complementary_Filter/Complementary_Filter.o
 .debug_info    0x0000000000001193     0x11b8 ./Core/Controller/Controller.o
 .debug_info    0x000000000000234b     0x14e2 ./Core/Data_Logger/Data_logger.o
 .debug_info    0x000000000000382d     0x13d2 ./Core/High_Level/High_Level.o
 .debug_info    0x0000000000004bff     0x10fb ./Core/Motor_Mixer/Motor_Mixer.o
 .debug_info    0x0000000000005cfa     0x1165 ./Core/Motors/Motors.o
 .debug_info    0x0000000000006e5f      0x855 ./Core/Peripherals/I2c.o
 .debug_info    0x00000000000076b4      0x8f9 ./Core/Peripherals/Timer.o
 .debug_info    0x0000000000007fad     0x1205 ./Core/Peripherals/Uart.o
 .debug_info    0x00000000000091b2     0x10e6 ./Core/Radio/Ibus.o
 .debug_info    0x000000000000a298      0xfe5 ./Core/Radio/Radio.o
 .debug_info    0x000000000000b27d      0x9e3 ./Core/Sensors/Mpu.o
 .debug_info    0x000000000000bc60      0x5a7 ./Core/Src/dma.o
 .debug_info    0x000000000000c207      0x4f5 ./Core/Src/gpio.o
 .debug_info    0x000000000000c6fc      0xaa1 ./Core/Src/i2c.o
 .debug_info    0x000000000000d19d     0x1913 ./Core/Src/main.o
 .debug_info    0x000000000000eab0      0x394 ./Core/Src/stm32f4xx_hal_msp.o
 .debug_info    0x000000000000ee44     0x10d9 ./Core/Src/stm32f4xx_it.o
 .debug_info    0x000000000000ff1d      0x5a4 ./Core/Src/system_stm32f4xx.o
 .debug_info    0x00000000000104c1      0xc68 ./Core/Src/tim.o
 .debug_info    0x0000000000011129      0xcc5 ./Core/Src/usart.o
 .debug_info    0x0000000000011dee       0x22 ./Core/Startup/startup_stm32f405rgtx.o
 .debug_info    0x0000000000011e10      0xc0e ./Core/Task_Manager/Task_Manager.o
 .debug_info    0x0000000000012a1e      0x9a0 ./Drivers/STM32F4xx_HAL_Driver/Src/stm32f4xx_hal.o
 .debug_info    0x00000000000133be      0xec5 ./Drivers/STM32F4xx_HAL_Driver/Src/stm32f4xx_hal_cortex.o
 .debug_info    0x0000000000014283      0x9f1 ./Drivers/STM32F4xx_HAL_Driver/Src/stm32f4xx_hal_dma.o
 .debug_info    0x0000000000014c74      0x83e ./Drivers/STM32F4xx_HAL_Driver/Src/stm32f4xx_hal_gpio.o
 .debug_info    0x00000000000154b2     0x264d ./Drivers/STM32F4xx_HAL_Driver/Src/stm32f4xx_hal_i2c.o
 .debug_info    0x0000000000017aff      0x996 ./Drivers/STM32F4xx_HAL_Driver/Src/stm32f4xx_hal_rcc.o
 .debug_info    0x0000000000018495     0x2c22 ./Drivers/STM32F4xx_HAL_Driver/Src/stm32f4xx_hal_tim.o
 .debug_info    0x000000000001b0b7     0x15a2 ./Drivers/STM32F4xx_HAL_Driver/Src/stm32f4xx_hal_tim_ex.o
 .debug_info    0x000000000001c659     0x31de ./Drivers/STM32F4xx_HAL_Driver/Src/stm32f4xx_hal_uart.o

.debug_abbrev   0x0000000000000000     0x4137
 .debug_abbrev  0x0000000000000000      0x27d ./Core/Complementary_Filter/Complementary_Filter.o
 .debug_abbrev  0x000000000000027d      0x24d ./Core/Controller/Controller.o
 .debug_abbrev  0x00000000000004ca      0x319 ./Core/Data_Logger/Data_logger.o
 .debug_abbrev  0x00000000000007e3      0x206 ./Core/High_Level/High_Level.o
 .debug_abbrev  0x00000000000009e9      0x206 ./Core/Motor_Mixer/Motor_Mixer.o
 .debug_abbrev  0x0000000000000bef      0x231 ./Core/Motors/Motors.o
 .debug_abbrev  0x0000000000000e20      0x189 ./Core/Peripherals/I2c.o
 .debug_abbrev  0x0000000000000fa9      0x1b6 ./Core/Peripherals/Timer.o
 .debug_abbrev  0x000000000000115f      0x28e ./Core/Peripherals/Uart.o
 .debug_abbrev  0x00000000000013ed      0x23e ./Core/Radio/Ibus.o
 .debug_abbrev  0x000000000000162b      0x1f3 ./Core/Radio/Radio.o
 .debug_abbrev  0x000000000000181e      0x1cc ./Core/Sensors/Mpu.o
 .debug_abbrev  0x00000000000019ea      0x126 ./Core/Src/dma.o
 .debug_abbrev  0x0000000000001b10      0x14e ./Core/Src/gpio.o
 .debug_abbrev  0x0000000000001c5e      0x1ce ./Core/Src/i2c.o
 .debug_abbrev  0x0000000000001e2c      0x25a ./Core/Src/main.o
 .debug_abbrev  0x0000000000002086      0x11d ./Core/Src/stm32f4xx_hal_msp.o
 .debug_abbrev  0x00000000000021a3      0x227 ./Core/Src/stm32f4xx_it.o
 .debug_abbrev  0x00000000000023ca      0x145 ./Core/Src/system_stm32f4xx.o
 .debug_abbrev  0x000000000000250f      0x1ea ./Core/Src/tim.o
 .debug_abbrev  0x00000000000026f9      0x1d7 ./Core/Src/usart.o
 .debug_abbrev  0x00000000000028d0       0x12 ./Core/Startup/startup_stm32f405rgtx.o
 .debug_abbrev  0x00000000000028e2      0x23c ./Core/Task_Manager/Task_Manager.o
 .debug_abbrev  0x0000000000002b1e      0x1ed ./Drivers/STM32F4xx_HAL_Driver/Src/stm32f4xx_hal.o
 .debug_abbrev  0x0000000000002d0b      0x33c ./Drivers/STM32F4xx_HAL_Driver/Src/stm32f4xx_hal_cortex.o
 .debug_abbrev  0x0000000000003047      0x259 ./Drivers/STM32F4xx_HAL_Driver/Src/stm32f4xx_hal_dma.o
 .debug_abbrev  0x00000000000032a0      0x1f1 ./Drivers/STM32F4xx_HAL_Driver/Src/stm32f4xx_hal_gpio.o
 .debug_abbrev  0x0000000000003491      0x282 ./Drivers/STM32F4xx_HAL_Driver/Src/stm32f4xx_hal_i2c.o
 .debug_abbrev  0x0000000000003713      0x275 ./Drivers/STM32F4xx_HAL_Driver/Src/stm32f4xx_hal_rcc.o
 .debug_abbrev  0x0000000000003988      0x25e ./Drivers/STM32F4xx_HAL_Driver/Src/stm32f4xx_hal_tim.o
 .debug_abbrev  0x0000000000003be6      0x266 ./Drivers/STM32F4xx_HAL_Driver/Src/stm32f4xx_hal_tim_ex.o
 .debug_abbrev  0x0000000000003e4c      0x2eb ./Drivers/STM32F4xx_HAL_Driver/Src/stm32f4xx_hal_uart.o

.debug_aranges  0x0000000000000000     0x12b0
 .debug_aranges
                0x0000000000000000       0x38 ./Core/Complementary_Filter/Complementary_Filter.o
 .debug_aranges
                0x0000000000000038       0x40 ./Core/Controller/Controller.o
 .debug_aranges
                0x0000000000000078       0x70 ./Core/Data_Logger/Data_logger.o
 .debug_aranges
                0x00000000000000e8       0x28 ./Core/High_Level/High_Level.o
 .debug_aranges
                0x0000000000000110       0x30 ./Core/Motor_Mixer/Motor_Mixer.o
 .debug_aranges
                0x0000000000000140       0x40 ./Core/Motors/Motors.o
 .debug_aranges
                0x0000000000000180       0x30 ./Core/Peripherals/I2c.o
 .debug_aranges
                0x00000000000001b0       0x48 ./Core/Peripherals/Timer.o
 .debug_aranges
                0x00000000000001f8       0x50 ./Core/Peripherals/Uart.o
 .debug_aranges
                0x0000000000000248       0x30 ./Core/Radio/Ibus.o
 .debug_aranges
                0x0000000000000278       0x38 ./Core/Radio/Radio.o
 .debug_aranges
                0x00000000000002b0       0x50 ./Core/Sensors/Mpu.o
 .debug_aranges
                0x0000000000000300       0x20 ./Core/Src/dma.o
 .debug_aranges
                0x0000000000000320       0x20 ./Core/Src/gpio.o
 .debug_aranges
                0x0000000000000340       0x30 ./Core/Src/i2c.o
 .debug_aranges
                0x0000000000000370       0x30 ./Core/Src/main.o
 .debug_aranges
                0x00000000000003a0       0x20 ./Core/Src/stm32f4xx_hal_msp.o
 .debug_aranges
                0x00000000000003c0       0xa8 ./Core/Src/stm32f4xx_it.o
 .debug_aranges
                0x0000000000000468       0x28 ./Core/Src/system_stm32f4xx.o
 .debug_aranges
                0x0000000000000490       0x38 ./Core/Src/tim.o
 .debug_aranges
                0x00000000000004c8       0x38 ./Core/Src/usart.o
 .debug_aranges
                0x0000000000000500       0x28 ./Core/Startup/startup_stm32f405rgtx.o
 .debug_aranges
                0x0000000000000528       0x38 ./Core/Task_Manager/Task_Manager.o
 .debug_aranges
                0x0000000000000560       0xf0 ./Drivers/STM32F4xx_HAL_Driver/Src/stm32f4xx_hal.o
 .debug_aranges
                0x0000000000000650      0x118 ./Drivers/STM32F4xx_HAL_Driver/Src/stm32f4xx_hal_cortex.o
 .debug_aranges
                0x0000000000000768       0x90 ./Drivers/STM32F4xx_HAL_Driver/Src/stm32f4xx_hal_dma.o
 .debug_aranges
                0x00000000000007f8       0x58 ./Drivers/STM32F4xx_HAL_Driver/Src/stm32f4xx_hal_gpio.o
 .debug_aranges
                0x0000000000000850      0x2a0 ./Drivers/STM32F4xx_HAL_Driver/Src/stm32f4xx_hal_i2c.o
 .debug_aranges
                0x0000000000000af0       0x88 ./Drivers/STM32F4xx_HAL_Driver/Src/stm32f4xx_hal_rcc.o
 .debug_aranges
                0x0000000000000b78      0x3d0 ./Drivers/STM32F4xx_HAL_Driver/Src/stm32f4xx_hal_tim.o
 .debug_aranges
                0x0000000000000f48      0x168 ./Drivers/STM32F4xx_HAL_Driver/Src/stm32f4xx_hal_tim_ex.o
 .debug_aranges
                0x00000000000010b0      0x200 ./Drivers/STM32F4xx_HAL_Driver/Src/stm32f4xx_hal_uart.o

.debug_ranges   0x0000000000000000     0x1110
 .debug_ranges  0x0000000000000000       0x28 ./Core/Complementary_Filter/Complementary_Filter.o
 .debug_ranges  0x0000000000000028       0x30 ./Core/Controller/Controller.o
 .debug_ranges  0x0000000000000058       0x60 ./Core/Data_Logger/Data_logger.o
 .debug_ranges  0x00000000000000b8       0x18 ./Core/High_Level/High_Level.o
 .debug_ranges  0x00000000000000d0       0x20 ./Core/Motor_Mixer/Motor_Mixer.o
 .debug_ranges  0x00000000000000f0       0x30 ./Core/Motors/Motors.o
 .debug_ranges  0x0000000000000120       0x20 ./Core/Peripherals/I2c.o
 .debug_ranges  0x0000000000000140       0x38 ./Core/Peripherals/Timer.o
 .debug_ranges  0x0000000000000178       0x40 ./Core/Peripherals/Uart.o
 .debug_ranges  0x00000000000001b8       0x20 ./Core/Radio/Ibus.o
 .debug_ranges  0x00000000000001d8       0x28 ./Core/Radio/Radio.o
 .debug_ranges  0x0000000000000200       0x40 ./Core/Sensors/Mpu.o
 .debug_ranges  0x0000000000000240       0x10 ./Core/Src/dma.o
 .debug_ranges  0x0000000000000250       0x10 ./Core/Src/gpio.o
 .debug_ranges  0x0000000000000260       0x20 ./Core/Src/i2c.o
 .debug_ranges  0x0000000000000280       0x20 ./Core/Src/main.o
 .debug_ranges  0x00000000000002a0       0x10 ./Core/Src/stm32f4xx_hal_msp.o
 .debug_ranges  0x00000000000002b0       0x98 ./Core/Src/stm32f4xx_it.o
 .debug_ranges  0x0000000000000348       0x18 ./Core/Src/system_stm32f4xx.o
 .debug_ranges  0x0000000000000360       0x28 ./Core/Src/tim.o
 .debug_ranges  0x0000000000000388       0x28 ./Core/Src/usart.o
 .debug_ranges  0x00000000000003b0       0x20 ./Core/Startup/startup_stm32f405rgtx.o
 .debug_ranges  0x00000000000003d0       0x28 ./Core/Task_Manager/Task_Manager.o
 .debug_ranges  0x00000000000003f8       0xe0 ./Drivers/STM32F4xx_HAL_Driver/Src/stm32f4xx_hal.o
 .debug_ranges  0x00000000000004d8      0x108 ./Drivers/STM32F4xx_HAL_Driver/Src/stm32f4xx_hal_cortex.o
 .debug_ranges  0x00000000000005e0       0x80 ./Drivers/STM32F4xx_HAL_Driver/Src/stm32f4xx_hal_dma.o
 .debug_ranges  0x0000000000000660       0x48 ./Drivers/STM32F4xx_HAL_Driver/Src/stm32f4xx_hal_gpio.o
 .debug_ranges  0x00000000000006a8      0x2b8 ./Drivers/STM32F4xx_HAL_Driver/Src/stm32f4xx_hal_i2c.o
 .debug_ranges  0x0000000000000960       0x78 ./Drivers/STM32F4xx_HAL_Driver/Src/stm32f4xx_hal_rcc.o
 .debug_ranges  0x00000000000009d8      0x3c0 ./Drivers/STM32F4xx_HAL_Driver/Src/stm32f4xx_hal_tim.o
 .debug_ranges  0x0000000000000d98      0x158 ./Drivers/STM32F4xx_HAL_Driver/Src/stm32f4xx_hal_tim_ex.o
 .debug_ranges  0x0000000000000ef0      0x220 ./Drivers/STM32F4xx_HAL_Driver/Src/stm32f4xx_hal_uart.o

.debug_macro    0x0000000000000000    0x23835
 .debug_macro   0x0000000000000000      0x3bc ./Core/Complementary_Filter/Complementary_Filter.o
 .debug_macro   0x00000000000003bc      0xaa8 ./Core/Complementary_Filter/Complementary_Filter.o
 .debug_macro   0x0000000000000e64       0x22 ./Core/Complementary_Filter/Complementary_Filter.o
 .debug_macro   0x0000000000000e86       0x8e ./Core/Complementary_Filter/Complementary_Filter.o
 .debug_macro   0x0000000000000f14       0x51 ./Core/Complementary_Filter/Complementary_Filter.o
 .debug_macro   0x0000000000000f65      0x103 ./Core/Complementary_Filter/Complementary_Filter.o
 .debug_macro   0x0000000000001068       0x6a ./Core/Complementary_Filter/Complementary_Filter.o
 .debug_macro   0x00000000000010d2      0x1df ./Core/Complementary_Filter/Complementary_Filter.o
 .debug_macro   0x00000000000012b1       0x52 ./Core/Complementary_Filter/Complementary_Filter.o
 .debug_macro   0x0000000000001303       0x18 ./Core/Complementary_Filter/Complementary_Filter.o
 .debug_macro   0x000000000000131b       0x3c ./Core/Complementary_Filter/Complementary_Filter.o
 .debug_macro   0x0000000000001357       0x34 ./Core/Complementary_Filter/Complementary_Filter.o
 .debug_macro   0x000000000000138b       0x16 ./Core/Complementary_Filter/Complementary_Filter.o
 .debug_macro   0x00000000000013a1       0x97 ./Core/Complementary_Filter/Complementary_Filter.o
 .debug_macro   0x0000000000001438      0x339 ./Core/Complementary_Filter/Complementary_Filter.o
 .debug_macro   0x0000000000001771       0xfd ./Core/Complementary_Filter/Complementary_Filter.o
 .debug_macro   0x000000000000186e       0x10 ./Core/Complementary_Filter/Complementary_Filter.o
 .debug_macro   0x000000000000187e       0x16 ./Core/Complementary_Filter/Complementary_Filter.o
 .debug_macro   0x0000000000001894       0x43 ./Core/Complementary_Filter/Complementary_Filter.o
 .debug_macro   0x00000000000018d7       0x34 ./Core/Complementary_Filter/Complementary_Filter.o
 .debug_macro   0x000000000000190b       0x10 ./Core/Complementary_Filter/Complementary_Filter.o
 .debug_macro   0x000000000000191b       0x58 ./Core/Complementary_Filter/Complementary_Filter.o
 .debug_macro   0x0000000000001973       0x71 ./Core/Complementary_Filter/Complementary_Filter.o
 .debug_macro   0x00000000000019e4       0x1c ./Core/Complementary_Filter/Complementary_Filter.o
 .debug_macro   0x0000000000001a00      0x12a ./Core/Complementary_Filter/Complementary_Filter.o
 .debug_macro   0x0000000000001b2a       0x10 ./Core/Complementary_Filter/Complementary_Filter.o
 .debug_macro   0x0000000000001b3a       0x1c ./Core/Complementary_Filter/Complementary_Filter.o
 .debug_macro   0x0000000000001b56       0x52 ./Core/Complementary_Filter/Complementary_Filter.o
 .debug_macro   0x0000000000001ba8       0x22 ./Core/Complementary_Filter/Complementary_Filter.o
 .debug_macro   0x0000000000001bca       0x10 ./Core/Complementary_Filter/Complementary_Filter.o
 .debug_macro   0x0000000000001bda       0x40 ./Core/Complementary_Filter/Complementary_Filter.o
 .debug_macro   0x0000000000001c1a       0xd5 ./Core/Complementary_Filter/Complementary_Filter.o
 .debug_macro   0x0000000000001cef       0x1c ./Core/Complementary_Filter/Complementary_Filter.o
 .debug_macro   0x0000000000001d0b       0x3d ./Core/Complementary_Filter/Complementary_Filter.o
 .debug_macro   0x0000000000001d48       0x16 ./Core/Complementary_Filter/Complementary_Filter.o
 .debug_macro   0x0000000000001d5e      0x145 ./Core/Complementary_Filter/Complementary_Filter.o
 .debug_macro   0x0000000000001ea3       0x34 ./Core/Complementary_Filter/Complementary_Filter.o
 .debug_macro   0x0000000000001ed7       0x10 ./Core/Complementary_Filter/Complementary_Filter.o
 .debug_macro   0x0000000000001ee7      0x2a1 ./Core/Complementary_Filter/Complementary_Filter.o
 .debug_macro   0x0000000000002188       0x2e ./Core/Complementary_Filter/Complementary_Filter.o
 .debug_macro   0x00000000000021b6       0x2f ./Core/Complementary_Filter/Complementary_Filter.o
 .debug_macro   0x00000000000021e5       0x1c ./Core/Complementary_Filter/Complementary_Filter.o
 .debug_macro   0x0000000000002201       0x22 ./Core/Complementary_Filter/Complementary_Filter.o
 .debug_macro   0x0000000000002223       0xd9 ./Core/Complementary_Filter/Complementary_Filter.o
 .debug_macro   0x00000000000022fc     0x102d ./Core/Complementary_Filter/Complementary_Filter.o
 .debug_macro   0x0000000000003329      0x11f ./Core/Complementary_Filter/Complementary_Filter.o
 .debug_macro   0x0000000000003448    0x1426d ./Core/Complementary_Filter/Complementary_Filter.o
 .debug_macro   0x00000000000176b5       0x6d ./Core/Complementary_Filter/Complementary_Filter.o
 .debug_macro   0x0000000000017722     0x3666 ./Core/Complementary_Filter/Complementary_Filter.o
 .debug_macro   0x000000000001ad88       0x56 ./Core/Complementary_Filter/Complementary_Filter.o
 .debug_macro   0x000000000001adde      0x8a7 ./Core/Complementary_Filter/Complementary_Filter.o
 .debug_macro   0x000000000001b685      0x9fe ./Core/Complementary_Filter/Complementary_Filter.o
 .debug_macro   0x000000000001c083      0x116 ./Core/Complementary_Filter/Complementary_Filter.o
 .debug_macro   0x000000000001c199      0x130 ./Core/Complementary_Filter/Complementary_Filter.o
 .debug_macro   0x000000000001c2c9       0xa5 ./Core/Complementary_Filter/Complementary_Filter.o
 .debug_macro   0x000000000001c36e      0x174 ./Core/Complementary_Filter/Complementary_Filter.o
 .debug_macro   0x000000000001c4e2      0x287 ./Core/Complementary_Filter/Complementary_Filter.o
 .debug_macro   0x000000000001c769       0x5f ./Core/Complementary_Filter/Complementary_Filter.o
 .debug_macro   0x000000000001c7c8      0x236 ./Core/Complementary_Filter/Complementary_Filter.o
 .debug_macro   0x000000000001c9fe      0x12c ./Core/Complementary_Filter/Complementary_Filter.o
 .debug_macro   0x000000000001cb2a      0x21e ./Core/Complementary_Filter/Complementary_Filter.o
 .debug_macro   0x000000000001cd48       0x2e ./Core/Complementary_Filter/Complementary_Filter.o
 .debug_macro   0x000000000001cd76      0x1b5 ./Core/Complementary_Filter/Complementary_Filter.o
 .debug_macro   0x000000000001cf2b       0xd6 ./Core/Complementary_Filter/Complementary_Filter.o
 .debug_macro   0x000000000001d001      0x11a ./Core/Complementary_Filter/Complementary_Filter.o
 .debug_macro   0x000000000001d11b       0x7e ./Core/Complementary_Filter/Complementary_Filter.o
 .debug_macro   0x000000000001d199       0x89 ./Core/Complementary_Filter/Complementary_Filter.o
 .debug_macro   0x000000000001d222      0x8d1 ./Core/Complementary_Filter/Complementary_Filter.o
 .debug_macro   0x000000000001daf3       0x47 ./Core/Complementary_Filter/Complementary_Filter.o
 .debug_macro   0x000000000001db3a      0x295 ./Core/Complementary_Filter/Complementary_Filter.o