Archive member included to satisfy reference by file (symbol)

c:/st/stm32cubeide_1.7.0/stm32cubeide/plugins/com.st.stm32cube.ide.mcu.externaltools.gnu-tools-for-stm32.9-2020-q2-update.win32_2.0.0.202105311346/tools/bin/../lib/gcc/arm-none-eabi/9.3.1/../../../../arm-none-eabi/lib/thumb/v7e-m+fp/hard\libc_nano.a(lib_a-errno.o)
                              ./Core/Src/syscalls.o (__errno)
c:/st/stm32cubeide_1.7.0/stm32cubeide/plugins/com.st.stm32cube.ide.mcu.externaltools.gnu-tools-for-stm32.9-2020-q2-update.win32_2.0.0.202105311346/tools/bin/../lib/gcc/arm-none-eabi/9.3.1/../../../../arm-none-eabi/lib/thumb/v7e-m+fp/hard\libc_nano.a(lib_a-exit.o)
                              c:/st/stm32cubeide_1.7.0/stm32cubeide/plugins/com.st.stm32cube.ide.mcu.externaltools.gnu-tools-for-stm32.9-2020-q2-update.win32_2.0.0.202105311346/tools/bin/../lib/gcc/arm-none-eabi/9.3.1/../../../../arm-none-eabi/lib/thumb/v7e-m+fp/hard/crt0.o (exit)
c:/st/stm32cubeide_1.7.0/stm32cubeide/plugins/com.st.stm32cube.ide.mcu.externaltools.gnu-tools-for-stm32.9-2020-q2-update.win32_2.0.0.202105311346/tools/bin/../lib/gcc/arm-none-eabi/9.3.1/../../../../arm-none-eabi/lib/thumb/v7e-m+fp/hard\libc_nano.a(lib_a-impure.o)
                              c:/st/stm32cubeide_1.7.0/stm32cubeide/plugins/com.st.stm32cube.ide.mcu.externaltools.gnu-tools-for-stm32.9-2020-q2-update.win32_2.0.0.202105311346/tools/bin/../lib/gcc/arm-none-eabi/9.3.1/../../../../arm-none-eabi/lib/thumb/v7e-m+fp/hard\libc_nano.a(lib_a-exit.o) (_global_impure_ptr)
c:/st/stm32cubeide_1.7.0/stm32cubeide/plugins/com.st.stm32cube.ide.mcu.externaltools.gnu-tools-for-stm32.9-2020-q2-update.win32_2.0.0.202105311346/tools/bin/../lib/gcc/arm-none-eabi/9.3.1/../../../../arm-none-eabi/lib/thumb/v7e-m+fp/hard\libc_nano.a(lib_a-init.o)
                              c:/st/stm32cubeide_1.7.0/stm32cubeide/plugins/com.st.stm32cube.ide.mcu.externaltools.gnu-tools-for-stm32.9-2020-q2-update.win32_2.0.0.202105311346/tools/bin/../lib/gcc/arm-none-eabi/9.3.1/../../../../arm-none-eabi/lib/thumb/v7e-m+fp/hard/crt0.o (__libc_init_array)
c:/st/stm32cubeide_1.7.0/stm32cubeide/plugins/com.st.stm32cube.ide.mcu.externaltools.gnu-tools-for-stm32.9-2020-q2-update.win32_2.0.0.202105311346/tools/bin/../lib/gcc/arm-none-eabi/9.3.1/../../../../arm-none-eabi/lib/thumb/v7e-m+fp/hard\libc_nano.a(lib_a-memcpy-stub.o)
                              ./Core/Data_Logger/Data_logger.o (memcpy)
c:/st/stm32cubeide_1.7.0/stm32cubeide/plugins/com.st.stm32cube.ide.mcu.externaltools.gnu-tools-for-stm32.9-2020-q2-update.win32_2.0.0.202105311346/tools/bin/../lib/gcc/arm-none-eabi/9.3.1/../../../../arm-none-eabi/lib/thumb/v7e-m+fp/hard\libc_nano.a(lib_a-memmove.o)
                              ./Core/OS/scheduler/scheduler.o (memmove)
c:/st/stm32cubeide_1.7.0/stm32cubeide/plugins/com.st.stm32cube.ide.mcu.externaltools.gnu-tools-for-stm32.9-2020-q2-update.win32_2.0.0.202105311346/tools/bin/../lib/gcc/arm-none-eabi/9.3.1/../../../../arm-none-eabi/lib/thumb/v7e-m+fp/hard\libc_nano.a(lib_a-memset.o)
                              c:/st/stm32cubeide_1.7.0/stm32cubeide/plugins/com.st.stm32cube.ide.mcu.externaltools.gnu-tools-for-stm32.9-2020-q2-update.win32_2.0.0.202105311346/tools/bin/../lib/gcc/arm-none-eabi/9.3.1/../../../../arm-none-eabi/lib/thumb/v7e-m+fp/hard/crt0.o (memset)
c:/st/stm32cubeide_1.7.0/stm32cubeide/plugins/com.st.stm32cube.ide.mcu.externaltools.gnu-tools-for-stm32.9-2020-q2-update.win32_2.0.0.202105311346/tools/bin/../lib/gcc/arm-none-eabi/9.3.1/thumb/v7e-m+fp/hard\libgcc.a(_aeabi_uldivmod.o)
                              ./Drivers/STM32F4xx_HAL_Driver/Src/stm32f4xx_hal_rcc.o (__aeabi_uldivmod)
c:/st/stm32cubeide_1.7.0/stm32cubeide/plugins/com.st.stm32cube.ide.mcu.externaltools.gnu-tools-for-stm32.9-2020-q2-update.win32_2.0.0.202105311346/tools/bin/../lib/gcc/arm-none-eabi/9.3.1/thumb/v7e-m+fp/hard\libgcc.a(_udivmoddi4.o)
                              c:/st/stm32cubeide_1.7.0/stm32cubeide/plugins/com.st.stm32cube.ide.mcu.externaltools.gnu-tools-for-stm32.9-2020-q2-update.win32_2.0.0.202105311346/tools/bin/../lib/gcc/arm-none-eabi/9.3.1/thumb/v7e-m+fp/hard\libgcc.a(_aeabi_uldivmod.o) (__udivmoddi4)
c:/st/stm32cubeide_1.7.0/stm32cubeide/plugins/com.st.stm32cube.ide.mcu.externaltools.gnu-tools-for-stm32.9-2020-q2-update.win32_2.0.0.202105311346/tools/bin/../lib/gcc/arm-none-eabi/9.3.1/thumb/v7e-m+fp/hard\libgcc.a(_dvmd_tls.o)
                              c:/st/stm32cubeide_1.7.0/stm32cubeide/plugins/com.st.stm32cube.ide.mcu.externaltools.gnu-tools-for-stm32.9-2020-q2-update.win32_2.0.0.202105311346/tools/bin/../lib/gcc/arm-none-eabi/9.3.1/thumb/v7e-m+fp/hard\libgcc.a(_aeabi_uldivmod.o) (__aeabi_ldiv0)

Allocating common symbols
Common symbol       size              file

hdma_uart4_rx       0x60              ./Core/Src/usart.o
uwTick              0x4               ./Drivers/STM32F4xx_HAL_Driver/Src/stm32f4xx_hal.o
pFlash              0x20              ./Drivers/STM32F4xx_HAL_Driver/Src/stm32f4xx_hal_flash.o
[...]
Memory Configuration

Name             Origin             Length             Attributes
CCMRAM           0x0000000010000000 0x0000000000010000 xrw
RAM              0x0000000020000000 0x0000000000020000 xrw
FLASH            0x0000000008000000 0x0000000000100000 xr
*default*        0x0000000000000000 0xffffffffffffffff

Linker script and memory map

LOAD c:/st/stm32cubeide_1.7.0/stm32cubeide/plugins/com.st.stm32cube.ide.mcu.externaltools.gnu-tools-for-stm32.9-2020-q2-update.win32_2.0.0.202105311346/tools/bin/../lib/gcc/arm-none-eabi/9.3.1/thumb/v7e-m+fp/hard/crti.o
LOAD c:/st/stm32cubeide_1.7.0/stm32cubeide/plugins/com.st.stm32cube.ide.mcu.externaltools.gnu-tools-for-stm32.9-2020-q2-update.win32_2.0.0.202105311346/tools/bin/../lib/gcc/arm-none-eabi/9.3.1/thumb/v7e-m+fp/hard/crtbegin.o
LOAD c:/st/stm32cubeide_1.7.0/stm32cubeide/plugins/com.st.stm32cube.ide.mcu.externaltools.gnu-tools-for-stm32.9-2020-q2-update.win32_2.0.0.202105311346/tools/bin/../lib/gcc/arm-none-eabi/9.3.1/../../../../arm-none-eabi/lib/thumb/v7e-m+fp/hard/crt0.o
LOAD ./Core/Data_Logger/Data_logger.o
LOAD ./Core/OS/events/events.o
LOAD ./Core/OS/events/mask.o
LOAD ./Core/OS/events/mask_def.o
LOAD ./Core/OS/scheduler/scheduler.o
LOAD ./Core/OS/tasks/task.o
LOAD ./Core/OS/time.o
LOAD ./Core/Peripherals/Spi.o
LOAD ./Core/Peripherals/Uart.o
LOAD ./Core/Src/dma.o
LOAD ./Core/Src/gpio.o
LOAD ./Core/Src/main.o
LOAD ./Core/Src/spi.o
LOAD ./Core/Src/stm32f4xx_hal_msp.o
LOAD ./Core/Src/stm32f4xx_it.o
LOAD ./Core/Src/syscalls.o
LOAD ./Core/Src/sysmem.o
LOAD ./Core/Src/system_stm32f4xx.o
LOAD ./Core/Src/usart.o
LOAD ./Core/Startup/startup_stm32f405rgtx.o
LOAD ./Drivers/STM32F4xx_HAL_Driver/Src/stm32f4xx_hal.o
LOAD ./Drivers/STM32F4xx_HAL_Driver/Src/stm32f4xx_hal_cortex.o
LOAD ./Drivers/STM32F4xx_HAL_Driver/Src/stm32f4xx_hal_dma.o
LOAD ./Drivers/STM32F4xx_HAL_Driver/Src/stm32f4xx_hal_dma_ex.o
LOAD ./Drivers/STM32F4xx_HAL_Driver/Src/stm32f4xx_hal_exti.o
LOAD ./Drivers/STM32F4xx_HAL_Driver/Src/stm32f4xx_hal_flash.o
LOAD ./Drivers/STM32F4xx_HAL_Driver/Src/stm32f4xx_hal_flash_ex.o
LOAD ./Drivers/STM32F4xx_HAL_Driver/Src/stm32f4xx_hal_flash_ramfunc.o
LOAD ./Drivers/STM32F4xx_HAL_Driver/Src/stm32f4xx_hal_gpio.o
LOAD ./Drivers/STM32F4xx_HAL_Driver/Src/stm32f4xx_hal_pwr.o
LOAD ./Drivers/STM32F4xx_HAL_Driver/Src/stm32f4xx_hal_pwr_ex.o
LOAD ./Drivers/STM32F4xx_HAL_Driver/Src/stm32f4xx_hal_rcc.o
LOAD ./Drivers/STM32F4xx_HAL_Driver/Src/stm32f4xx_hal_rcc_ex.o
LOAD ./Drivers/STM32F4xx_HAL_Driver/Src/stm32f4xx_hal_spi.o
LOAD ./Drivers/STM32F4xx_HAL_Driver/Src/stm32f4xx_hal_tim.o
LOAD ./Drivers/STM32F4xx_HAL_Driver/Src/stm32f4xx_hal_tim_ex.o
LOAD ./Drivers/STM32F4xx_HAL_Driver/Src/stm32f4xx_hal_uart.o
START GROUP
LOAD c:/st/stm32cubeide_1.7.0/stm32cubeide/plugins/com.st.stm32cube.ide.mcu.externaltools.gnu-tools-for-stm32.9-2020-q2-update.win32_2.0.0.202105311346/tools/bin/../lib/gcc/arm-none-eabi/9.3.1/../../../../arm-none-eabi/lib/thumb/v7e-m+fp/hard\libc_nano.a
LOAD c:/st/stm32cubeide_1.7.0/stm32cubeide/plugins/com.st.stm32cube.ide.mcu.externaltools.gnu-tools-for-stm32.9-2020-q2-update.win32_2.0.0.202105311346/tools/bin/../lib/gcc/arm-none-eabi/9.3.1/../../../../arm-none-eabi/lib/thumb/v7e-m+fp/hard\libm.a
END GROUP
START GROUP
LOAD c:/st/stm32cubeide_1.7.0/stm32cubeide/plugins/com.st.stm32cube.ide.mcu.externaltools.gnu-tools-for-stm32.9-2020-q2-update.win32_2.0.0.202105311346/tools/bin/../lib/gcc/arm-none-eabi/9.3.1/thumb/v7e-m+fp/hard\libgcc.a
LOAD c:/st/stm32cubeide_1.7.0/stm32cubeide/plugins/com.st.stm32cube.ide.mcu.externaltools.gnu-tools-for-stm32.9-2020-q2-update.win32_2.0.0.202105311346/tools/bin/../lib/gcc/arm-none-eabi/9.3.1/../../../../arm-none-eabi/lib/thumb/v7e-m+fp/hard\libc_nano.a
END GROUP
START GROUP
LOAD c:/st/stm32cubeide_1.7.0/stm32cubeide/plugins/com.st.stm32cube.ide.mcu.externaltools.gnu-tools-for-stm32.9-2020-q2-update.win32_2.0.0.202105311346/tools/bin/../lib/gcc/arm-none-eabi/9.3.1/thumb/v7e-m+fp/hard\libgcc.a
LOAD c:/st/stm32cubeide_1.7.0/stm32cubeide/plugins/com.st.stm32cube.ide.mcu.externaltools.gnu-tools-for-stm32.9-2020-q2-update.win32_2.0.0.202105311346/tools/bin/../lib/gcc/arm-none-eabi/9.3.1/../../../../arm-none-eabi/lib/thumb/v7e-m+fp/hard\libc_nano.a
LOAD c:/st/stm32cubeide_1.7.0/stm32cubeide/plugins/com.st.stm32cube.ide.mcu.externaltools.gnu-tools-for-stm32.9-2020-q2-update.win32_2.0.0.202105311346/tools/bin/../lib/gcc/arm-none-eabi/9.3.1/../../../../arm-none-eabi/lib/thumb/v7e-m+fp/hard\libnosys.a
END GROUP
START GROUP
LOAD c:/st/stm32cubeide_1.7.0/stm32cubeide/plugins/com.st.stm32cube.ide.mcu.externaltools.gnu-tools-for-stm32.9-2020-q2-update.win32_2.0.0.202105311346/tools/bin/../lib/gcc/arm-none-eabi/9.3.1/thumb/v7e-m+fp/hard\libgcc.a
LOAD c:/st/stm32cubeide_1.7.0/stm32cubeide/plugins/com.st.stm32cube.ide.mcu.externaltools.gnu-tools-for-stm32.9-2020-q2-update.win32_2.0.0.202105311346/tools/bin/../lib/gcc/arm-none-eabi/9.3.1/../../../../arm-none-eabi/lib/thumb/v7e-m+fp/hard\libc_nano.a
LOAD c:/st/stm32cubeide_1.7.0/stm32cubeide/plugins/com.st.stm32cube.ide.mcu.externaltools.gnu-tools-for-stm32.9-2020-q2-update.win32_2.0.0.202105311346/tools/bin/../lib/gcc/arm-none-eabi/9.3.1/../../../../arm-none-eabi/lib/thumb/v7e-m+fp/hard\libnosys.a
END GROUP
LOAD c:/st/stm32cubeide_1.7.0/stm32cubeide/plugins/com.st.stm32cube.ide.mcu.externaltools.gnu-tools-for-stm32.9-2020-q2-update.win32_2.0.0.202105311346/tools/bin/../lib/gcc/arm-none-eabi/9.3.1/thumb/v7e-m+fp/hard/crtend.o
LOAD c:/st/stm32cubeide_1.7.0/stm32cubeide/plugins/com.st.stm32cube.ide.mcu.externaltools.gnu-tools-for-stm32.9-2020-q2-update.win32_2.0.0.202105311346/tools/bin/../lib/gcc/arm-none-eabi/9.3.1/thumb/v7e-m+fp/hard/crtn.o
                0x0000000020020000                _estack = (ORIGIN (RAM) + LENGTH (RAM))
                0x0000000000000200                _Min_Heap_Size = 0x200
                0x0000000000000400                _Min_Stack_Size = 0x400

.isr_vector     0x0000000008000000      0x188
                0x0000000008000000                . = ALIGN (0x4)
 *(.isr_vector)
 .isr_vector    0x0000000008000000      0x188 ./Core/Startup/startup_stm32f405rgtx.o
                0x0000000008000000                g_pfnVectors
                0x0000000008000188                . = ALIGN (0x4)

.text           0x0000000008000188     0x520c
                0x0000000008000188                . = ALIGN (0x4)
 *(.text)
 .text          0x0000000008000188       0x40 c:/st/stm32cubeide_1.7.0/stm32cubeide/plugins/com.st.stm32cube.ide.mcu.externaltools.gnu-tools-for-stm32.9-2020-q2-update.win32_2.0.0.202105311346/tools/bin/../lib/gcc/arm-none-eabi/9.3.1/thumb/v7e-m+fp/hard/crtbegin.o
 .text          0x00000000080001c8       0x30 c:/st/stm32cubeide_1.7.0/stm32cubeide/plugins/com.st.stm32cube.ide.mcu.externaltools.gnu-tools-for-stm32.9-2020-q2-update.win32_2.0.0.202105311346/tools/bin/../lib/gcc/arm-none-eabi/9.3.1/thumb/v7e-m+fp/hard\libgcc.a(_aeabi_uldivmod.o)
                0x00000000080001c8                __aeabi_uldivmod
 .text          0x00000000080001f8      0x2c4 c:/st/stm32cubeide_1.7.0/stm32cubeide/plugins/com.st.stm32cube.ide.mcu.externaltools.gnu-tools-for-stm32.9-2020-q2-update.win32_2.0.0.202105311346/tools/bin/../lib/gcc/arm-none-eabi/9.3.1/thumb/v7e-m+fp/hard\libgcc.a(_udivmoddi4.o)
                0x00000000080001f8                __udivmoddi4
 .text          0x00000000080004bc        0x4 c:/st/stm32cubeide_1.7.0/stm32cubeide/plugins/com.st.stm32cube.ide.mcu.externaltools.gnu-tools-for-stm32.9-2020-q2-update.win32_2.0.0.202105311346/tools/bin/../lib/gcc/arm-none-eabi/9.3.1/thumb/v7e-m+fp/hard\libgcc.a(_dvmd_tls.o)
                0x00000000080004bc                __aeabi_idiv0
                0x00000000080004bc                __aeabi_ldiv0
 *(.text*)
 .text.DATA_LOGGER_Init
                0x00000000080004c0       0xdc ./Core/Data_Logger/Data_logger.o
                0x00000000080004c0                DATA_LOGGER_Init
 .text.DATA_LOGGER_Start
                0x000000000800059c       0x18 ./Core/Data_Logger/Data_logger.o
                0x000000000800059c                DATA_LOGGER_Start
 .text.DATA_LOGGER_Stop
                0x00000000080005b4       0x18 ./Core/Data_Logger/Data_logger.o
                0x00000000080005b4                DATA_LOGGER_Stop
 .text.DATA_LOGGER_Main
                0x00000000080005cc       0x10 ./Core/Data_Logger/Data_logger.o
                0x00000000080005cc                DATA_LOGGER_Main
 .text.DATA_LOGGER_Reception
                0x00000000080005dc      0x174 ./Core/Data_Logger/Data_logger.o
                0x00000000080005dc                DATA_LOGGER_Reception
 .text.DATA_LOGGER_Get_Data_Value
                0x0000000008000750      0x26c ./Core/Data_Logger/Data_logger.o
                0x0000000008000750                DATA_LOGGER_Get_Data_Value
 .text.DATA_LOGGER_Get_Data_Config
                0x00000000080009bc       0xc0 ./Core/Data_Logger/Data_logger.o
                0x00000000080009bc                DATA_LOGGER_Get_Data_Config
 .text.DATA_LOGGER_Get_Data
                0x0000000008000a7c       0x28 ./Core/Data_Logger/Data_logger.o
                0x0000000008000a7c                DATA_LOGGER_Get_Data
 .text.push_data_to_uart
                0x0000000008000aa4       0x90 ./Core/Data_Logger/Data_logger.o
 .text.state_machine
                0x0000000008000b34      0x20c ./Core/Data_Logger/Data_logger.o
 .text.parse_uart
                0x0000000008000d40      0x10c ./Core/Data_Logger/Data_logger.o
 .text.EVENT_process
                0x0000000008000e4c      0x120 ./Core/OS/events/events.o
                0x0000000008000e4c                EVENT_process
 .text.Mask_test_and
                0x0000000008000f6c       0x66 ./Core/OS/events/mask.o
                0x0000000008000f6c                Mask_test_and
 .text.Mask_test_or
                0x0000000008000fd2       0x5c ./Core/OS/events/mask.o
                0x0000000008000fd2                Mask_test_or
 *fill*         0x000000000800102e        0x2 
 .text.SCHEDULER_init
                0x0000000008001030       0x28 ./Core/OS/scheduler/scheduler.o
                0x0000000008001030                SCHEDULER_init
 .text.SCHEDULER_run
                0x0000000008001058       0xe4 ./Core/OS/scheduler/scheduler.o
                0x0000000008001058                SCHEDULER_run
 .text.SCHEDULER_task
                0x000000000800113c       0x4c ./Core/OS/scheduler/scheduler.o
                0x000000000800113c                SCHEDULER_task
 .text.SCHEDULER_enable_task
                0x0000000008001188       0x40 ./Core/OS/scheduler/scheduler.o
                0x0000000008001188                SCHEDULER_enable_task
 .text.SCHEDULER_reschedule_task
                0x00000000080011c8       0x24 ./Core/OS/scheduler/scheduler.o
                0x00000000080011c8                SCHEDULER_reschedule_task
 .text.get_first_task
                0x00000000080011ec       0x20 ./Core/OS/scheduler/scheduler.o
 .text.get_next_task
                0x000000000800120c       0x2c ./Core/OS/scheduler/scheduler.o
 .text.task_process
                0x0000000008001238      0x1ec ./Core/OS/scheduler/scheduler.o
 .text.queu_contains
                0x0000000008001424       0x50 ./Core/OS/scheduler/scheduler.o
 .text.queu_add
                0x0000000008001474       0xbc ./Core/OS/scheduler/scheduler.o
 .text.queu_remove
                0x0000000008001530       0x84 ./Core/OS/scheduler/scheduler.o
 .text.TASK_Init
                0x00000000080015b4       0x34 ./Core/OS/tasks/task.o
                0x00000000080015b4                TASK_Init
 .text.process_scheduler
                0x00000000080015e8       0x14 ./Core/OS/tasks/task.o
 .text.process_events
                0x00000000080015fc       0x16 ./Core/OS/tasks/task.o
 *fill*         0x0000000008001612        0x2 
 .text.process_uart_test
                0x0000000008001614       0x3c ./Core/OS/tasks/task.o
 .text.process_data_logger
                0x0000000008001650       0x14 ./Core/OS/tasks/task.o
 .text.TASK_get_task
                0x0000000008001664       0x28 ./Core/OS/tasks/task.o
                0x0000000008001664                TASK_get_task
 .text.TIME_us  0x000000000800168c       0x60 ./Core/OS/time.o
                0x000000000800168c                TIME_us
 .text.UART_Idle_Line_Callback
                0x00000000080016ec       0x9c ./Core/Peripherals/Uart.o
                0x00000000080016ec                UART_Idle_Line_Callback
 .text.UART_Transfer_Complete_Callback
                0x0000000008001788      0x148 ./Core/Peripherals/Uart.o
                0x0000000008001788                UART_Transfer_Complete_Callback
 .text.UART_Availables
                0x00000000080018d0       0x1c ./Core/Peripherals/Uart.o
                0x00000000080018d0                UART_Availables
 .text.UART_Get
                0x00000000080018ec       0x94 ./Core/Peripherals/Uart.o
                0x00000000080018ec                UART_Get
 .text.UART_Init
                0x0000000008001980       0x98 ./Core/Peripherals/Uart.o
                0x0000000008001980                UART_Init
 .text.UART_Transmit
                0x0000000008001a18      0x168 ./Core/Peripherals/Uart.o
                0x0000000008001a18                UART_Transmit
 .text.get_nb_bytes_available
                0x0000000008001b80       0xe0 ./Core/Peripherals/Uart.o
                0x0000000008001b80                get_nb_bytes_available
 .text.MX_DMA_Init
                0x0000000008001c60       0xac ./Core/Src/dma.o
                0x0000000008001c60                MX_DMA_Init
 .text.MX_GPIO_Init
                0x0000000008001d0c       0xa4 ./Core/Src/gpio.o
                0x0000000008001d0c                MX_GPIO_Init
 .text.main     0x0000000008001db0       0x40 ./Core/Src/main.o
                0x0000000008001db0                main
 .text.SystemClock_Config
                0x0000000008001df0       0xd4 ./Core/Src/main.o
                0x0000000008001df0                SystemClock_Config
 .text.Error_Handler
                0x0000000008001ec4        0xa ./Core/Src/main.o
                0x0000000008001ec4                Error_Handler
 *fill*         0x0000000008001ece        0x2 
 .text.MX_SPI3_Init
                0x0000000008001ed0       0x6c ./Core/Src/spi.o
                0x0000000008001ed0                MX_SPI3_Init
 .text.HAL_SPI_MspInit
                0x0000000008001f3c      0x168 ./Core/Src/spi.o
                0x0000000008001f3c                HAL_SPI_MspInit
 .text.HAL_MspInit
                0x00000000080020a4       0x50 ./Core/Src/stm32f4xx_hal_msp.o
                0x00000000080020a4                HAL_MspInit
 .text.NMI_Handler
                0x00000000080020f4        0x6 ./Core/Src/stm32f4xx_it.o
                0x00000000080020f4                NMI_Handler
 .text.HardFault_Handler
                0x00000000080020fa        0x6 ./Core/Src/stm32f4xx_it.o
                0x00000000080020fa                HardFault_Handler
 .text.MemManage_Handler
                0x0000000008002100        0x6 ./Core/Src/stm32f4xx_it.o
                0x0000000008002100                MemManage_Handler
 .text.BusFault_Handler
                0x0000000008002106        0x6 ./Core/Src/stm32f4xx_it.o
                0x0000000008002106                BusFault_Handler
 .text.UsageFault_Handler
                0x000000000800210c        0x6 ./Core/Src/stm32f4xx_it.o
                0x000000000800210c                UsageFault_Handler
 .text.SVC_Handler
                0x0000000008002112        0xe ./Core/Src/stm32f4xx_it.o
                0x0000000008002112                SVC_Handler
 .text.DebugMon_Handler
                0x0000000008002120        0xe ./Core/Src/stm32f4xx_it.o
                0x0000000008002120                DebugMon_Handler
 .text.PendSV_Handler
                0x000000000800212e        0xe ./Core/Src/stm32f4xx_it.o
                0x000000000800212e                PendSV_Handler
 .text.SysTick_Handler
                0x000000000800213c        0xc ./Core/Src/stm32f4xx_it.o
                0x000000000800213c                SysTick_Handler
 .text.DMA1_Stream0_IRQHandler
                0x0000000008002148       0x14 ./Core/Src/stm32f4xx_it.o
                0x0000000008002148                DMA1_Stream0_IRQHandler
 .text.DMA1_Stream2_IRQHandler
                0x000000000800215c       0x14 ./Core/Src/stm32f4xx_it.o
                0x000000000800215c                DMA1_Stream2_IRQHandler
 .text.DMA1_Stream4_IRQHandler
                0x0000000008002170       0x14 ./Core/Src/stm32f4xx_it.o
                0x0000000008002170                DMA1_Stream4_IRQHandler
 .text.DMA1_Stream5_IRQHandler
                0x0000000008002184       0x14 ./Core/Src/stm32f4xx_it.o
                0x0000000008002184                DMA1_Stream5_IRQHandler
 .text.USART1_IRQHandler
                0x0000000008002198       0x18 ./Core/Src/stm32f4xx_it.o
                0x0000000008002198                USART1_IRQHandler
 .text.SPI3_IRQHandler
                0x00000000080021b0       0x14 ./Core/Src/stm32f4xx_it.o
                0x00000000080021b0                SPI3_IRQHandler
 .text.UART4_IRQHandler
                0x00000000080021c4       0x18 ./Core/Src/stm32f4xx_it.o
                0x00000000080021c4                UART4_IRQHandler
 .text.DMA2_Stream2_IRQHandler
                0x00000000080021dc       0x14 ./Core/Src/stm32f4xx_it.o
                0x00000000080021dc                DMA2_Stream2_IRQHandler
 .text.DMA2_Stream7_IRQHandler
                0x00000000080021f0       0x14 ./Core/Src/stm32f4xx_it.o
                0x00000000080021f0                DMA2_Stream7_IRQHandler
 .text.HAL_UART_TxCpltCallback
                0x0000000008002204       0x38 ./Core/Src/stm32f4xx_it.o
                0x0000000008002204                HAL_UART_TxCpltCallback
 .text.SystemInit
                0x000000000800223c       0x24 ./Core/Src/system_stm32f4xx.o
                0x000000000800223c                SystemInit
 .text.MX_UART4_Init
                0x0000000008002260       0x54 ./Core/Src/usart.o
                0x0000000008002260                MX_UART4_Init
 .text.MX_USART1_UART_Init
                0x00000000080022b4       0x54 ./Core/Src/usart.o
                0x00000000080022b4                MX_USART1_UART_Init
 .text.HAL_UART_MspInit
                0x0000000008002308      0x2b4 ./Core/Src/usart.o
                0x0000000008002308                HAL_UART_MspInit
 .text.Reset_Handler
                0x00000000080025bc       0x50 ./Core/Startup/startup_stm32f405rgtx.o
                0x00000000080025bc                Reset_Handler
 .text.Default_Handler
                0x000000000800260c        0x2 ./Core/Startup/startup_stm32f405rgtx.o
                0x000000000800260c                RTC_Alarm_IRQHandler
                0x000000000800260c                HASH_RNG_IRQHandler
                0x000000000800260c                EXTI2_IRQHandler
                0x000000000800260c                TIM8_CC_IRQHandler
                0x000000000800260c                TIM1_CC_IRQHandler
                0x000000000800260c                DMA2_Stream5_IRQHandler
                0x000000000800260c                PVD_IRQHandler
                0x000000000800260c                SDIO_IRQHandler
                0x000000000800260c                TAMP_STAMP_IRQHandler
                0x000000000800260c                CAN2_RX1_IRQHandler
                0x000000000800260c                EXTI3_IRQHandler
                0x000000000800260c                TIM8_TRG_COM_TIM14_IRQHandler
                0x000000000800260c                TIM1_UP_TIM10_IRQHandler
                0x000000000800260c                TIM8_UP_TIM13_IRQHandler
                0x000000000800260c                I2C3_ER_IRQHandler
                0x000000000800260c                EXTI0_IRQHandler
                0x000000000800260c                I2C2_EV_IRQHandler
                0x000000000800260c                CAN1_RX0_IRQHandler
                0x000000000800260c                FPU_IRQHandler
                0x000000000800260c                OTG_HS_WKUP_IRQHandler
                0x000000000800260c                CAN2_SCE_IRQHandler
                0x000000000800260c                SPI1_IRQHandler
                0x000000000800260c                TIM6_DAC_IRQHandler
                0x000000000800260c                TIM1_BRK_TIM9_IRQHandler
                0x000000000800260c                CAN2_RX0_IRQHandler
                0x000000000800260c                DMA2_Stream3_IRQHandler
                0x000000000800260c                USART6_IRQHandler
                0x000000000800260c                USART3_IRQHandler
                0x000000000800260c                CAN1_RX1_IRQHandler
                0x000000000800260c                UART5_IRQHandler
                0x000000000800260c                DMA2_Stream0_IRQHandler
                0x000000000800260c                TIM4_IRQHandler
                0x000000000800260c                I2C1_EV_IRQHandler
                0x000000000800260c                DMA1_Stream6_IRQHandler
                0x000000000800260c                DMA1_Stream1_IRQHandler
                0x000000000800260c                TIM3_IRQHandler
                0x000000000800260c                RCC_IRQHandler
                0x000000000800260c                TIM8_BRK_TIM12_IRQHandler
                0x000000000800260c                Default_Handler
                0x000000000800260c                EXTI15_10_IRQHandler
                0x000000000800260c                ADC_IRQHandler
                0x000000000800260c                DMA1_Stream7_IRQHandler
                0x000000000800260c                TIM7_IRQHandler
                0x000000000800260c                CAN2_TX_IRQHandler
                0x000000000800260c                TIM5_IRQHandler
                0x000000000800260c                I2C3_EV_IRQHandler
                0x000000000800260c                EXTI9_5_IRQHandler
                0x000000000800260c                RTC_WKUP_IRQHandler
                0x000000000800260c                SPI2_IRQHandler
                0x000000000800260c                OTG_HS_EP1_IN_IRQHandler
                0x000000000800260c                CAN1_TX_IRQHandler
                0x000000000800260c                EXTI4_IRQHandler
                0x000000000800260c                FSMC_IRQHandler
                0x000000000800260c                OTG_HS_EP1_OUT_IRQHandler
                0x000000000800260c                WWDG_IRQHandler
                0x000000000800260c                TIM2_IRQHandler
                0x000000000800260c                OTG_FS_WKUP_IRQHandler
                0x000000000800260c                TIM1_TRG_COM_TIM11_IRQHandler
                0x000000000800260c                OTG_HS_IRQHandler
                0x000000000800260c                EXTI1_IRQHandler
                0x000000000800260c                USART2_IRQHandler
                0x000000000800260c                I2C2_ER_IRQHandler
                0x000000000800260c                DMA2_Stream1_IRQHandler
                0x000000000800260c                CAN1_SCE_IRQHandler
                0x000000000800260c                FLASH_IRQHandler
                0x000000000800260c                DMA2_Stream4_IRQHandler
                0x000000000800260c                OTG_FS_IRQHandler
                0x000000000800260c                I2C1_ER_IRQHandler
                0x000000000800260c                DMA2_Stream6_IRQHandler
                0x000000000800260c                DMA1_Stream3_IRQHandler
 *fill*         0x000000000800260e        0x2 
 .text.HAL_Init
                0x0000000008002610       0x44 ./Drivers/STM32F4xx_HAL_Driver/Src/stm32f4xx_hal.o
                0x0000000008002610                HAL_Init
 .text.HAL_InitTick
                0x0000000008002654       0x60 ./Drivers/STM32F4xx_HAL_Driver/Src/stm32f4xx_hal.o
                0x0000000008002654                HAL_InitTick
 .text.HAL_IncTick
                0x00000000080026b4       0x28 ./Drivers/STM32F4xx_HAL_Driver/Src/stm32f4xx_hal.o
                0x00000000080026b4                HAL_IncTick
 .text.HAL_GetTick
                0x00000000080026dc       0x18 ./Drivers/STM32F4xx_HAL_Driver/Src/stm32f4xx_hal.o
                0x00000000080026dc                HAL_GetTick
 .text.__NVIC_SetPriorityGrouping
                0x00000000080026f4       0x48 ./Drivers/STM32F4xx_HAL_Driver/Src/stm32f4xx_hal_cortex.o
 .text.__NVIC_GetPriorityGrouping
                0x000000000800273c       0x1c ./Drivers/STM32F4xx_HAL_Driver/Src/stm32f4xx_hal_cortex.o
 .text.__NVIC_EnableIRQ
                0x0000000008002758       0x3c ./Drivers/STM32F4xx_HAL_Driver/Src/stm32f4xx_hal_cortex.o
 .text.__NVIC_SetPriority
                0x0000000008002794       0x54 ./Drivers/STM32F4xx_HAL_Driver/Src/stm32f4xx_hal_cortex.o
 .text.NVIC_EncodePriority
                0x00000000080027e8       0x66 ./Drivers/STM32F4xx_HAL_Driver/Src/stm32f4xx_hal_cortex.o
 *fill*         0x000000000800284e        0x2 
 .text.SysTick_Config
                0x0000000008002850       0x44 ./Drivers/STM32F4xx_HAL_Driver/Src/stm32f4xx_hal_cortex.o
 .text.HAL_NVIC_SetPriorityGrouping
                0x0000000008002894       0x16 ./Drivers/STM32F4xx_HAL_Driver/Src/stm32f4xx_hal_cortex.o
                0x0000000008002894                HAL_NVIC_SetPriorityGrouping
 .text.HAL_NVIC_SetPriority
                0x00000000080028aa       0x38 ./Drivers/STM32F4xx_HAL_Driver/Src/stm32f4xx_hal_cortex.o
                0x00000000080028aa                HAL_NVIC_SetPriority
 .text.HAL_NVIC_EnableIRQ
                0x00000000080028e2       0x1c ./Drivers/STM32F4xx_HAL_Driver/Src/stm32f4xx_hal_cortex.o
                0x00000000080028e2                HAL_NVIC_EnableIRQ
 .text.HAL_SYSTICK_Config
                0x00000000080028fe       0x18 ./Drivers/STM32F4xx_HAL_Driver/Src/stm32f4xx_hal_cortex.o
                0x00000000080028fe                HAL_SYSTICK_Config
 *fill*         0x0000000008002916        0x2 
 .text.HAL_DMA_Init
                0x0000000008002918      0x15c ./Drivers/STM32F4xx_HAL_Driver/Src/stm32f4xx_hal_dma.o
                0x0000000008002918                HAL_DMA_Init
 .text.HAL_DMA_Start_IT
                0x0000000008002a74       0xb0 ./Drivers/STM32F4xx_HAL_Driver/Src/stm32f4xx_hal_dma.o
                0x0000000008002a74                HAL_DMA_Start_IT
 .text.HAL_DMA_Abort
                0x0000000008002b24       0xe0 ./Drivers/STM32F4xx_HAL_Driver/Src/stm32f4xx_hal_dma.o
                0x0000000008002b24                HAL_DMA_Abort
 .text.HAL_DMA_Abort_IT
                0x0000000008002c04       0x44 ./Drivers/STM32F4xx_HAL_Driver/Src/stm32f4xx_hal_dma.o
                0x0000000008002c04                HAL_DMA_Abort_IT
 .text.HAL_DMA_IRQHandler
                0x0000000008002c48      0x314 ./Drivers/STM32F4xx_HAL_Driver/Src/stm32f4xx_hal_dma.o
                0x0000000008002c48                HAL_DMA_IRQHandler
 .text.DMA_SetConfig
                0x0000000008002f5c       0x5c ./Drivers/STM32F4xx_HAL_Driver/Src/stm32f4xx_hal_dma.o
 .text.DMA_CalcBaseAndBitshift
                0x0000000008002fb8       0x6c ./Drivers/STM32F4xx_HAL_Driver/Src/stm32f4xx_hal_dma.o
 .text.DMA_CheckFifoParam
                0x0000000008003024       0xf8 ./Drivers/STM32F4xx_HAL_Driver/Src/stm32f4xx_hal_dma.o
 .text.HAL_GPIO_Init
                0x000000000800311c      0x338 ./Drivers/STM32F4xx_HAL_Driver/Src/stm32f4xx_hal_gpio.o
                0x000000000800311c                HAL_GPIO_Init
 .text.HAL_GPIO_WritePin
                0x0000000008003454       0x32 ./Drivers/STM32F4xx_HAL_Driver/Src/stm32f4xx_hal_gpio.o
                0x0000000008003454                HAL_GPIO_WritePin
 *fill*         0x0000000008003486        0x2 
 .text.HAL_RCC_OscConfig
                0x0000000008003488      0x4f0 ./Drivers/STM32F4xx_HAL_Driver/Src/stm32f4xx_hal_rcc.o
                0x0000000008003488                HAL_RCC_OscConfig
 .text.HAL_RCC_ClockConfig
                0x0000000008003978      0x1cc ./Drivers/STM32F4xx_HAL_Driver/Src/stm32f4xx_hal_rcc.o
                0x0000000008003978                HAL_RCC_ClockConfig
 .text.HAL_RCC_GetSysClockFreq
                0x0000000008003b44      0x16c ./Drivers/STM32F4xx_HAL_Driver/Src/stm32f4xx_hal_rcc.o
                0x0000000008003b44                HAL_RCC_GetSysClockFreq
 .text.HAL_RCC_GetHCLKFreq
                0x0000000008003cb0       0x18 ./Drivers/STM32F4xx_HAL_Driver/Src/stm32f4xx_hal_rcc.o
                0x0000000008003cb0                HAL_RCC_GetHCLKFreq
 .text.HAL_RCC_GetPCLK1Freq
                0x0000000008003cc8       0x28 ./Drivers/STM32F4xx_HAL_Driver/Src/stm32f4xx_hal_rcc.o
                0x0000000008003cc8                HAL_RCC_GetPCLK1Freq
 .text.HAL_RCC_GetPCLK2Freq
                0x0000000008003cf0       0x28 ./Drivers/STM32F4xx_HAL_Driver/Src/stm32f4xx_hal_rcc.o
                0x0000000008003cf0                HAL_RCC_GetPCLK2Freq
 .text.HAL_SPI_Init
                0x0000000008003d18      0x112 ./Drivers/STM32F4xx_HAL_Driver/Src/stm32f4xx_hal_spi.o
                0x0000000008003d18                HAL_SPI_Init
 *fill*         0x0000000008003e2a        0x2 
 .text.HAL_SPI_IRQHandler
                0x0000000008003e2c      0x200 ./Drivers/STM32F4xx_HAL_Driver/Src/stm32f4xx_hal_spi.o
                0x0000000008003e2c                HAL_SPI_IRQHandler
 .text.HAL_SPI_ErrorCallback
                0x000000000800402c       0x14 ./Drivers/STM32F4xx_HAL_Driver/Src/stm32f4xx_hal_spi.o
                0x000000000800402c                HAL_SPI_ErrorCallback
 .text.SPI_DMAAbortOnError
                0x0000000008004040       0x28 ./Drivers/STM32F4xx_HAL_Driver/Src/stm32f4xx_hal_spi.o
 .text.HAL_UART_Init
                0x0000000008004068       0x9a ./Drivers/STM32F4xx_HAL_Driver/Src/stm32f4xx_hal_uart.o
                0x0000000008004068                HAL_UART_Init
 *fill*         0x0000000008004102        0x2 
 .text.HAL_UART_Transmit_DMA
                0x0000000008004104       0xfc ./Drivers/STM32F4xx_HAL_Driver/Src/stm32f4xx_hal_uart.o
                0x0000000008004104                HAL_UART_Transmit_DMA
 .text.HAL_UART_Receive_DMA
                0x0000000008004200       0x60 ./Drivers/STM32F4xx_HAL_Driver/Src/stm32f4xx_hal_uart.o
                0x0000000008004200                HAL_UART_Receive_DMA
 .text.HAL_UART_IRQHandler
                0x0000000008004260      0x51c ./Drivers/STM32F4xx_HAL_Driver/Src/stm32f4xx_hal_uart.o
                0x0000000008004260                HAL_UART_IRQHandler
 .text.HAL_UART_TxHalfCpltCallback
                0x000000000800477c       0x14 ./Drivers/STM32F4xx_HAL_Driver/Src/stm32f4xx_hal_uart.o
                0x000000000800477c                HAL_UART_TxHalfCpltCallback
 .text.HAL_UART_RxCpltCallback
                0x0000000008004790       0x14 ./Drivers/STM32F4xx_HAL_Driver/Src/stm32f4xx_hal_uart.o
                0x0000000008004790                HAL_UART_RxCpltCallback
 .text.HAL_UART_RxHalfCpltCallback
                0x00000000080047a4       0x14 ./Drivers/STM32F4xx_HAL_Driver/Src/stm32f4xx_hal_uart.o
                0x00000000080047a4                HAL_UART_RxHalfCpltCallback
 .text.HAL_UART_ErrorCallback
                0x00000000080047b8       0x14 ./Drivers/STM32F4xx_HAL_Driver/Src/stm32f4xx_hal_uart.o
                0x00000000080047b8                HAL_UART_ErrorCallback
 .text.HAL_UARTEx_RxEventCallback
                0x00000000080047cc       0x18 ./Drivers/STM32F4xx_HAL_Driver/Src/stm32f4xx_hal_uart.o
                0x00000000080047cc                HAL_UARTEx_RxEventCallback
 .text.UART_DMATransmitCplt
                0x00000000080047e4       0x9a ./Drivers/STM32F4xx_HAL_Driver/Src/stm32f4xx_hal_uart.o
 .text.UART_DMATxHalfCplt
                0x000000000800487e       0x1c ./Drivers/STM32F4xx_HAL_Driver/Src/stm32f4xx_hal_uart.o
 .text.UART_DMAReceiveCplt
                0x000000000800489a      0x126 ./Drivers/STM32F4xx_HAL_Driver/Src/stm32f4xx_hal_uart.o
 .text.UART_DMARxHalfCplt
                0x00000000080049c0       0x36 ./Drivers/STM32F4xx_HAL_Driver/Src/stm32f4xx_hal_uart.o
 .text.UART_DMAError
                0x00000000080049f6       0x94 ./Drivers/STM32F4xx_HAL_Driver/Src/stm32f4xx_hal_uart.o
 *fill*         0x0000000008004a8a        0x2 
 .text.UART_Start_Receive_DMA
                0x0000000008004a8c      0x134 ./Drivers/STM32F4xx_HAL_Driver/Src/stm32f4xx_hal_uart.o
                0x0000000008004a8c                UART_Start_Receive_DMA
 .text.UART_EndTxTransfer
                0x0000000008004bc0       0x50 ./Drivers/STM32F4xx_HAL_Driver/Src/stm32f4xx_hal_uart.o
 .text.UART_EndRxTransfer
                0x0000000008004c10       0xc6 ./Drivers/STM32F4xx_HAL_Driver/Src/stm32f4xx_hal_uart.o
 .text.UART_DMAAbortOnError
                0x0000000008004cd6       0x28 ./Drivers/STM32F4xx_HAL_Driver/Src/stm32f4xx_hal_uart.o
 .text.UART_Transmit_IT
                0x0000000008004cfe       0xa0 ./Drivers/STM32F4xx_HAL_Driver/Src/stm32f4xx_hal_uart.o
 .text.UART_EndTransmit_IT
                0x0000000008004d9e       0x30 ./Drivers/STM32F4xx_HAL_Driver/Src/stm32f4xx_hal_uart.o
 .text.UART_Receive_IT
                0x0000000008004dce      0x176 ./Drivers/STM32F4xx_HAL_Driver/Src/stm32f4xx_hal_uart.o
 .text.UART_SetConfig
                0x0000000008004f44      0x390 ./Drivers/STM32F4xx_HAL_Driver/Src/stm32f4xx_hal_uart.o
 .text.__libc_init_array
                0x00000000080052d4       0x48 c:/st/stm32cubeide_1.7.0/stm32cubeide/plugins/com.st.stm32cube.ide.mcu.externaltools.gnu-tools-for-stm32.9-2020-q2-update.win32_2.0.0.202105311346/tools/bin/../lib/gcc/arm-none-eabi/9.3.1/../../../../arm-none-eabi/lib/thumb/v7e-m+fp/hard\libc_nano.a(lib_a-init.o)
                0x00000000080052d4                __libc_init_array
 .text.memcpy   0x000000000800531c       0x1c c:/st/stm32cubeide_1.7.0/stm32cubeide/plugins/com.st.stm32cube.ide.mcu.externaltools.gnu-tools-for-stm32.9-2020-q2-update.win32_2.0.0.202105311346/tools/bin/../lib/gcc/arm-none-eabi/9.3.1/../../../../arm-none-eabi/lib/thumb/v7e-m+fp/hard\libc_nano.a(lib_a-memcpy-stub.o)
                0x000000000800531c                memcpy
 .text.memmove  0x0000000008005338       0x34 c:/st/stm32cubeide_1.7.0/stm32cubeide/plugins/com.st.stm32cube.ide.mcu.externaltools.gnu-tools-for-stm32.9-2020-q2-update.win32_2.0.0.202105311346/tools/bin/../lib/gcc/arm-none-eabi/9.3.1/../../../../arm-none-eabi/lib/thumb/v7e-m+fp/hard\libc_nano.a(lib_a-memmove.o)
                0x0000000008005338                memmove
 .text.memset   0x000000000800536c       0x10 c:/st/stm32cubeide_1.7.0/stm32cubeide/plugins/com.st.stm32cube.ide.mcu.externaltools.gnu-tools-for-stm32.9-2020-q2-update.win32_2.0.0.202105311346/tools/bin/../lib/gcc/arm-none-eabi/9.3.1/../../../../arm-none-eabi/lib/thumb/v7e-m+fp/hard\libc_nano.a(lib_a-memset.o)
                0x000000000800536c                memset
 *(.glue_7)
 .glue_7        0x000000000800537c        0x0 linker stubs
 *(.glue_7t)
 .glue_7t       0x000000000800537c        0x0 linker stubs
 *(.eh_frame)
 .eh_frame      0x000000000800537c        0x0 c:/st/stm32cubeide_1.7.0/stm32cubeide/plugins/com.st.stm32cube.ide.mcu.externaltools.gnu-tools-for-stm32.9-2020-q2-update.win32_2.0.0.202105311346/tools/bin/../lib/gcc/arm-none-eabi/9.3.1/thumb/v7e-m+fp/hard/crtbegin.o
 *(.init)
 .init          0x000000000800537c        0x4 c:/st/stm32cubeide_1.7.0/stm32cubeide/plugins/com.st.stm32cube.ide.mcu.externaltools.gnu-tools-for-stm32.9-2020-q2-update.win32_2.0.0.202105311346/tools/bin/../lib/gcc/arm-none-eabi/9.3.1/thumb/v7e-m+fp/hard/crti.o
                0x000000000800537c                _init
 .init          0x0000000008005380        0x8 c:/st/stm32cubeide_1.7.0/stm32cubeide/plugins/com.st.stm32cube.ide.mcu.externaltools.gnu-tools-for-stm32.9-2020-q2-update.win32_2.0.0.202105311346/tools/bin/../lib/gcc/arm-none-eabi/9.3.1/thumb/v7e-m+fp/hard/crtn.o
 *(.fini)
 .fini          0x0000000008005388        0x4 c:/st/stm32cubeide_1.7.0/stm32cubeide/plugins/com.st.stm32cube.ide.mcu.externaltools.gnu-tools-for-stm32.9-2020-q2-update.win32_2.0.0.202105311346/tools/bin/../lib/gcc/arm-none-eabi/9.3.1/thumb/v7e-m+fp/hard/crti.o
                0x0000000008005388                _fini
 .fini          0x000000000800538c        0x8 c:/st/stm32cubeide_1.7.0/stm32cubeide/plugins/com.st.stm32cube.ide.mcu.externaltools.gnu-tools-for-stm32.9-2020-q2-update.win32_2.0.0.202105311346/tools/bin/../lib/gcc/arm-none-eabi/9.3.1/thumb/v7e-m+fp/hard/crtn.o
                0x0000000008005394                . = ALIGN (0x4)
                0x0000000008005394                _etext = .

.vfp11_veneer   0x0000000008005394        0x0
 .vfp11_veneer  0x0000000008005394        0x0 linker stubs

.v4_bx          0x0000000008005394        0x0
 .v4_bx         0x0000000008005394        0x0 linker stubs

.iplt           0x0000000008005394        0x0
 .iplt          0x0000000008005394        0x0 c:/st/stm32cubeide_1.7.0/stm32cubeide/plugins/com.st.stm32cube.ide.mcu.externaltools.gnu-tools-for-stm32.9-2020-q2-update.win32_2.0.0.202105311346/tools/bin/../lib/gcc/arm-none-eabi/9.3.1/thumb/v7e-m+fp/hard/crtbegin.o

.rodata         0x0000000008005394       0x74
                0x0000000008005394                . = ALIGN (0x4)
 *(.rodata)
 .rodata        0x0000000008005394       0x3e ./Core/Data_Logger/Data_logger.o
 *fill*         0x00000000080053d2        0x2 
 .rodata        0x00000000080053d4       0x13 ./Core/OS/tasks/task.o
 *(.rodata*)
 *fill*         0x00000000080053e7        0x1 
 .rodata.AHBPrescTable
                0x00000000080053e8       0x10 ./Core/Src/system_stm32f4xx.o
                0x00000000080053e8                AHBPrescTable
 .rodata.APBPrescTable
                0x00000000080053f8        0x8 ./Core/Src/system_stm32f4xx.o
                0x00000000080053f8                APBPrescTable
 .rodata.flagBitshiftOffset.7822
                0x0000000008005400        0x8 ./Drivers/STM32F4xx_HAL_Driver/Src/stm32f4xx_hal_dma.o
                0x0000000008005408                . = ALIGN (0x4)

.ARM.extab      0x0000000008005408        0x0
                0x0000000008005408                . = ALIGN (0x4)
 *(.ARM.extab* .gnu.linkonce.armextab.*)
                0x0000000008005408                . = ALIGN (0x4)

.ARM            0x0000000008005408        0x8
                0x0000000008005408                . = ALIGN (0x4)
                0x0000000008005408                __exidx_start = .
 *(.ARM.exidx*)
 .ARM.exidx     0x0000000008005408        0x8 c:/st/stm32cubeide_1.7.0/stm32cubeide/plugins/com.st.stm32cube.ide.mcu.externaltools.gnu-tools-for-stm32.9-2020-q2-update.win32_2.0.0.202105311346/tools/bin/../lib/gcc/arm-none-eabi/9.3.1/thumb/v7e-m+fp/hard\libgcc.a(_udivmoddi4.o)
                0x0000000008005410                __exidx_end = .
                0x0000000008005410                . = ALIGN (0x4)

.rel.dyn        0x0000000008005410        0x0
 .rel.iplt      0x0000000008005410        0x0 c:/st/stm32cubeide_1.7.0/stm32cubeide/plugins/com.st.stm32cube.ide.mcu.externaltools.gnu-tools-for-stm32.9-2020-q2-update.win32_2.0.0.202105311346/tools/bin/../lib/gcc/arm-none-eabi/9.3.1/thumb/v7e-m+fp/hard/crtbegin.o

.preinit_array  0x0000000008005410        0x0
                0x0000000008005410                . = ALIGN (0x4)
                0x0000000008005410                PROVIDE (__preinit_array_start = .)
 *(.preinit_array*)
                0x0000000008005410                PROVIDE (__preinit_array_end = .)
                0x0000000008005410                . = ALIGN (0x4)

.init_array     0x0000000008005410        0x4
                0x0000000008005410                . = ALIGN (0x4)
                0x0000000008005410                PROVIDE (__init_array_start = .)
 *(SORT_BY_NAME(.init_array.*))
 *(.init_array*)
 .init_array    0x0000000008005410        0x4 c:/st/stm32cubeide_1.7.0/stm32cubeide/plugins/com.st.stm32cube.ide.mcu.externaltools.gnu-tools-for-stm32.9-2020-q2-update.win32_2.0.0.202105311346/tools/bin/../lib/gcc/arm-none-eabi/9.3.1/thumb/v7e-m+fp/hard/crtbegin.o
                0x0000000008005414                PROVIDE (__init_array_end = .)
                0x0000000008005414                . = ALIGN (0x4)

.fini_array     0x0000000008005414        0x4
                0x0000000008005414                . = ALIGN (0x4)
                [!provide]                        PROVIDE (__fini_array_start = .)
 *(SORT_BY_NAME(.fini_array.*))
 *(.fini_array*)
 .fini_array    0x0000000008005414        0x4 c:/st/stm32cubeide_1.7.0/stm32cubeide/plugins/com.st.stm32cube.ide.mcu.externaltools.gnu-tools-for-stm32.9-2020-q2-update.win32_2.0.0.202105311346/tools/bin/../lib/gcc/arm-none-eabi/9.3.1/thumb/v7e-m+fp/hard/crtbegin.o
                [!provide]                        PROVIDE (__fini_array_end = .)
                0x0000000008005418                . = ALIGN (0x4)
                0x0000000008005418                _sidata = LOADADDR (.data)

.data           0x0000000020000000      0x350 load address 0x0000000008005418
                0x0000000020000000                . = ALIGN (0x4)
                0x0000000020000000                _sdata = .
 *(.data)
 *(.data*)
 .data.config_not_sent
                0x0000000020000000        0x1 ./Core/Data_Logger/Data_logger.o
 .data.previous_state.9203
                0x0000000020000001        0x1 ./Core/Data_Logger/Data_logger.o
 *fill*         0x0000000020000002        0x2 
 .data.tasks    0x0000000020000004      0x340 ./Core/OS/tasks/task.o
                0x0000000020000004                tasks
 .data.SystemCoreClock
                0x0000000020000344        0x4 ./Core/Src/system_stm32f4xx.o
                0x0000000020000344                SystemCoreClock
 .data.uwTickPrio
                0x0000000020000348        0x4 ./Drivers/STM32F4xx_HAL_Driver/Src/stm32f4xx_hal.o
                0x0000000020000348                uwTickPrio
 .data.uwTickFreq
                0x000000002000034c        0x1 ./Drivers/STM32F4xx_HAL_Driver/Src/stm32f4xx_hal.o
                0x000000002000034c                uwTickFreq
 *(.RamFunc)
 *(.RamFunc*)
                0x0000000020000350                . = ALIGN (0x4)
 *fill*         0x000000002000034d        0x3 
                0x0000000020000350                _edata = .
                0x0000000008005768                _siccmram = LOADADDR (.ccmram)

.igot.plt       0x0000000020000350        0x0 load address 0x0000000008005768
 .igot.plt      0x0000000020000350        0x0 c:/st/stm32cubeide_1.7.0/stm32cubeide/plugins/com.st.stm32cube.ide.mcu.externaltools.gnu-tools-for-stm32.9-2020-q2-update.win32_2.0.0.202105311346/tools/bin/../lib/gcc/arm-none-eabi/9.3.1/thumb/v7e-m+fp/hard/crtbegin.o

.ccmram         0x0000000010000000        0x0 load address 0x0000000008005768
                0x0000000010000000                . = ALIGN (0x4)
                0x0000000010000000                _sccmram = .
 *(.ccmram)
 *(.ccmram*)
                0x0000000010000000                . = ALIGN (0x4)
                0x0000000010000000                _eccmram = .
                0x0000000010000000                . = ALIGN (0x4)

.bss            0x0000000020000350      0xd0c
                0x0000000020000350                _sbss = .
                0x0000000020000350                __bss_start__ = _sbss
 *(.bss)
 .bss           0x0000000020000350       0x1c c:/st/stm32cubeide_1.7.0/stm32cubeide/plugins/com.st.stm32cube.ide.mcu.externaltools.gnu-tools-for-stm32.9-2020-q2-update.win32_2.0.0.202105311346/tools/bin/../lib/gcc/arm-none-eabi/9.3.1/thumb/v7e-m+fp/hard/crtbegin.o
 *(.bss*)
 .bss.mark1     0x000000002000036c        0x4 ./Core/Data_Logger/Data_logger.o
 .bss.data_list
                0x0000000020000370       0x50 ./Core/Data_Logger/Data_logger.o
 .bss.start_flag
                0x00000000200003c0        0x1 ./Core/Data_Logger/Data_logger.o
 .bss.send_config_flag
                0x00000000200003c1        0x1 ./Core/Data_Logger/Data_logger.o
 .bss.stop_flag
                0x00000000200003c2        0x1 ./Core/Data_Logger/Data_logger.o
 *fill*         0x00000000200003c3        0x1 
 .bss.tmp       0x00000000200003c4       0x32 ./Core/Data_Logger/Data_logger.o
 .bss.tmp_len   0x00000000200003f6        0x1 ./Core/Data_Logger/Data_logger.o
 .bss.id_init_counter
                0x00000000200003f7        0x1 ./Core/Data_Logger/Data_logger.o
 .bss.is_any_data_used
                0x00000000200003f8        0x1 ./Core/Data_Logger/Data_logger.o
 .bss.state.9202
                0x00000000200003f9        0x1 ./Core/Data_Logger/Data_logger.o
 .bss.state.9219
                0x00000000200003fa        0x1 ./Core/Data_Logger/Data_logger.o
 *fill*         0x00000000200003fb        0x1 
 .bss.trame.9220
                0x00000000200003fc       0x14 ./Core/Data_Logger/Data_logger.o
 .bss.checksum.9223
                0x0000000020000410        0x2 ./Core/Data_Logger/Data_logger.o
 .bss.nb_byte_to_buffer.9221
                0x0000000020000412        0x1 ./Core/Data_Logger/Data_logger.o
 .bss.buffer_counter.9222
                0x0000000020000413        0x1 ./Core/Data_Logger/Data_logger.o
 .bss.flags     0x0000000020000414        0x8 ./Core/OS/events/events.o
 .bss.new_flag  0x000000002000041c        0x1 ./Core/OS/events/events.o
 *fill*         0x000000002000041d        0x3 
 .bss.events_main
                0x0000000020000420       0xb4 ./Core/OS/events/events.o
 .bss.task_queu
                0x00000000200004d4       0x10 ./Core/OS/scheduler/scheduler.o
 .bss.task_queu_size
                0x00000000200004e4        0x4 ./Core/OS/scheduler/scheduler.o
 .bss.task_queu_position
                0x00000000200004e8        0x4 ./Core/OS/scheduler/scheduler.o
 .bss.task_to_change
                0x00000000200004ec       0x10 ./Core/OS/scheduler/scheduler.o
 .bss.change_mode
                0x00000000200004fc        0x4 ./Core/OS/scheduler/scheduler.o
 .bss.task_to_moove_counter
                0x0000000020000500        0x1 ./Core/OS/scheduler/scheduler.o
 *fill*         0x0000000020000501        0x3 
 .bss.task_scheduler
                0x0000000020000504        0x4 ./Core/OS/scheduler/scheduler.o
 .bss.task_event
                0x0000000020000508        0x4 ./Core/OS/scheduler/scheduler.o
 .bss.mark1     0x000000002000050c        0x4 ./Core/OS/tasks/task.o
 .bss.previous_t_us.7708
                0x0000000020000510        0x4 ./Core/OS/time.o
 .bss.uart      0x0000000020000514      0x820 ./Core/Peripherals/Uart.o
 .bss.mark1     0x0000000020000d34        0x1 ./Core/Src/main.o
 *(COMMON)
 *fill*         0x0000000020000d35        0x3 
 COMMON         0x0000000020000d38      0x118 ./Core/Src/spi.o
                0x0000000020000d38                hspi3
                0x0000000020000d90                hdma_spi3_tx
                0x0000000020000df0                hdma_spi3_rx
 COMMON         0x0000000020000e50      0x208 ./Core/Src/usart.o
                0x0000000020000e50                hdma_uart4_rx
                0x0000000020000eb0                hdma_usart1_tx
                0x0000000020000f10                hdma_usart1_rx
                0x0000000020000f70                huart1
                0x0000000020000fb4                huart4
                0x0000000020000ff8                hdma_uart4_tx
 COMMON         0x0000000020001058        0x4 ./Drivers/STM32F4xx_HAL_Driver/Src/stm32f4xx_hal.o
                0x0000000020001058                uwTick
                0x000000002000105c                . = ALIGN (0x4)
                0x000000002000105c                _ebss = .
                0x000000002000105c                __bss_end__ = _ebss

._user_heap_stack
                0x000000002000105c      0x604
                0x0000000020001060                . = ALIGN (0x8)
 *fill*         0x000000002000105c        0x4 
                [!provide]                        PROVIDE (end = .)
                0x0000000020001060                PROVIDE (_end = .)
                0x0000000020001260                . = (. + _Min_Heap_Size)
 *fill*         0x0000000020001060      0x200 
                0x0000000020001660                . = (. + _Min_Stack_Size)
 *fill*         0x0000000020001260      0x400 
                0x0000000020001660                . = ALIGN (0x8)

/DISCARD/
 libc.a(*)
 libm.a(*)
 libgcc.a(*)

.ARM.attributes
                0x0000000000000000       0x30
 *(.ARM.attributes)
 .ARM.attributes
                0x0000000000000000       0x1e c:/st/stm32cubeide_1.7.0/stm32cubeide/plugins/com.st.stm32cube.ide.mcu.externaltools.gnu-tools-for-stm32.9-2020-q2-update.win32_2.0.0.202105311346/tools/bin/../lib/gcc/arm-none-eabi/9.3.1/thumb/v7e-m+fp/hard/crti.o
 .ARM.attributes
                0x000000000000001e       0x34 c:/st/stm32cubeide_1.7.0/stm32cubeide/plugins/com.st.stm32cube.ide.mcu.externaltools.gnu-tools-for-stm32.9-2020-q2-update.win32_2.0.0.202105311346/tools/bin/../lib/gcc/arm-none-eabi/9.3.1/thumb/v7e-m+fp/hard/crtbegin.o
 .ARM.attributes
                0x0000000000000052       0x34 ./Core/Data_Logger/Data_logger.o
 .ARM.attributes
                0x0000000000000086       0x34 ./Core/OS/events/events.o
 .ARM.attributes
                0x00000000000000ba       0x34 ./Core/OS/events/mask.o
 .ARM.attributes
                0x00000000000000ee       0x34 ./Core/OS/scheduler/scheduler.o
 .ARM.attributes
                0x0000000000000122       0x34 ./Core/OS/tasks/task.o
 .ARM.attributes
                0x0000000000000156       0x34 ./Core/OS/time.o
 .ARM.attributes
                0x000000000000018a       0x34 ./Core/Peripherals/Uart.o
 .ARM.attributes
                0x00000000000001be       0x34 ./Core/Src/dma.o
 .ARM.attributes
                0x00000000000001f2       0x34 ./Core/Src/gpio.o
 .ARM.attributes
                0x0000000000000226       0x34 ./Core/Src/main.o
 .ARM.attributes
                0x000000000000025a       0x34 ./Core/Src/spi.o
 .ARM.attributes
                0x000000000000028e       0x34 ./Core/Src/stm32f4xx_hal_msp.o
 .ARM.attributes
                0x00000000000002c2       0x34 ./Core/Src/stm32f4xx_it.o
 .ARM.attributes
                0x00000000000002f6       0x34 ./Core/Src/system_stm32f4xx.o
 .ARM.attributes
                0x000000000000032a       0x34 ./Core/Src/usart.o
 .ARM.attributes
                0x000000000000035e       0x21 ./Core/Startup/startup_stm32f405rgtx.o
 .ARM.attributes
                0x000000000000037f       0x34 ./Drivers/STM32F4xx_HAL_Driver/Src/stm32f4xx_hal.o
 .ARM.attributes
                0x00000000000003b3       0x34 ./Drivers/STM32F4xx_HAL_Driver/Src/stm32f4xx_hal_cortex.o
 .ARM.attributes
                0x00000000000003e7       0x34 ./Drivers/STM32F4xx_HAL_Driver/Src/stm32f4xx_hal_dma.o
 .ARM.attributes
                0x000000000000041b       0x34 ./Drivers/STM32F4xx_HAL_Driver/Src/stm32f4xx_hal_gpio.o
 .ARM.attributes
                0x000000000000044f       0x34 ./Drivers/STM32F4xx_HAL_Driver/Src/stm32f4xx_hal_rcc.o
 .ARM.attributes
                0x0000000000000483       0x34 ./Drivers/STM32F4xx_HAL_Driver/Src/stm32f4xx_hal_spi.o
 .ARM.attributes
                0x00000000000004b7       0x34 ./Drivers/STM32F4xx_HAL_Driver/Src/stm32f4xx_hal_uart.o
 .ARM.attributes
                0x00000000000004eb       0x34 c:/st/stm32cubeide_1.7.0/stm32cubeide/plugins/com.st.stm32cube.ide.mcu.externaltools.gnu-tools-for-stm32.9-2020-q2-update.win32_2.0.0.202105311346/tools/bin/../lib/gcc/arm-none-eabi/9.3.1/../../../../arm-none-eabi/lib/thumb/v7e-m+fp/hard\libc_nano.a(lib_a-init.o)
 .ARM.attributes
                0x000000000000051f       0x34 c:/st/stm32cubeide_1.7.0/stm32cubeide/plugins/com.st.stm32cube.ide.mcu.externaltools.gnu-tools-for-stm32.9-2020-q2-update.win32_2.0.0.202105311346/tools/bin/../lib/gcc/arm-none-eabi/9.3.1/../../../../arm-none-eabi/lib/thumb/v7e-m+fp/hard\libc_nano.a(lib_a-memcpy-stub.o)
 .ARM.attributes
                0x0000000000000553       0x34 c:/st/stm32cubeide_1.7.0/stm32cubeide/plugins/com.st.stm32cube.ide.mcu.externaltools.gnu-tools-for-stm32.9-2020-q2-update.win32_2.0.0.202105311346/tools/bin/../lib/gcc/arm-none-eabi/9.3.1/../../../../arm-none-eabi/lib/thumb/v7e-m+fp/hard\libc_nano.a(lib_a-memmove.o)
 .ARM.attributes
                0x0000000000000587       0x34 c:/st/stm32cubeide_1.7.0/stm32cubeide/plugins/com.st.stm32cube.ide.mcu.externaltools.gnu-tools-for-stm32.9-2020-q2-update.win32_2.0.0.202105311346/tools/bin/../lib/gcc/arm-none-eabi/9.3.1/../../../../arm-none-eabi/lib/thumb/v7e-m+fp/hard\libc_nano.a(lib_a-memset.o)
 .ARM.attributes
                0x00000000000005bb       0x1e c:/st/stm32cubeide_1.7.0/stm32cubeide/plugins/com.st.stm32cube.ide.mcu.externaltools.gnu-tools-for-stm32.9-2020-q2-update.win32_2.0.0.202105311346/tools/bin/../lib/gcc/arm-none-eabi/9.3.1/thumb/v7e-m+fp/hard\libgcc.a(_aeabi_uldivmod.o)
 .ARM.attributes
                0x00000000000005d9       0x34 c:/st/stm32cubeide_1.7.0/stm32cubeide/plugins/com.st.stm32cube.ide.mcu.externaltools.gnu-tools-for-stm32.9-2020-q2-update.win32_2.0.0.202105311346/tools/bin/../lib/gcc/arm-none-eabi/9.3.1/thumb/v7e-m+fp/hard\libgcc.a(_udivmoddi4.o)
 .ARM.attributes
                0x000000000000060d       0x1e c:/st/stm32cubeide_1.7.0/stm32cubeide/plugins/com.st.stm32cube.ide.mcu.externaltools.gnu-tools-for-stm32.9-2020-q2-update.win32_2.0.0.202105311346/tools/bin/../lib/gcc/arm-none-eabi/9.3.1/thumb/v7e-m+fp/hard\libgcc.a(_dvmd_tls.o)
 .ARM.attributes
                0x000000000000062b       0x1e c:/st/stm32cubeide_1.7.0/stm32cubeide/plugins/com.st.stm32cube.ide.mcu.externaltools.gnu-tools-for-stm32.9-2020-q2-update.win32_2.0.0.202105311346/tools/bin/../lib/gcc/arm-none-eabi/9.3.1/thumb/v7e-m+fp/hard/crtn.o
OUTPUT(Mark_I.elf elf32-littlearm)
LOAD linker stubs
LOAD c:/st/stm32cubeide_1.7.0/stm32cubeide/plugins/com.st.stm32cube.ide.mcu.externaltools.gnu-tools-for-stm32.9-2020-q2-update.win32_2.0.0.202105311346/tools/bin/../lib/gcc/arm-none-eabi/9.3.1/../../../../arm-none-eabi/lib/thumb/v7e-m+fp/hard\libc.a
LOAD c:/st/stm32cubeide_1.7.0/stm32cubeide/plugins/com.st.stm32cube.ide.mcu.externaltools.gnu-tools-for-stm32.9-2020-q2-update.win32_2.0.0.202105311346/tools/bin/../lib/gcc/arm-none-eabi/9.3.1/../../../../arm-none-eabi/lib/thumb/v7e-m+fp/hard\libm.a
LOAD c:/st/stm32cubeide_1.7.0/stm32cubeide/plugins/com.st.stm32cube.ide.mcu.externaltools.gnu-tools-for-stm32.9-2020-q2-update.win32_2.0.0.202105311346/tools/bin/../lib/gcc/arm-none-eabi/9.3.1/thumb/v7e-m+fp/hard\libgcc.a

.debug_info     0x0000000000000000    0x13b0f
 .debug_info    0x0000000000000000     0x154d ./Core/Data_Logger/Data_logger.o
 .debug_info    0x000000000000154d      0xd44 ./Core/OS/events/events.o
 .debug_info    0x0000000000002291      0xd94 ./Core/OS/events/mask.o
 .debug_info    0x0000000000003025      0xf84 ./Core/OS/scheduler/scheduler.o
 .debug_info    0x0000000000003fa9     0x1291 ./Core/OS/tasks/task.o
 .debug_info    0x000000000000523a      0x243 ./Core/OS/time.o
 .debug_info    0x000000000000547d     0x120b ./Core/Peripherals/Uart.o
 .debug_info    0x0000000000006688      0x5a7 ./Core/Src/dma.o
 .debug_info    0x0000000000006c2f      0x4f5 ./Core/Src/gpio.o
 .debug_info    0x0000000000007124     0x15f8 ./Core/Src/main.o
 .debug_info    0x000000000000871c      0xc91 ./Core/Src/spi.o
 .debug_info    0x00000000000093ad      0x394 ./Core/Src/stm32f4xx_hal_msp.o
 .debug_info    0x0000000000009741     0x137b ./Core/Src/stm32f4xx_it.o
 .debug_info    0x000000000000aabc      0x5a4 ./Core/Src/system_stm32f4xx.o
 .debug_info    0x000000000000b060      0xcc5 ./Core/Src/usart.o
 .debug_info    0x000000000000bd25       0x22 ./Core/Startup/startup_stm32f405rgtx.o
 .debug_info    0x000000000000bd47      0x9a0 ./Drivers/STM32F4xx_HAL_Driver/Src/stm32f4xx_hal.o
 .debug_info    0x000000000000c6e7      0xec5 ./Drivers/STM32F4xx_HAL_Driver/Src/stm32f4xx_hal_cortex.o
 .debug_info    0x000000000000d5ac      0x9f1 ./Drivers/STM32F4xx_HAL_Driver/Src/stm32f4xx_hal_dma.o
 .debug_info    0x000000000000df9d      0x83e ./Drivers/STM32F4xx_HAL_Driver/Src/stm32f4xx_hal_gpio.o
 .debug_info    0x000000000000e7db      0x996 ./Drivers/STM32F4xx_HAL_Driver/Src/stm32f4xx_hal_rcc.o
 .debug_info    0x000000000000f171     0x17c0 ./Drivers/STM32F4xx_HAL_Driver/Src/stm32f4xx_hal_spi.o
 .debug_info    0x0000000000010931     0x31de ./Drivers/STM32F4xx_HAL_Driver/Src/stm32f4xx_hal_uart.o

.debug_abbrev   0x0000000000000000     0x2f03
 .debug_abbrev  0x0000000000000000      0x319 ./Core/Data_Logger/Data_logger.o
 .debug_abbrev  0x0000000000000319      0x24f ./Core/OS/events/events.o
 .debug_abbrev  0x0000000000000568      0x249 ./Core/OS/events/mask.o
 .debug_abbrev  0x00000000000007b1      0x30c ./Core/OS/scheduler/scheduler.o
 .debug_abbrev  0x0000000000000abd      0x244 ./Core/OS/tasks/task.o
 .debug_abbrev  0x0000000000000d01      0x12f ./Core/OS/time.o
 .debug_abbrev  0x0000000000000e30      0x28e ./Core/Peripherals/Uart.o
 .debug_abbrev  0x00000000000010be      0x126 ./Core/Src/dma.o
 .debug_abbrev  0x00000000000011e4      0x14e ./Core/Src/gpio.o
 .debug_abbrev  0x0000000000001332      0x247 ./Core/Src/main.o
 .debug_abbrev  0x0000000000001579      0x1d7 ./Core/Src/spi.o
 .debug_abbrev  0x0000000000001750      0x11d ./Core/Src/stm32f4xx_hal_msp.o
 .debug_abbrev  0x000000000000186d      0x227 ./Core/Src/stm32f4xx_it.o
 .debug_abbrev  0x0000000000001a94      0x145 ./Core/Src/system_stm32f4xx.o
 .debug_abbrev  0x0000000000001bd9      0x1d7 ./Core/Src/usart.o
 .debug_abbrev  0x0000000000001db0       0x12 ./Core/Startup/startup_stm32f405rgtx.o
 .debug_abbrev  0x0000000000001dc2      0x1ed ./Drivers/STM32F4xx_HAL_Driver/Src/stm32f4xx_hal.o
 .debug_abbrev  0x0000000000001faf      0x33c ./Drivers/STM32F4xx_HAL_Driver/Src/stm32f4xx_hal_cortex.o
 .debug_abbrev  0x00000000000022eb      0x259 ./Drivers/STM32F4xx_HAL_Driver/Src/stm32f4xx_hal_dma.o
 .debug_abbrev  0x0000000000002544      0x1f1 ./Drivers/STM32F4xx_HAL_Driver/Src/stm32f4xx_hal_gpio.o
 .debug_abbrev  0x0000000000002735      0x275 ./Drivers/STM32F4xx_HAL_Driver/Src/stm32f4xx_hal_rcc.o
 .debug_abbrev  0x00000000000029aa      0x26e ./Drivers/STM32F4xx_HAL_Driver/Src/stm32f4xx_hal_spi.o
 .debug_abbrev  0x0000000000002c18      0x2eb ./Drivers/STM32F4xx_HAL_Driver/Src/stm32f4xx_hal_uart.o

.debug_aranges  0x0000000000000000      0xb98
 .debug_aranges
                0x0000000000000000       0x70 ./Core/Data_Logger/Data_logger.o
 .debug_aranges
                0x0000000000000070       0x40 ./Core/OS/events/events.o
 .debug_aranges
                0x00000000000000b0       0x70 ./Core/OS/events/mask.o
 .debug_aranges
                0x0000000000000120       0x80 ./Core/OS/scheduler/scheduler.o
 .debug_aranges
                0x00000000000001a0       0x48 ./Core/OS/tasks/task.o
 .debug_aranges
                0x00000000000001e8       0x20 ./Core/OS/time.o
 .debug_aranges
                0x0000000000000208       0x50 ./Core/Peripherals/Uart.o
 .debug_aranges
                0x0000000000000258       0x20 ./Core/Src/dma.o
 .debug_aranges
                0x0000000000000278       0x20 ./Core/Src/gpio.o
 .debug_aranges
                0x0000000000000298       0x30 ./Core/Src/main.o
 .debug_aranges
                0x00000000000002c8       0x30 ./Core/Src/spi.o
 .debug_aranges
                0x00000000000002f8       0x20 ./Core/Src/stm32f4xx_hal_msp.o
 .debug_aranges
                0x0000000000000318       0xb0 ./Core/Src/stm32f4xx_it.o
 .debug_aranges
                0x00000000000003c8       0x28 ./Core/Src/system_stm32f4xx.o
 .debug_aranges
                0x00000000000003f0       0x38 ./Core/Src/usart.o
 .debug_aranges
                0x0000000000000428       0x28 ./Core/Startup/startup_stm32f405rgtx.o
 .debug_aranges
                0x0000000000000450       0xf0 ./Drivers/STM32F4xx_HAL_Driver/Src/stm32f4xx_hal.o
 .debug_aranges
                0x0000000000000540      0x118 ./Drivers/STM32F4xx_HAL_Driver/Src/stm32f4xx_hal_cortex.o
 .debug_aranges
                0x0000000000000658       0x90 ./Drivers/STM32F4xx_HAL_Driver/Src/stm32f4xx_hal_dma.o
 .debug_aranges
                0x00000000000006e8       0x58 ./Drivers/STM32F4xx_HAL_Driver/Src/stm32f4xx_hal_gpio.o
 .debug_aranges
                0x0000000000000740       0x88 ./Drivers/STM32F4xx_HAL_Driver/Src/stm32f4xx_hal_rcc.o
 .debug_aranges
                0x00000000000007c8      0x1d0 ./Drivers/STM32F4xx_HAL_Driver/Src/stm32f4xx_hal_spi.o
 .debug_aranges
                0x0000000000000998      0x200 ./Drivers/STM32F4xx_HAL_Driver/Src/stm32f4xx_hal_uart.o

.debug_ranges   0x0000000000000000      0xa60
 .debug_ranges  0x0000000000000000       0x60 ./Core/Data_Logger/Data_logger.o
 .debug_ranges  0x0000000000000060       0x30 ./Core/OS/events/events.o
 .debug_ranges  0x0000000000000090       0x60 ./Core/OS/events/mask.o
 .debug_ranges  0x00000000000000f0       0x70 ./Core/OS/scheduler/scheduler.o
 .debug_ranges  0x0000000000000160       0x38 ./Core/OS/tasks/task.o
 .debug_ranges  0x0000000000000198       0x10 ./Core/OS/time.o
 .debug_ranges  0x00000000000001a8       0x40 ./Core/Peripherals/Uart.o
 .debug_ranges  0x00000000000001e8       0x10 ./Core/Src/dma.o
 .debug_ranges  0x00000000000001f8       0x10 ./Core/Src/gpio.o
 .debug_ranges  0x0000000000000208       0x20 ./Core/Src/main.o
 .debug_ranges  0x0000000000000228       0x20 ./Core/Src/spi.o
 .debug_ranges  0x0000000000000248       0x10 ./Core/Src/stm32f4xx_hal_msp.o
 .debug_ranges  0x0000000000000258       0xa0 ./Core/Src/stm32f4xx_it.o
 .debug_ranges  0x00000000000002f8       0x18 ./Core/Src/system_stm32f4xx.o
 .debug_ranges  0x0000000000000310       0x28 ./Core/Src/usart.o
 .debug_ranges  0x0000000000000338       0x20 ./Core/Startup/startup_stm32f405rgtx.o
 .debug_ranges  0x0000000000000358       0xe0 ./Drivers/STM32F4xx_HAL_Driver/Src/stm32f4xx_hal.o
 .debug_ranges  0x0000000000000438      0x108 ./Drivers/STM32F4xx_HAL_Driver/Src/stm32f4xx_hal_cortex.o
 .debug_ranges  0x0000000000000540       0x80 ./Drivers/STM32F4xx_HAL_Driver/Src/stm32f4xx_hal_dma.o
 .debug_ranges  0x00000000000005c0       0x48 ./Drivers/STM32F4xx_HAL_Driver/Src/stm32f4xx_hal_gpio.o
 .debug_ranges  0x0000000000000608       0x78 ./Drivers/STM32F4xx_HAL_Driver/Src/stm32f4xx_hal_rcc.o
 .debug_ranges  0x0000000000000680      0x1c0 ./Drivers/STM32F4xx_HAL_Driver/Src/stm32f4xx_hal_spi.o
 .debug_ranges  0x0000000000000840      0x220 ./Drivers/STM32F4xx_HAL_Driver/Src/stm32f4xx_hal_uart.o

.debug_macro    0x0000000000000000    0x20f3c
 .debug_macro   0x0000000000000000      0x3d8 ./Core/Data_Logger/Data_logger.o
 .debug_macro   0x00000000000003d8      0xaa8 ./Core/Data_Logger/Data_logger.o
 .debug_macro   0x0000000000000e80       0x22 ./Core/Data_Logger/Data_logger.o
 .debug_macro   0x0000000000000ea2       0x4c ./Core/Data_Logger/Data_logger.o
 .debug_macro   0x0000000000000eee       0x18 ./Core/Data_Logger/Data_logger.o
 .debug_macro   0x0000000000000f06       0x94 ./Core/Data_Logger/Data_logger.o
 .debug_macro   0x0000000000000f9a       0x3c ./Core/Data_Logger/Data_logger.o
 .debug_macro   0x0000000000000fd6       0x34 ./Core/Data_Logger/Data_logger.o
 .debug_macro   0x000000000000100a       0x16 ./Core/Data_Logger/Data_logger.o
 .debug_macro   0x0000000000001020       0x57 ./Core/Data_Logger/Data_logger.o
 .debug_macro   0x0000000000001077       0x97 ./Core/Data_Logger/Data_logger.o
 .debug_macro   0x000000000000110e      0x339 ./Core/Data_Logger/Data_logger.o
 .debug_macro   0x0000000000001447       0xfd ./Core/Data_Logger/Data_logger.o
 .debug_macro   0x0000000000001544       0x10 ./Core/Data_Logger/Data_logger.o
 .debug_macro   0x0000000000001554       0x16 ./Core/Data_Logger/Data_logger.o
 .debug_macro   0x000000000000156a       0x43 ./Core/Data_Logger/Data_logger.o
 .debug_macro   0x00000000000015ad       0x34 ./Core/Data_Logger/Data_logger.o
 .debug_macro   0x00000000000015e1       0x10 ./Core/Data_Logger/Data_logger.o
 .debug_macro   0x00000000000015f1       0x58 ./Core/Data_Logger/Data_logger.o
 .debug_macro   0x0000000000001649       0x71 ./Core/Data_Logger/Data_logger.o
 .debug_macro   0x00000000000016ba       0x1c ./Core/Data_Logger/Data_logger.o
 .debug_macro   0x00000000000016d6      0x12a ./Core/Data_Logger/Data_logger.o
 .debug_macro   0x0000000000001800       0x10 ./Core/Data_Logger/Data_logger.o
 .debug_macro   0x0000000000001810       0x6a ./Core/Data_Logger/Data_logger.o
 .debug_macro   0x000000000000187a       0x1c ./Core/Data_Logger/Data_logger.o
 .debug_macro   0x0000000000001896       0x52 ./Core/Data_Logger/Data_logger.o
 .debug_macro   0x00000000000018e8       0x22 ./Core/Data_Logger/Data_logger.o
 .debug_macro   0x000000000000190a       0x10 ./Core/Data_Logger/Data_logger.o
 .debug_macro   0x000000000000191a       0x40 ./Core/Data_Logger/Data_logger.o
 .debug_macro   0x000000000000195a       0xd5 ./Core/Data_Logger/Data_logger.o
 .debug_macro   0x0000000000001a2f       0x1c ./Core/Data_Logger/Data_logger.o
 .debug_macro   0x0000000000001a4b       0x3d ./Core/Data_Logger/Data_logger.o
 .debug_macro   0x0000000000001a88       0x16 ./Core/Data_Logger/Data_logger.o
 .debug_macro   0x0000000000001a9e      0x145 ./Core/Data_Logger/Data_logger.o
 .debug_macro   0x0000000000001be3       0x34 ./Core/Data_Logger/Data_logger.o
 .debug_macro   0x0000000000001c17      0x29b ./Core/Data_Logger/Data_logger.o
 .debug_macro   0x0000000000001eb2       0x2e ./Core/Data_Logger/Data_logger.o
 .debug_macro   0x0000000000001ee0       0x2f ./Core/Data_Logger/Data_logger.o
 .debug_macro   0x0000000000001f0f      0x103 ./Core/Data_Logger/Data_logger.o
 .debug_macro   0x0000000000002012      0x1df ./Core/Data_Logger/Data_logger.o
 .debug_macro   0x00000000000021f1       0x1c ./Core/Data_Logger/Data_logger.o
 .debug_macro   0x000000000000220d       0x22 ./Core/Data_Logger/Data_logger.o
 .debug_macro   0x000000000000222f       0xd9 ./Core/Data_Logger/Data_logger.o
 .debug_macro   0x0000000000002308     0x102d ./Core/Data_Logger/Data_logger.o
 .debug_macro   0x0000000000003335      0x11f ./Core/Data_Logger/Data_logger.o
 .debug_macro   0x0000000000003454    0x1426d ./Core/Data_Logger/Data_logger.o
 .debug_macro   0x00000000000176c1       0x6d ./Core/Data_Logger/Data_logger.o
 .debug_macro   0x000000000001772e     0x3666 ./Core/Data_Logger/Data_logger.o
 .debug_macro   0x000000000001ad94       0x56 ./Core/Data_Logger/Data_logger.o
 .debug_macro   0x000000000001adea      0x8a7 ./Core/Data_Logger/Data_logger.o
 .debug_macro   0x000000000001b691      0x9fe ./Core/Data_Logger/Data_logger.o
 .debug_macro   0x000000000001c08f      0x116 ./Core/Data_Logger/Data_logger.o
 .debug_macro   0x000000000001c1a5      0x130 ./Core/Data_Logger/Data_logger.o
 .debug_macro   0x000000000001c2d5       0xa5 ./Core/Data_Logger/Data_logger.o
 .debug_macro   0x000000000001c37a      0x174 ./Core/Data_Logger/Data_logger.o
 .debug_macro   0x000000000001c4ee      0x287 ./Core/Data_Logger/Data_logger.o
 .debug_macro   0x000000000001c775       0x5f ./Core/Data_Logger/Data_logger.o
 .debug_macro   0x000000000001c7d4      0x236 ./Core/Data_Logger/Data_logger.o
 .debug_macro   0x000000000001ca0a      0x12c ./Core/Data_Logger/Data_logger.o
 .debug_macro   0x000000000001cb36      0x21e ./Core/Data_Logger/Data_logger.o
 .debug_macro   0x000000000001cd54       0x2e ./Core/Data_Logger/Data_logger.o
 .debug_macro   0x000000000001cd82      0x11a ./Core/Data_Logger/Data_logger.o
 .debug_macro   0x000000000001ce9c       0x7e ./Core/Data_Logger/Data_logger.o
 .debug_macro   0x000000000001cf1a       0x89 ./Core/Data_Logger/Data_logger.o
 .debug_macro   0x000000000001cfa3      0x225 ./Core/Data_Logger/Data_logger.o
 .debug_macro   0x000000000001d1c8      0x295 ./Core/Data_Logger/Data_logger.o
 .debug_macro   0x000000000001d45d      0x12d ./Core/Data_Logger/Data_logger.o
 .debug_macro   0x000000000001d58a       0x16 ./Core/Data_Logger/Data_logger.o
 .debug_macro   0x000000000001d5a0       0x35 ./Core/Data_Logger/Data_logger.o
 .debug_macro   0x000000000001d5d5       0x20 ./Core/Data_Logger/Data_logger.o
 .debug_macro   0x000000000001d5f5       0x10 ./Core/Data_Logger/Data_logger.o
 .debug_macro   0x000000000001d605       0x16 ./Core/Data_Logger/Data_logger.o
 .debug_macro   0x000000000001d61b      0x3d2 ./Core/OS/events/events.o
 .debug_macro   0x000000000001d9ed       0x8e ./Core/OS/events/events.o
 .debug_macro   0x000000000001da7b       0x51 ./Core/OS/events/events.o
 .debug_macro   0x000000000001dacc       0xdf ./Core/OS/events/events.o
 .debug_macro   0x000000000001dbab      0x174 ./Core/OS/events/events.o
 .debug_macro   0x000000000001dd1f       0x5c ./Core/OS/events/events.o
 .debug_macro   0x000000000001dd7b       0x10 ./Core/OS/events/events.o
 .debug_macro   0x000000000001dd8b       0x52 ./Core/OS/events/events.o
 .debug_macro   0x000000000001dddd      0x333 ./Core/OS/events/events.o
 .debug_macro   0x000000000001e110      0x1c1 ./Core/OS/events/mask.o
 .debug_macro   0x000000000001e2d1      0x391 ./Core/OS/scheduler/scheduler.o
 .debug_macro   0x000000000001e662       0x3a ./Core/OS/scheduler/scheduler.o
 .debug_macro   0x000000000001e69c      0x41b ./Core/OS/tasks/task.o
 .debug_macro   0x000000000001eab7      0x1ce ./Core/OS/time.o
 .debug_macro   0x000000000001ec85      0x35b ./Core/Peripherals/Uart.o
 .debug_macro   0x000000000001efe0      0x1dd ./Core/Src/dma.o
 .debug_macro   0x000000000001f1bd      0x1dd ./Core/Src/gpio.o
 .debug_macro   0x000000000001f39a      0x3ec ./Core/Src/main.o
 .debug_macro   0x000000000001f786      0x1dd ./Core/Src/spi.o
 .debug_macro   0x000000000001f963      0x1d3 ./Core/Src/stm32f4xx_hal_msp.o
 .debug_macro   0x000000000001fb36      0x369 ./Core/Src/stm32f4xx_it.o
 .debug_macro   0x000000000001fe9f      0x1c4 ./Core/Src/system_stm32f4xx.o
 .debug_macro   0x0000000000020063      0x1dd ./Core/Src/usart.o
 .debug_macro   0x0000000000020240      0x224 ./Drivers/STM32F4xx_HAL_Driver/Src/stm32f4xx_hal.o
 .debug_macro   0x0000000000020464      0x1c4 ./Drivers/STM32F4xx_HAL_Driver/Src/stm32f4xx_hal_cortex.o
 .debug_macro   0x0000000000020628      0x1ca ./Drivers/STM32F4xx_HAL_Driver/Src/stm32f4xx_hal_dma.o
 .debug_macro   0x00000000000207f2      0x1ca ./Drivers/STM32F4xx_HAL_Driver/Src/stm32f4xx_hal_gpio.o
 .debug_macro   0x00000000000209bc      0x1e8 ./Drivers/STM32F4xx_HAL_Driver/Src/stm32f4xx_hal_rcc.o
 .debug_macro   0x0000000000020ba4      0x1d3 ./Drivers/STM32F4xx_HAL_Driver/Src/stm32f4xx_hal_spi.o
 .debug_macro   0x0000000000020d77      0x1c5 ./Drivers/STM32F4xx_HAL_Driver/Src/stm32f4xx_hal_uart.o

.debug_line     0x0000000000000000    0x111ae
 .debug_line    0x0000000000000000      0xeee ./Core/Data_Logger/Data_logger.o
 .debug_line    0x0000000000000eee      0xb0f ./Core/OS/events/events.o
 .debug_line    0x00000000000019fd      0x803 ./Core/OS/events/mask.o
 .debug_line    0x0000000000002200      0xd82 ./Core/OS/scheduler/scheduler.o
 .debug_line    0x0000000000002f82      0xbe6 ./Core/OS/tasks/task.o
 .debug_line    0x0000000000003b68      0x6d8 ./Core/OS/time.o
 .debug_line    0x0000000000004240      0xacf ./Core/Peripherals/Uart.o
 .debug_line    0x0000000000004d0f      0x6b3 ./Core/Src/dma.o
 .debug_line    0x00000000000053c2      0x6bb ./Core/Src/gpio.o
 .debug_line    0x0000000000005a7d      0xb3f ./Core/Src/main.o
 .debug_line    0x00000000000065bc      0x770 ./Core/Src/spi.o
 .debug_line    0x0000000000006d2c      0x6ad ./Core/Src/stm32f4xx_hal_msp.o
 .debug_line    0x00000000000073d9      0xadc ./Core/Src/stm32f4xx_it.o
 .debug_line    0x0000000000007eb5      0x72e ./Core/Src/system_stm32f4xx.o
 .debug_line    0x00000000000085e3      0x824 ./Core/Src/usart.o
 .debug_line    0x0000000000008e07       0x88 ./Core/Startup/startup_stm32f405rgtx.o
 .debug_line    0x0000000000008e8f      0x994 ./Drivers/STM32F4xx_HAL_Driver/Src/stm32f4xx_hal.o
 .debug_line    0x0000000000009823      0xc43 ./Drivers/STM32F4xx_HAL_Driver/Src/stm32f4xx_hal_cortex.o
 .debug_line    0x000000000000a466      0xef9 ./Drivers/STM32F4xx_HAL_Driver/Src/stm32f4xx_hal_dma.o
 .debug_line    0x000000000000b35f      0xb0a ./Drivers/STM32F4xx_HAL_Driver/Src/stm32f4xx_hal_gpio.o
 .debug_line    0x000000000000be69      0xd0e ./Drivers/STM32F4xx_HAL_Driver/Src/stm32f4xx_hal_rcc.o
 .debug_line    0x000000000000cb77     0x1c1c ./Drivers/STM32F4xx_HAL_Driver/Src/stm32f4xx_hal_spi.o
 .debug_line    0x000000000000e793     0x2a1b ./Drivers/STM32F4xx_HAL_Driver/Src/stm32f4xx_hal_uart.o

.debug_str      0x0000000000000000    0xbae78
 .debug_str     0x0000000000000000    0xb7a8f ./Core/Data_Logger/Data_logger.o
                                      0xb7e38 (size before relaxing)
 .debug_str     0x00000000000b7a8f      0x2bf ./Core/OS/events/events.o
                                      0xb7575 (size before relaxing)
 .debug_str     0x00000000000b7d4e      0x112 ./Core/OS/events/mask.o
                                       0x79c9 (size before relaxing)
 .debug_str     0x00000000000b7e60      0x3c2 ./Core/OS/scheduler/scheduler.o
                                      0xb7700 (size before relaxing)
 .debug_str     0x00000000000b8222      0x244 ./Core/OS/tasks/task.o
                                      0xb7d18 (size before relaxing)
 .debug_str     0x00000000000b8466       0x40 ./Core/OS/time.o
                                      0xb3035 (size before relaxing)
 .debug_str     0x00000000000b84a6      0x1be ./Core/Peripherals/Uart.o
                                      0xb7874 (size before relaxing)
 .debug_str     0x00000000000b8664      0x5d0 ./Core/Src/dma.o
                                      0xb35f5 (size before relaxing)
 .debug_str     0x00000000000b8c34       0xb0 ./Core/Src/gpio.o
                                      0xb31c8 (size before relaxing)
 .debug_str     0x00000000000b8ce4      0x2ca ./Core/Src/main.o
                                      0xb7bc6 (size before relaxing)
 .debug_str     0x00000000000b8fae       0x65 ./Core/Src/spi.o
                                      0xb3b0c (size before relaxing)
 .debug_str     0x00000000000b9013       0x2c ./Core/Src/stm32f4xx_hal_msp.o
                                      0xb312b (size before relaxing)
 .debug_str     0x00000000000b903f      0x1d2 ./Core/Src/stm32f4xx_it.o
                                      0xb7a16 (size before relaxing)
 .debug_str     0x00000000000b9211       0xaf ./Core/Src/system_stm32f4xx.o
                                      0xb316f (size before relaxing)
 .debug_str     0x00000000000b92c0       0x65 ./Core/Src/usart.o
                                      0xb3b49 (size before relaxing)
 .debug_str     0x00000000000b9325       0x36 ./Core/Startup/startup_stm32f405rgtx.o
                                         0x68 (size before relaxing)
 .debug_str     0x00000000000b935b      0x559 ./Drivers/STM32F4xx_HAL_Driver/Src/stm32f4xx_hal.o
                                      0xb3c30 (size before relaxing)
 .debug_str     0x00000000000b98b4      0x390 ./Drivers/STM32F4xx_HAL_Driver/Src/stm32f4xx_hal_cortex.o
                                      0xb3a1f (size before relaxing)
 .debug_str     0x00000000000b9c44      0x31a ./Drivers/STM32F4xx_HAL_Driver/Src/stm32f4xx_hal_dma.o
                                      0xb3599 (size before relaxing)
 .debug_str     0x00000000000b9f5e      0x15f ./Drivers/STM32F4xx_HAL_Driver/Src/stm32f4xx_hal_gpio.o
                                      0xb3316 (size before relaxing)
 .debug_str     0x00000000000ba0bd      0x259 ./Drivers/STM32F4xx_HAL_Driver/Src/stm32f4xx_hal_rcc.o
                                      0xb3571 (size before relaxing)
 .debug_str     0x00000000000ba316      0x57f ./Drivers/STM32F4xx_HAL_Driver/Src/stm32f4xx_hal_spi.o
                                      0xb3a13 (size before relaxing)
 .debug_str     0x00000000000ba895      0x5e3 ./Drivers/STM32F4xx_HAL_Driver/Src/stm32f4xx_hal_uart.o
                                      0xb3af7 (size before relaxing)

.comment        0x0000000000000000       0x53
 .comment       0x0000000000000000       0x53 ./Core/Data_Logger/Data_logger.o
                                         0x54 (size before relaxing)
 .comment       0x0000000000000053       0x54 ./Core/OS/events/events.o
 .comment       0x0000000000000053       0x54 ./Core/OS/events/mask.o
 .comment       0x0000000000000053       0x54 ./Core/OS/scheduler/scheduler.o
 .comment       0x0000000000000053       0x54 ./Core/OS/tasks/task.o
 .comment       0x0000000000000053       0x54 ./Core/OS/time.o
 .comment       0x0000000000000053       0x54 ./Core/Peripherals/Uart.o
 .comment       0x0000000000000053       0x54 ./Core/Src/dma.o
 .comment       0x0000000000000053       0x54 ./Core/Src/gpio.o
 .comment       0x0000000000000053       0x54 ./Core/Src/main.o
 .comment       0x0000000000000053       0x54 ./Core/Src/spi.o
 .comment       0x0000000000000053       0x54 ./Core/Src/stm32f4xx_hal_msp.o
 .comment       0x0000000000000053       0x54 ./Core/Src/stm32f4xx_it.o
 .comment       0x0000000000000053       0x54 ./Core/Src/system_stm32f4xx.o
 .comment       0x0000000000000053       0x54 ./Core/Src/usart.o
 .comment       0x0000000000000053       0x54 ./Drivers/STM32F4xx_HAL_Driver/Src/stm32f4xx_hal.o
 .comment       0x0000000000000053       0x54 ./Drivers/STM32F4xx_HAL_Driver/Src/stm32f4xx_hal_cortex.o
 .comment       0x0000000000000053       0x54 ./Drivers/STM32F4xx_HAL_Driver/Src/stm32f4xx_hal_dma.o
 .comment       0x0000000000000053       0x54 ./Drivers/STM32F4xx_HAL_Driver/Src/stm32f4xx_hal_gpio.o
 .comment       0x0000000000000053       0x54 ./Drivers/STM32F4xx_HAL_Driver/Src/stm32f4xx_hal_rcc.o
 .comment       0x0000000000000053       0x54 ./Drivers/STM32F4xx_HAL_Driver/Src/stm32f4xx_hal_spi.o
 .comment       0x0000000000000053       0x54 ./Drivers/STM32F4xx_HAL_Driver/Src/stm32f4xx_hal_uart.o

.debug_frame    0x0000000000000000     0x2cb8
 .debug_frame   0x0000000000000000      0x19c ./Core/Data_Logger/Data_logger.o
 .debug_frame   0x000000000000019c       0xc0 ./Core/OS/events/events.o
 .debug_frame   0x000000000000025c      0x1cc ./Core/OS/events/mask.o
 .debug_frame   0x0000000000000428      0x1e4 ./Core/OS/scheduler/scheduler.o
 .debug_frame   0x000000000000060c       0xf0 ./Core/OS/tasks/task.o
 .debug_frame   0x00000000000006fc       0x34 ./Core/OS/time.o
 .debug_frame   0x0000000000000730      0x11c ./Core/Peripherals/Uart.o
 .debug_frame   0x000000000000084c       0x34 ./Core/Src/dma.o
 .debug_frame   0x0000000000000880       0x34 ./Core/Src/gpio.o
 .debug_frame   0x00000000000008b4       0x68 ./Core/Src/main.o
 .debug_frame   0x000000000000091c       0x74 ./Core/Src/spi.o
 .debug_frame   0x0000000000000990       0x38 ./Core/Src/stm32f4xx_hal_msp.o
 .debug_frame   0x00000000000009c8      0x224 ./Core/Src/stm32f4xx_it.o
 .debug_frame   0x0000000000000bec       0x58 ./Core/Src/system_stm32f4xx.o
 .debug_frame   0x0000000000000c44       0x94 ./Core/Src/usart.o
 .debug_frame   0x0000000000000cd8      0x374 ./Drivers/STM32F4xx_HAL_Driver/Src/stm32f4xx_hal.o
 .debug_frame   0x000000000000104c      0x498 ./Drivers/STM32F4xx_HAL_Driver/Src/stm32f4xx_hal_cortex.o
 .debug_frame   0x00000000000014e4      0x250 ./Drivers/STM32F4xx_HAL_Driver/Src/stm32f4xx_hal_dma.o
 .debug_frame   0x0000000000001734      0x14c ./Drivers/STM32F4xx_HAL_Driver/Src/stm32f4xx_hal_gpio.o
 .debug_frame   0x0000000000001880      0x1ec ./Drivers/STM32F4xx_HAL_Driver/Src/stm32f4xx_hal_rcc.o
 .debug_frame   0x0000000000001a6c      0x824 ./Drivers/STM32F4xx_HAL_Driver/Src/stm32f4xx_hal_spi.o
 .debug_frame   0x0000000000002290      0x92c ./Drivers/STM32F4xx_HAL_Driver/Src/stm32f4xx_hal_uart.o
 .debug_frame   0x0000000000002bbc       0x2c c:/st/stm32cubeide_1.7.0/stm32cubeide/plugins/com.st.stm32cube.ide.mcu.externaltools.gnu-tools-for-stm32.9-2020-q2-update.win32_2.0.0.202105311346/tools/bin/../lib/gcc/arm-none-eabi/9.3.1/../../../../arm-none-eabi/lib/thumb/v7e-m+fp/hard\libc_nano.a(lib_a-init.o)
 .debug_frame   0x0000000000002be8       0x28 c:/st/stm32cubeide_1.7.0/stm32cubeide/plugins/com.st.stm32cube.ide.mcu.externaltools.gnu-tools-for-stm32.9-2020-q2-update.win32_2.0.0.202105311346/tools/bin/../lib/gcc/arm-none-eabi/9.3.1/../../../../arm-none-eabi/lib/thumb/v7e-m+fp/hard\libc_nano.a(lib_a-memcpy-stub.o)
 .debug_frame   0x0000000000002c10       0x28 c:/st/stm32cubeide_1.7.0/stm32cubeide/plugins/com.st.stm32cube.ide.mcu.externaltools.gnu-tools-for-stm32.9-2020-q2-update.win32_2.0.0.202105311346/tools/bin/../lib/gcc/arm-none-eabi/9.3.1/../../../../arm-none-eabi/lib/thumb/v7e-m+fp/hard\libc_nano.a(lib_a-memmove.o)
 .debug_frame   0x0000000000002c38       0x20 c:/st/stm32cubeide_1.7.0/stm32cubeide/plugins/com.st.stm32cube.ide.mcu.externaltools.gnu-tools-for-stm32.9-2020-q2-update.win32_2.0.0.202105311346/tools/bin/../lib/gcc/arm-none-eabi/9.3.1/../../../../arm-none-eabi/lib/thumb/v7e-m+fp/hard\libc_nano.a(lib_a-memset.o)
 .debug_frame   0x0000000000002c58       0x2c c:/st/stm32cubeide_1.7.0/stm32cubeide/plugins/com.st.stm32cube.ide.mcu.externaltools.gnu-tools-for-stm32.9-2020-q2-update.win32_2.0.0.202105311346/tools/bin/../lib/gcc/arm-none-eabi/9.3.1/thumb/v7e-m+fp/hard\libgcc.a(_aeabi_uldivmod.o)
 .debug_frame   0x0000000000002c84       0x34 c:/st/stm32cubeide_1.7.0/stm32cubeide/plugins/com.st.stm32cube.ide.mcu.externaltools.gnu-tools-for-stm32.9-2020-q2-update.win32_2.0.0.202105311346/tools/bin/../lib/gcc/arm-none-eabi/9.3.1/thumb/v7e-m+fp/hard\libgcc.a(_udivmoddi4.o)
