Data_logger.c:89:6:DATA_LOGGER_Init	32	static
Data_logger.c:125:6:DATA_LOGGER_Start	4	static
Data_logger.c:132:6:DATA_LOGGER_Stop	4	static
Data_logger.c:140:6:DATA_LOGGER_Main	8	static
Data_logger.c:149:6:DATA_LOGGER_Reception	24	static
Data_logger.c:214:9:DATA_LOGGER_Get_Data_Value	32	static
Data_logger.c:279:9:DATA_LOGGER_Get_Data_Config	24	static
Data_logger.c:305:10:DATA_LOGGER_Get_Data	16	static
Data_logger.c:317:6:push_data_to_uart	104	static
Data_logger.c:334:13:state_machine	24	static
Data_logger.c:448:13:parse_uart	16	static
